Component: ARM Compiler 5.06 update 6 (build 750) Tool: armlink [4d35ed]

==============================================================================

Section Cross References

    startup_stm32l431xx.o(RESET) refers to startup_stm32l431xx.o(STACK) for __initial_sp
    startup_stm32l431xx.o(RESET) refers to startup_stm32l431xx.o(.text) for Reset_Handler
    startup_stm32l431xx.o(RESET) refers to stm32l4xx_it.o(i.NMI_Handler) for NMI_Handler
    startup_stm32l431xx.o(RESET) refers to stm32l4xx_it.o(i.HardFault_Handler) for HardFault_Handler
    startup_stm32l431xx.o(RESET) refers to stm32l4xx_it.o(i.MemManage_Handler) for MemManage_Handler
    startup_stm32l431xx.o(RESET) refers to stm32l4xx_it.o(i.BusFault_Handler) for BusFault_Handler
    startup_stm32l431xx.o(RESET) refers to stm32l4xx_it.o(i.UsageFault_Handler) for UsageFault_Handler
    startup_stm32l431xx.o(RESET) refers to stm32l4xx_it.o(i.SVC_Handler) for SVC_Handler
    startup_stm32l431xx.o(RESET) refers to stm32l4xx_it.o(i.DebugMon_Handler) for DebugMon_Handler
    startup_stm32l431xx.o(RESET) refers to los_dispatch_keil.o(.text) for PendSV_Handler
    startup_stm32l431xx.o(RESET) refers to los_hwi.o(i.SysTick_Handler) for SysTick_Handler
    startup_stm32l431xx.o(RESET) refers to stm32l4xx_it.o(i.DMA1_Channel1_IRQHandler) for DMA1_Channel1_IRQHandler
    startup_stm32l431xx.o(RESET) refers to stm32l4xx_it.o(i.ADC1_IRQHandler) for ADC1_IRQHandler
    startup_stm32l431xx.o(RESET) refers to stm32l4xx_it.o(i.TIM2_IRQHandler) for TIM2_IRQHandler
    startup_stm32l431xx.o(.text) refers to system_stm32l4xx.o(i.SystemInit) for SystemInit
    startup_stm32l431xx.o(.text) refers to entry.o(.ARM.Collect$$$$00000000) for __main
    main.o(i.Create_LOS_Task) refers to los_task.o(i.LOS_TaskCreate) for LOS_TaskCreate
    main.o(i.Create_LOS_Task) refers to printfa.o(i.__0printf) for __2printf
    main.o(i.Delete_LOS_Task) refers to los_task.o(i.LOS_TaskDelete) for LOS_TaskDelete
    main.o(i.Delete_LOS_Task) refers to printfa.o(i.__0printf) for __2printf
    main.o(i.HAL_TIM_PeriodElapsedCallback) refers to main.o(i.Create_LOS_Task) for Create_LOS_Task
    main.o(i.HAL_TIM_PeriodElapsedCallback) refers to main.o(.data) for .data
    main.o(i.HAL_TIM_PeriodElapsedCallback) refers to main.o(i.On_Tim2_Task) for On_Tim2_Task
    main.o(i.Main_Task) refers to _scanf_str.o(.text) for _scanf_string
    main.o(i.Main_Task) refers to printfa.o(i.__0printf) for __2printf
    main.o(i.Main_Task) refers to __0scanf.o(.text) for __0scanf
    main.o(i.Main_Task) refers to strcmp.o(.text) for strcmp
    main.o(i.Main_Task) refers to stm32l4xx_hal_gpio.o(i.HAL_GPIO_WritePin) for HAL_GPIO_WritePin
    main.o(i.Main_Task) refers to stm32l4xx_hal_tim.o(i.HAL_TIM_Base_Start_IT) for HAL_TIM_Base_Start_IT
    main.o(i.Main_Task) refers to stm32l4xx_hal_tim.o(i.HAL_TIM_Base_Stop_IT) for HAL_TIM_Base_Stop_IT
    main.o(i.Main_Task) refers to main.o(i.Delete_LOS_Task) for Delete_LOS_Task
    main.o(i.Main_Task) refers to main.o(i.Create_LOS_Task) for Create_LOS_Task
    main.o(i.Main_Task) refers to main.o(.data) for .data
    main.o(i.Main_Task) refers to tim.o(.bss) for htim2
    main.o(i.Main_Task) refers to main.o(i.On_Flashing_LED_Task) for On_Flashing_LED_Task
    main.o(i.Main_Task) refers to main.o(.conststring) for .conststring
    main.o(i.Main_Task) refers to main.o(i.On_Get_Tempr_Task) for On_Get_Tempr_Task
    main.o(i.Main_Task) refers to main.o(i.On_All_LED_Task) for On_All_LED_Task
    main.o(i.On_All_LED_Task) refers to stm32l4xx_hal_gpio.o(i.HAL_GPIO_WritePin) for HAL_GPIO_WritePin
    main.o(i.On_Flashing_LED_Task) refers to stm32l4xx_hal_gpio.o(i.HAL_GPIO_WritePin) for HAL_GPIO_WritePin
    main.o(i.On_Flashing_LED_Task) refers to los_task.o(i.LOS_TaskDelay) for LOS_TaskDelay
    main.o(i.On_Flashing_LED_Task) refers to printfa.o(i.__0printf) for __2printf
    main.o(i.On_Flashing_LED_Task) refers to main.o(i.Delete_LOS_Task) for Delete_LOS_Task
    main.o(i.On_Flashing_LED_Task) refers to main.o(.data) for .data
    main.o(i.On_Get_Tempr_Task) refers to stm32l4xx_hal_gpio.o(i.HAL_GPIO_WritePin) for HAL_GPIO_WritePin
    main.o(i.On_Get_Tempr_Task) refers to dfltui.o(.text) for __aeabi_ui2d
    main.o(i.On_Get_Tempr_Task) refers to dmul.o(.text) for __aeabi_dmul
    main.o(i.On_Get_Tempr_Task) refers to d2f.o(.text) for __aeabi_d2f
    main.o(i.On_Get_Tempr_Task) refers to f2d.o(.text) for __aeabi_f2d
    main.o(i.On_Get_Tempr_Task) refers to printfa.o(i.__0printf) for __2printf
    main.o(i.On_Get_Tempr_Task) refers to los_task.o(i.LOS_TaskDelay) for LOS_TaskDelay
    main.o(i.On_Get_Tempr_Task) refers to main.o(.data) for .data
    main.o(i.On_Tim2_Task) refers to printfa.o(i.__0printf) for __2printf
    main.o(i.On_Tim2_Task) refers to stm32l4xx_hal_gpio.o(i.HAL_GPIO_WritePin) for HAL_GPIO_WritePin
    main.o(i.On_Tim2_Task) refers to los_task.o(i.LOS_TaskDelay) for LOS_TaskDelay
    main.o(i.On_Tim2_Task) refers to main.o(.data) for .data
[...]
    i.UART_AdvFeatureConfig                  0x080042ae   Section        0  stm32l4xx_hal_uart.o(i.UART_AdvFeatureConfig)
    i.UART_CheckIdleState                    0x08004376   Section        0  stm32l4xx_hal_uart.o(i.UART_CheckIdleState)
    i.UART_SetConfig                         0x080043d4   Section        0  stm32l4xx_hal_uart.o(i.UART_SetConfig)
    i.UART_WaitOnFlagUntilTimeout            0x080045d4   Section        0  stm32l4xx_hal_uart.o(i.UART_WaitOnFlagUntilTimeout)
    i.UsageFault_Handler                     0x0800469a   Section        0  stm32l4xx_it.o(i.UsageFault_Handler)
    i.__0printf                              0x0800469c   Section        0  printfa.o(i.__0printf)
    i.__NVIC_SetPriority                     0x080046bc   Section        0  stm32l4xx_hal_cortex.o(i.__NVIC_SetPriority)
    __NVIC_SetPriority                       0x080046bd   Thumb Code    32  stm32l4xx_hal_cortex.o(i.__NVIC_SetPriority)
    i.__scatterload_copy                     0x080046dc   Section       14  handlers.o(i.__scatterload_copy)
    i.__scatterload_null                     0x080046ea   Section        2  handlers.o(i.__scatterload_null)
    i.__scatterload_zeroinit                 0x080046ec   Section       14  handlers.o(i.__scatterload_zeroinit)
    i._fp_digits                             0x080046fc   Section        0  printfa.o(i._fp_digits)
    _fp_digits                               0x080046fd   Thumb Code   366  printfa.o(i._fp_digits)
    i._printf_core                           0x08004888   Section        0  printfa.o(i._printf_core)
    _printf_core                             0x08004889   Thumb Code  1744  printfa.o(i._printf_core)
    i._printf_post_padding                   0x08004f6a   Section        0  printfa.o(i._printf_post_padding)
    _printf_post_padding                     0x08004f6b   Thumb Code    36  printfa.o(i._printf_post_padding)
    i._printf_pre_padding                    0x08004f8e   Section        0  printfa.o(i._printf_pre_padding)
    _printf_pre_padding                      0x08004f8f   Thumb Code    46  printfa.o(i._printf_pre_padding)
    i.fgetc                                  0x08004fbc   Section        0  usart.o(i.fgetc)
    i.fputc                                  0x08004fe0   Section        0  usart.o(i.fputc)
    i.main                                   0x08004ff8   Section        0  main.o(i.main)
    i.osAlarmHeapInfo                        0x08005078   Section        0  los_heap.o(i.osAlarmHeapInfo)
    i.osAtomicBitsetClearBit                 0x08005092   Section        0  los_slab.o(i.osAtomicBitsetClearBit)
    i.osAtomicBitsetFindClearAndSet          0x080050b0   Section        0  los_slab.o(i.osAtomicBitsetFindClearAndSet)
    i.osAtomicBitsetGetBit                   0x080050f2   Section        0  los_slab.o(i.osAtomicBitsetGetBit)
    i.osAtomicBitsetInit                     0x08005114   Section        0  los_slab.o(i.osAtomicBitsetInit)
    i.osHeapAlloc                            0x08005140   Section        0  los_heap.o(i.osHeapAlloc)
    i.osHeapAllocAlign                       0x08005260   Section        0  los_heap.o(i.osHeapAllocAlign)
    i.osHeapFree                             0x0800529c   Section        0  los_heap.o(i.osHeapFree)
    i.osHeapInit                             0x080053a0   Section        0  los_heap.o(i.osHeapInit)
    i.osHeapPrvGetNext                       0x080053da   Section        0  los_heap.o(i.osHeapPrvGetNext)
    i.osHeapStatisticsGet                    0x080053f0   Section        0  los_heap.o(i.osHeapStatisticsGet)
    i.osIdleTask                             0x08005438   Section        0  los_task.o(i.osIdleTask)
    i.osIdleTaskCreate                       0x0800543c   Section        0  los_task.o(i.osIdleTaskCreate)
    i.osIntNumGet                            0x0800547c   Section        0  los_hwi.o(i.osIntNumGet)
    i.osMemSystemInit                        0x08005484   Section        0  los_memory.o(i.osMemSystemInit)
    i.osMuxInit                              0x08005498   Section        0  los_mux.o(i.osMuxInit)
    i.osPriqueueDequeue                      0x080054f0   Section        0  los_priqueue.o(i.osPriqueueDequeue)
    i.osPriqueueEnqueue                      0x08005528   Section        0  los_priqueue.o(i.osPriqueueEnqueue)
    i.osPriqueueInit                         0x08005558   Section        0  los_priqueue.o(i.osPriqueueInit)
    i.osPriqueueSize                         0x0800558c   Section        0  los_priqueue.o(i.osPriqueueSize)
    i.osPriqueueTop                          0x080055b0   Section        0  los_priqueue.o(i.osPriqueueTop)
    i.osQueueBufferOperate                   0x080055cc   Section        0  los_queue.o(i.osQueueBufferOperate)
    osQueueBufferOperate                     0x080055cd   Thumb Code   168  los_queue.o(i.osQueueBufferOperate)
    i.osQueueInit                            0x0800569c   Section        0  los_queue.o(i.osQueueInit)
    i.osQueueOperate                         0x080056f8   Section        0  los_queue.o(i.osQueueOperate)
    i.osQueueReadParameterCheck              0x08005868   Section        0  los_queue.o(i.osQueueReadParameterCheck)
    osQueueReadParameterCheck                0x08005869   Thumb Code    48  los_queue.o(i.osQueueReadParameterCheck)
    i.osQueueWriteParameterCheck             0x0800589c   Section        0  los_queue.o(i.osQueueWriteParameterCheck)
    osQueueWriteParameterCheck               0x0800589d   Thumb Code    46  los_queue.o(i.osQueueWriteParameterCheck)
    i.osSchedule                             0x080058d0   Section        0  los_hw.o(i.osSchedule)
    i.osSemInit                              0x080058d4   Section        0  los_sem.o(i.osSemInit)
    i.osSlabAllocatorAlloc                   0x08005928   Section        0  los_slab.o(i.osSlabAllocatorAlloc)
    i.osSlabAllocatorFree                    0x08005944   Section        0  los_slab.o(i.osSlabAllocatorFree)
    i.osSlabAllocatorNew                     0x0800597c   Section        0  los_slab.o(i.osSlabAllocatorNew)
    i.osSlabBlockHeadFill                    0x080059c2   Section        0  los_slabmem.o(i.osSlabBlockHeadFill)
    i.osSlabCtrlHdrGet                       0x080059d6   Section        0  los_memory.o(i.osSlabCtrlHdrGet)
    i.osSlabMemAlloc                         0x080059da   Section        0  los_slabmem.o(i.osSlabMemAlloc)
    i.osSlabMemFree                          0x08005a3c   Section        0  los_slabmem.o(i.osSlabMemFree)
    i.osSlabMemInit                          0x08005a9c   Section        0  los_slabmem.o(i.osSlabMemInit)
    i.osSwTmrInit                            0x08005af4   Section        0  los_swtmr.o(i.osSwTmrInit)
    i.osSwTmrStart                           0x08005b74   Section        0  los_swtmr.o(i.osSwTmrStart)
    i.osSwTmrTask                            0x08005d04   Section        0  los_swtmr.o(i.osSwTmrTask)
    i.osSwTmrTaskCreate                      0x08005d40   Section        0  los_swtmr.o(i.osSwTmrTaskCreate)
    i.osSwTmrTimeoutHandle                   0x08005d80   Section        0  los_swtmr.o(i.osSwTmrTimeoutHandle)
    osSwTmrTimeoutHandle                     0x08005d81   Thumb Code    98  los_swtmr.o(i.osSwTmrTimeoutHandle)
    i.osSwtmrDelete                          0x08005de8   Section        0  los_swtmr.o(i.osSwtmrDelete)
    osSwtmrDelete                            0x08005de9   Thumb Code    26  los_swtmr.o(i.osSwtmrDelete)
    i.osSwtmrScan                            0x08005e0c   Section        0  los_swtmr.o(i.osSwtmrScan)
    i.osTaskAdd2TimerList                    0x08005e28   Section        0  los_task.o(i.osTaskAdd2TimerList)
    i.osTaskEntry                            0x08005eac   Section        0  los_task.o(i.osTaskEntry)
    i.osTaskExit                             0x08005ed8   Section        0  los_hw.o(i.osTaskExit)
    i.osTaskInit                             0x08005edc   Section        0  los_task.o(i.osTaskInit)
    i.osTaskMonInit                          0x08005fb0   Section        0  los_task.o(i.osTaskMonInit)
    i.osTaskScan                             0x08005fdc   Section        0  los_task.o(i.osTaskScan)
    i.osTaskSwitchCheck                      0x08006090   Section        0  los_task.o(i.osTaskSwitchCheck)
    i.osTaskWait                             0x080061cc   Section        0  los_task.o(i.osTaskWait)
    i.osTaskWake                             0x08006218   Section        0  los_task.o(i.osTaskWake)
    i.osTickHandler                          0x08006258   Section        0  los_tick.o(i.osTickHandler)
    i.osTickStart                            0x08006280   Section        0  los_hw_tick.o(i.osTickStart)
    i.osTimerListDelete                      0x080062f0   Section        0  los_task.o(i.osTimerListDelete)
    i.osTimesliceCheck                       0x08006324   Section        0  los_timeslice.o(i.osTimesliceCheck)
    i.osTimesliceInit                        0x0800635c   Section        0  los_timeslice.o(i.osTimesliceInit)
    i.osTskStackInit                         0x0800636c   Section        0  los_hw.o(i.osTskStackInit)
    .constdata                               0x080063f0   Section       64  system_stm32l4xx.o(.constdata)
    .constdata                               0x08006430   Section        8  system_stm32l4xx.o(.constdata)
    .constdata                               0x08006438   Section       64  ctype_c.o(.constdata)
    .conststring                             0x08006478   Section       65  main.o(.conststring)
    .data                                    0x20000000   Section       32  main.o(.data)
    .data                                    0x20000020   Section       12  stm32l4xx_hal.o(.data)
    .data                                    0x2000002c   Section        4  system_stm32l4xx.o(.data)
    .data                                    0x20000030   Section        8  los_priqueue.o(.data)
    g_uwPriQueueBitmap                       0x20000030   Data           4  los_priqueue.o(.data)
    .data                                    0x20000038   Section       28  los_swtmr.o(.data)
    m_uwSwtimerRousesTime                    0x20000038   Data           4  los_swtmr.o(.data)
    m_pstRouses                              0x2000003c   Data           4  los_swtmr.o(.data)
    m_pstRousesPrev                          0x20000040   Data           4  los_swtmr.o(.data)
    .data                                    0x20000054   Section       72  los_task.o(.data)
    .data                                    0x2000009c   Section        4  los_tick.o(.data)
    .data                                    0x200000a0   Section       16  los_tick.o(.data)
    .data                                    0x200000b0   Section        4  los_tick.o(.data)
    .data                                    0x200000b4   Section        8  los_timeslice.o(.data)
    .data                                    0x200000bc   Section       12  los_mux.o(.data)
    .data                                    0x200000c8   Section       12  los_queue.o(.data)
    .data                                    0x200000d4   Section       12  los_sem.o(.data)
    .data                                    0x200000e0   Section       16  los_heap.o(.data)
    g_uwAllocCount                           0x200000e0   Data           4  los_heap.o(.data)
    g_uwFreeCount                            0x200000e4   Data           4  los_heap.o(.data)
    g_uwCurHeapUsed                          0x200000e8   Data           4  los_heap.o(.data)
    g_uwMaxHeapUsed                          0x200000ec   Data           4  los_heap.o(.data)
    .data                                    0x200000f0   Section        4  los_memory.o(.data)
    .data                                    0x200000f4   Section        4  los_init.o(.data)
    .data                                    0x200000f8   Section        4  stdin.o(.data)
    .data                                    0x200000fc   Section        4  stdout.o(.data)
    .data                                    0x20000100   Section        3  fgetc_b.o(.data)
    ungetc_sp                                0x20000100   Data           1  fgetc_b.o(.data)
    ungetc_stack                             0x20000101   Data           2  fgetc_b.o(.data)
    .bss                                     0x20000104   Section      172  adc.o(.bss)
    .bss                                     0x200001b0   Section       76  tim.o(.bss)
    .bss                                     0x200001fc   Section      132  usart.o(.bss)
    .bss                                     0x20000280   Section       64  los_swtmr.o(.bss)
    .bss                                     0x200002c0   Section      342  los_task.o(.bss)
    STACK                                    0x20000418   Section     1024  startup_stm32l431xx.o(STACK)

    Global Symbols

    Symbol Name                              Value     Ov Type        Size  Object(Section)

    BuildAttributes$$THM_ISAv4$E$P$D$K$B$S$7EM$VFPi3$EXTD16$VFPS$VFMA$PE$A:L22UL41UL21$X:L11$S22US41US21$IEEE1$IW$USESV6$~STKCKD$USESV7$~SHL$OTIME$ROPI$EBA8$MICROLIB$REQ8$PRES8$EABIv2 0x00000000   Number         0  anon$$obj.o ABSOLUTE
    __ARM_use_no_argv                        0x00000000   Number         0  main.o ABSOLUTE
    _printf_a                                0x00000000   Number         0  stubs.o ABSOLUTE
    _printf_c                                0x00000000   Number         0  stubs.o ABSOLUTE
    _printf_charcount                        0x00000000   Number         0  stubs.o ABSOLUTE
    _printf_d                                0x00000000   Number         0  stubs.o ABSOLUTE
    _printf_e                                0x00000000   Number         0  stubs.o ABSOLUTE
    _printf_f                                0x00000000   Number         0  stubs.o ABSOLUTE
    _printf_flags                            0x00000000   Number         0  stubs.o ABSOLUTE
    _printf_fp_dec                           0x00000000   Number         0  stubs.o ABSOLUTE
    _printf_fp_hex                           0x00000000   Number         0  stubs.o ABSOLUTE
    _printf_g                                0x00000000   Number         0  stubs.o ABSOLUTE
    _printf_i                                0x00000000   Number         0  stubs.o ABSOLUTE
    _printf_int_dec                          0x00000000   Number         0  stubs.o ABSOLUTE
    _printf_l                                0x00000000   Number         0  stubs.o ABSOLUTE
    _printf_lc                               0x00000000   Number         0  stubs.o ABSOLUTE
    _printf_ll                               0x00000000   Number         0  stubs.o ABSOLUTE
    _printf_lld                              0x00000000   Number         0  stubs.o ABSOLUTE
    _printf_lli                              0x00000000   Number         0  stubs.o ABSOLUTE
    _printf_llo                              0x00000000   Number         0  stubs.o ABSOLUTE
    _printf_llu                              0x00000000   Number         0  stubs.o ABSOLUTE
    _printf_llx                              0x00000000   Number         0  stubs.o ABSOLUTE
    _printf_longlong_dec                     0x00000000   Number         0  stubs.o ABSOLUTE
    _printf_longlong_hex                     0x00000000   Number         0  stubs.o ABSOLUTE
    _printf_longlong_oct                     0x00000000   Number         0  stubs.o ABSOLUTE
    _printf_ls                               0x00000000   Number         0  stubs.o ABSOLUTE
    _printf_mbtowc                           0x00000000   Number         0  stubs.o ABSOLUTE
    _printf_n                                0x00000000   Number         0  stubs.o ABSOLUTE
    _printf_o                                0x00000000   Number         0  stubs.o ABSOLUTE
    _printf_p                                0x00000000   Number         0  stubs.o ABSOLUTE
    _printf_percent                          0x00000000   Number         0  stubs.o ABSOLUTE
    _printf_pre_padding                      0x00000000   Number         0  stubs.o ABSOLUTE
    _printf_return_value                     0x00000000   Number         0  stubs.o ABSOLUTE
    _printf_s                                0x00000000   Number         0  stubs.o ABSOLUTE
    _printf_sizespec                         0x00000000   Number         0  stubs.o ABSOLUTE
    _printf_str                              0x00000000   Number         0  stubs.o ABSOLUTE
    _printf_truncate_signed                  0x00000000   Number         0  stubs.o ABSOLUTE
    _printf_truncate_unsigned                0x00000000   Number         0  stubs.o ABSOLUTE
    _printf_u                                0x00000000   Number         0  stubs.o ABSOLUTE
    _printf_wc                               0x00000000   Number         0  stubs.o ABSOLUTE
    _printf_wctomb                           0x00000000   Number         0  stubs.o ABSOLUTE
    _printf_widthprec                        0x00000000   Number         0  stubs.o ABSOLUTE
    _printf_x                                0x00000000   Number         0  stubs.o ABSOLUTE
    __cpp_initialize__aeabi_                  - Undefined Weak Reference
    __cxa_finalize                            - Undefined Weak Reference
    __decompress                              - Undefined Weak Reference
    _clock_init                               - Undefined Weak Reference
    _microlib_exit                            - Undefined Weak Reference
    _scanf_int                                - Undefined Weak Reference
    _scanf_longlong                           - Undefined Weak Reference
    _scanf_real                               - Undefined Weak Reference
    __Vectors_Size                           0x0000018c   Number         0  startup_stm32l431xx.o ABSOLUTE
    __Vectors                                0x08000000   Data           4  startup_stm32l431xx.o(RESET)
    __Vectors_End                            0x0800018c   Data           0  startup_stm32l431xx.o(RESET)
    __main                                   0x0800018d   Thumb Code     0  entry.o(.ARM.Collect$$$$00000000)
    _main_stk                                0x0800018d   Thumb Code     0  entry2.o(.ARM.Collect$$$$00000001)
    _main_scatterload                        0x08000191   Thumb Code     0  entry5.o(.ARM.Collect$$$$00000004)
    __main_after_scatterload                 0x08000195   Thumb Code     0  entry5.o(.ARM.Collect$$$$00000004)
    _main_clock                              0x08000195   Thumb Code     0  entry7b.o(.ARM.Collect$$$$00000008)
    _main_cpp_init                           0x08000195   Thumb Code     0  entry8b.o(.ARM.Collect$$$$0000000A)
    _main_init                               0x08000195   Thumb Code     0  entry9a.o(.ARM.Collect$$$$0000000B)
    __rt_final_cpp                           0x0800019d   Thumb Code     0  entry10a.o(.ARM.Collect$$$$0000000D)
    __rt_final_exit                          0x0800019d   Thumb Code     0  entry11a.o(.ARM.Collect$$$$0000000F)
    Reset_Handler                            0x080001a1   Thumb Code     8  startup_stm32l431xx.o(.text)
    CAN1_RX0_IRQHandler                      0x080001bb   Thumb Code     0  startup_stm32l431xx.o(.text)
    CAN1_RX1_IRQHandler                      0x080001bb   Thumb Code     0  startup_stm32l431xx.o(.text)
    CAN1_SCE_IRQHandler                      0x080001bb   Thumb Code     0  startup_stm32l431xx.o(.text)
    CAN1_TX_IRQHandler                       0x080001bb   Thumb Code     0  startup_stm32l431xx.o(.text)
    COMP_IRQHandler                          0x080001bb   Thumb Code     0  startup_stm32l431xx.o(.text)
    CRS_IRQHandler                           0x080001bb   Thumb Code     0  startup_stm32l431xx.o(.text)
    DMA1_Channel2_IRQHandler                 0x080001bb   Thumb Code     0  startup_stm32l431xx.o(.text)
    DMA1_Channel3_IRQHandler                 0x080001bb   Thumb Code     0  startup_stm32l431xx.o(.text)
    DMA1_Channel4_IRQHandler                 0x080001bb   Thumb Code     0  startup_stm32l431xx.o(.text)
    DMA1_Channel5_IRQHandler                 0x080001bb   Thumb Code     0  startup_stm32l431xx.o(.text)
    DMA1_Channel6_IRQHandler                 0x080001bb   Thumb Code     0  startup_stm32l431xx.o(.text)
    DMA1_Channel7_IRQHandler                 0x080001bb   Thumb Code     0  startup_stm32l431xx.o(.text)
    DMA2_Channel1_IRQHandler                 0x080001bb   Thumb Code     0  startup_stm32l431xx.o(.text)
    DMA2_Channel2_IRQHandler                 0x080001bb   Thumb Code     0  startup_stm32l431xx.o(.text)
    DMA2_Channel3_IRQHandler                 0x080001bb   Thumb Code     0  startup_stm32l431xx.o(.text)
    DMA2_Channel4_IRQHandler                 0x080001bb   Thumb Code     0  startup_stm32l431xx.o(.text)
    DMA2_Channel5_IRQHandler                 0x080001bb   Thumb Code     0  startup_stm32l431xx.o(.text)
    DMA2_Channel6_IRQHandler                 0x080001bb   Thumb Code     0  startup_stm32l431xx.o(.text)
    DMA2_Channel7_IRQHandler                 0x080001bb   Thumb Code     0  startup_stm32l431xx.o(.text)
    EXTI0_IRQHandler                         0x080001bb   Thumb Code     0  startup_stm32l431xx.o(.text)
    EXTI15_10_IRQHandler                     0x080001bb   Thumb Code     0  startup_stm32l431xx.o(.text)
    EXTI1_IRQHandler                         0x080001bb   Thumb Code     0  startup_stm32l431xx.o(.text)
    EXTI2_IRQHandler                         0x080001bb   Thumb Code     0  startup_stm32l431xx.o(.text)
    EXTI3_IRQHandler                         0x080001bb   Thumb Code     0  startup_stm32l431xx.o(.text)
    EXTI4_IRQHandler                         0x080001bb   Thumb Code     0  startup_stm32l431xx.o(.text)
    EXTI9_5_IRQHandler                       0x080001bb   Thumb Code     0  startup_stm32l431xx.o(.text)
    FLASH_IRQHandler                         0x080001bb   Thumb Code     0  startup_stm32l431xx.o(.text)
    FPU_IRQHandler                           0x080001bb   Thumb Code     0  startup_stm32l431xx.o(.text)
    I2C1_ER_IRQHandler                       0x080001bb   Thumb Code     0  startup_stm32l431xx.o(.text)
    I2C1_EV_IRQHandler                       0x080001bb   Thumb Code     0  startup_stm32l431xx.o(.text)
    I2C2_ER_IRQHandler                       0x080001bb   Thumb Code     0  startup_stm32l431xx.o(.text)
    I2C2_EV_IRQHandler                       0x080001bb   Thumb Code     0  startup_stm32l431xx.o(.text)
    I2C3_ER_IRQHandler                       0x080001bb   Thumb Code     0  startup_stm32l431xx.o(.text)
    I2C3_EV_IRQHandler                       0x080001bb   Thumb Code     0  startup_stm32l431xx.o(.text)
    LPTIM1_IRQHandler                        0x080001bb   Thumb Code     0  startup_stm32l431xx.o(.text)
    LPTIM2_IRQHandler                        0x080001bb   Thumb Code     0  startup_stm32l431xx.o(.text)
    LPUART1_IRQHandler                       0x080001bb   Thumb Code     0  startup_stm32l431xx.o(.text)
    PVD_PVM_IRQHandler                       0x080001bb   Thumb Code     0  startup_stm32l431xx.o(.text)
    QUADSPI_IRQHandler                       0x080001bb   Thumb Code     0  startup_stm32l431xx.o(.text)
    RCC_IRQHandler                           0x080001bb   Thumb Code     0  startup_stm32l431xx.o(.text)
    RNG_IRQHandler                           0x080001bb   Thumb Code     0  startup_stm32l431xx.o(.text)
    RTC_Alarm_IRQHandler                     0x080001bb   Thumb Code     0  startup_stm32l431xx.o(.text)
    RTC_WKUP_IRQHandler                      0x080001bb   Thumb Code     0  startup_stm32l431xx.o(.text)
    SAI1_IRQHandler                          0x080001bb   Thumb Code     0  startup_stm32l431xx.o(.text)
    SDMMC1_IRQHandler                        0x080001bb   Thumb Code     0  startup_stm32l431xx.o(.text)
    SPI1_IRQHandler                          0x080001bb   Thumb Code     0  startup_stm32l431xx.o(.text)
    SPI2_IRQHandler                          0x080001bb   Thumb Code     0  startup_stm32l431xx.o(.text)
    SPI3_IRQHandler                          0x080001bb   Thumb Code     0  startup_stm32l431xx.o(.text)
    SWPMI1_IRQHandler                        0x080001bb   Thumb Code     0  startup_stm32l431xx.o(.text)
    TAMP_STAMP_IRQHandler                    0x080001bb   Thumb Code     0  startup_stm32l431xx.o(.text)
    TIM1_BRK_TIM15_IRQHandler                0x080001bb   Thumb Code     0  startup_stm32l431xx.o(.text)
    TIM1_CC_IRQHandler                       0x080001bb   Thumb Code     0  startup_stm32l431xx.o(.text)
    TIM1_TRG_COM_IRQHandler                  0x080001bb   Thumb Code     0  startup_stm32l431xx.o(.text)
    TIM1_UP_TIM16_IRQHandler                 0x080001bb   Thumb Code     0  startup_stm32l431xx.o(.text)
    TIM6_DAC_IRQHandler                      0x080001bb   Thumb Code     0  startup_stm32l431xx.o(.text)
    TIM7_IRQHandler                          0x080001bb   Thumb Code     0  startup_stm32l431xx.o(.text)
    TSC_IRQHandler                           0x080001bb   Thumb Code     0  startup_stm32l431xx.o(.text)
    USART1_IRQHandler                        0x080001bb   Thumb Code     0  startup_stm32l431xx.o(.text)
    USART2_IRQHandler                        0x080001bb   Thumb Code     0  startup_stm32l431xx.o(.text)
    USART3_IRQHandler                        0x080001bb   Thumb Code     0  startup_stm32l431xx.o(.text)
    WWDG_IRQHandler                          0x080001bb   Thumb Code     0  startup_stm32l431xx.o(.text)
    LOS_StartToRun                           0x080001c5   Thumb Code     0  los_dispatch_keil.o(.text)
    LOS_IntLock                              0x08000211   Thumb Code     0  los_dispatch_keil.o(.text)
    LOS_IntUnLock                            0x08000219   Thumb Code     0  los_dispatch_keil.o(.text)
    LOS_IntRestore                           0x08000221   Thumb Code     0  los_dispatch_keil.o(.text)
    osTaskSchedule                           0x08000227   Thumb Code     0  los_dispatch_keil.o(.text)
    PendSV_Handler                           0x08000231   Thumb Code     0  los_dispatch_keil.o(.text)
    __aeabi_uldivmod                         0x080002c7   Thumb Code    98  uldiv.o(.text)
    __aeabi_memcpy                           0x0800032f   Thumb Code    36  memcpya.o(.text)
    __aeabi_memcpy4                          0x0800032f   Thumb Code     0  memcpya.o(.text)
    __aeabi_memcpy8                          0x0800032f   Thumb Code     0  memcpya.o(.text)
    __aeabi_memset                           0x08000353   Thumb Code    14  memseta.o(.text)
    __aeabi_memset4                          0x08000353   Thumb Code     0  memseta.o(.text)
    __aeabi_memset8                          0x08000353   Thumb Code     0  memseta.o(.text)
    __aeabi_memclr                           0x08000361   Thumb Code     4  memseta.o(.text)
    __aeabi_memclr4                          0x08000361   Thumb Code     0  memseta.o(.text)
    __aeabi_memclr8                          0x08000361   Thumb Code     0  memseta.o(.text)
    _memset$wrapper                          0x08000365   Thumb Code    18  memseta.o(.text)
    strcmp                                   0x08000377   Thumb Code    28  strcmp.o(.text)
    __0scanf                                 0x08000395   Thumb Code    26  __0scanf.o(.text)
    _scanf_string                            0x080003b5   Thumb Code   224  _scanf_str.o(.text)
    __aeabi_dmul                             0x0800049b   Thumb Code   228  dmul.o(.text)
    __aeabi_ddiv                             0x08000585   Thumb Code   222  ddiv.o(.text)
    __aeabi_ui2d                             0x08000663   Thumb Code    26  dfltui.o(.text)
    __aeabi_d2ulz                            0x0800067d   Thumb Code    48  dfixul.o(.text)
    __aeabi_f2d                              0x080006ad   Thumb Code    38  f2d.o(.text)
    __aeabi_d2f                              0x080006d3   Thumb Code    56  d2f.o(.text)
    __aeabi_uidiv                            0x0800070b   Thumb Code     0  uidiv.o(.text)
    __aeabi_uidivmod                         0x0800070b   Thumb Code    44  uidiv.o(.text)
    __aeabi_llsl                             0x08000737   Thumb Code    30  llshl.o(.text)
    _ll_shift_l                              0x08000737   Thumb Code     0  llshl.o(.text)
    __aeabi_llsr                             0x08000755   Thumb Code    32  llushr.o(.text)
    _ll_ushift_r                             0x08000755   Thumb Code     0  llushr.o(.text)
    __vfscanf_char_file                      0x08000775   Thumb Code    12  scanf_char_file.o(.text)
    __I$use$fp                               0x08000789   Thumb Code     0  iusefp.o(.text)
    _float_round                             0x08000789   Thumb Code    18  fepilogue.o(.text)
    _float_epilogue                          0x0800079b   Thumb Code    92  fepilogue.o(.text)
    _double_round                            0x080007f7   Thumb Code    30  depilogue.o(.text)
    _double_epilogue                         0x08000815   Thumb Code   156  depilogue.o(.text)
    __aeabi_dadd                             0x080008b1   Thumb Code   322  dadd.o(.text)
    __aeabi_dsub                             0x080009f3   Thumb Code     6  dadd.o(.text)
    __aeabi_drsub                            0x080009f9   Thumb Code     6  dadd.o(.text)
    __aeabi_cdrcmple                         0x08000a11   Thumb Code    48  cdrcmple.o(.text)
    __scatterload                            0x08000a41   Thumb Code    28  init.o(.text)
    __scatterload_rt2                        0x08000a41   Thumb Code     0  init.o(.text)
    _fgetc$bs                                0x08000a65   Thumb Code    28  fgetc_b.o(.text)
    __backspace                              0x08000a81   Thumb Code    10  fgetc_b.o(.text)
    __aeabi_lasr                             0x08000a91   Thumb Code    36  llsshr.o(.text)
    _ll_sshift_r                             0x08000a91   Thumb Code     0  llsshr.o(.text)
    __vfscanf_char                           0x08000ac1   Thumb Code    20  scanf_char.o(.text)
    __semihosting_library_function           0x08000add   Thumb Code     0  semi.o(.text)
    isspace                                  0x08000add   Thumb Code    10  isspace_c.o(.text)
    __vfscanf                                0x08000ae9   Thumb Code   808  _scanf.o(.text)
    __I$use$semihosting$fgetc                0x08000e1b   Thumb Code     0  iusesemig.o(.text)
    __ctype_lookup                           0x08000e1d   Thumb Code    34  ctype_c.o(.text)
    ADC1_IRQHandler                          0x08000e45   Thumb Code     6  stm32l4xx_it.o(i.ADC1_IRQHandler)
    ADC_DMAConvCplt                          0x08000e51   Thumb Code   104  stm32l4xx_hal_adc.o(i.ADC_DMAConvCplt)
    ADC_DMAError                             0x08000eb9   Thumb Code    26  stm32l4xx_hal_adc.o(i.ADC_DMAError)
    ADC_DMAHalfConvCplt                      0x08000ed3   Thumb Code    10  stm32l4xx_hal_adc.o(i.ADC_DMAHalfConvCplt)
    ADC_Enable                               0x08000edd   Thumb Code   154  stm32l4xx_hal_adc.o(i.ADC_Enable)
    BusFault_Handler                         0x08000f89   Thumb Code     2  stm32l4xx_it.o(i.BusFault_Handler)
    Create_LOS_Task                          0x08000f8d   Thumb Code    58  main.o(i.Create_LOS_Task)
    DMA1_Channel1_IRQHandler                 0x08001009   Thumb Code     6  stm32l4xx_it.o(i.DMA1_Channel1_IRQHandler)
    DebugMon_Handler                         0x08001043   Thumb Code     2  stm32l4xx_it.o(i.DebugMon_Handler)
    Delete_LOS_Task                          0x08001045   Thumb Code    28  main.o(i.Delete_LOS_Task)
    Error_Handler                            0x080010a1   Thumb Code     4  main.o(i.Error_Handler)
    HAL_ADCEx_EndOfSamplingCallback          0x080010a5   Thumb Code     2  stm32l4xx_hal_adc_ex.o(i.HAL_ADCEx_EndOfSamplingCallback)
    HAL_ADCEx_InjectedConvCpltCallback       0x080010a7   Thumb Code     2  stm32l4xx_hal_adc_ex.o(i.HAL_ADCEx_InjectedConvCpltCallback)
    HAL_ADCEx_InjectedQueueOverflowCallback  0x080010a9   Thumb Code     2  stm32l4xx_hal_adc_ex.o(i.HAL_ADCEx_InjectedQueueOverflowCallback)
    HAL_ADCEx_LevelOutOfWindow2Callback      0x080010ab   Thumb Code     2  stm32l4xx_hal_adc_ex.o(i.HAL_ADCEx_LevelOutOfWindow2Callback)
    HAL_ADCEx_LevelOutOfWindow3Callback      0x080010ad   Thumb Code     2  stm32l4xx_hal_adc_ex.o(i.HAL_ADCEx_LevelOutOfWindow3Callback)
    HAL_ADC_ConfigChannel                    0x080010b1   Thumb Code   960  stm32l4xx_hal_adc.o(i.HAL_ADC_ConfigChannel)
    HAL_ADC_ConvCpltCallback                 0x080014a3   Thumb Code     2  stm32l4xx_hal_adc.o(i.HAL_ADC_ConvCpltCallback)
    HAL_ADC_ConvHalfCpltCallback             0x080014a5   Thumb Code     2  stm32l4xx_hal_adc.o(i.HAL_ADC_ConvHalfCpltCallback)
    HAL_ADC_ErrorCallback                    0x080014a7   Thumb Code     2  stm32l4xx_hal_adc.o(i.HAL_ADC_ErrorCallback)
    HAL_ADC_IRQHandler                       0x080014a9   Thumb Code   514  stm32l4xx_hal_adc.o(i.HAL_ADC_IRQHandler)
    HAL_ADC_Init                             0x080016ad   Thumb Code   400  stm32l4xx_hal_adc.o(i.HAL_ADC_Init)
    HAL_ADC_LevelOutOfWindowCallback         0x0800185d   Thumb Code     2  stm32l4xx_hal_adc.o(i.HAL_ADC_LevelOutOfWindowCallback)
    HAL_ADC_MspInit                          0x08001861   Thumb Code   198  adc.o(i.HAL_ADC_MspInit)
    HAL_ADC_Start_DMA                        0x0800193d   Thumb Code   162  stm32l4xx_hal_adc.o(i.HAL_ADC_Start_DMA)
    HAL_DMA_IRQHandler                       0x080019f1   Thumb Code   186  stm32l4xx_hal_dma.o(i.HAL_DMA_IRQHandler)
    HAL_DMA_Init                             0x08001aad   Thumb Code   178  stm32l4xx_hal_dma.o(i.HAL_DMA_Init)
    HAL_DMA_Start_IT                         0x08001b6d   Thumb Code   112  stm32l4xx_hal_dma.o(i.HAL_DMA_Start_IT)
    HAL_GPIO_Init                            0x08001bdd   Thumb Code   434  stm32l4xx_hal_gpio.o(i.HAL_GPIO_Init)
    HAL_GPIO_WritePin                        0x08001db3   Thumb Code    10  stm32l4xx_hal_gpio.o(i.HAL_GPIO_WritePin)
    HAL_GetTick                              0x08001dbd   Thumb Code     6  stm32l4xx_hal.o(i.HAL_GetTick)
    HAL_Init                                 0x08001dc9   Thumb Code    30  stm32l4xx_hal.o(i.HAL_Init)
    HAL_InitTick                             0x08001de9   Thumb Code    58  stm32l4xx_hal.o(i.HAL_InitTick)
    HAL_MspInit                              0x08001e2d   Thumb Code    38  stm32l4xx_hal_msp.o(i.HAL_MspInit)
    HAL_NVIC_EnableIRQ                       0x08001e59   Thumb Code    26  stm32l4xx_hal_cortex.o(i.HAL_NVIC_EnableIRQ)
    HAL_NVIC_SetPriority                     0x08001e75   Thumb Code    60  stm32l4xx_hal_cortex.o(i.HAL_NVIC_SetPriority)
    HAL_NVIC_SetPriorityGrouping             0x08001eb5   Thumb Code    26  stm32l4xx_hal_cortex.o(i.HAL_NVIC_SetPriorityGrouping)
    HAL_PWREx_ControlVoltageScaling          0x08001ed9   Thumb Code    90  stm32l4xx_hal_pwr_ex.o(i.HAL_PWREx_ControlVoltageScaling)
    HAL_PWREx_GetVoltageRange                0x08001f41   Thumb Code    10  stm32l4xx_hal_pwr_ex.o(i.HAL_PWREx_GetVoltageRange)
    HAL_RCCEx_PeriphCLKConfig                0x08001f51   Thumb Code   682  stm32l4xx_hal_rcc_ex.o(i.HAL_RCCEx_PeriphCLKConfig)
    HAL_RCC_ClockConfig                      0x0800220d   Thumb Code   304  stm32l4xx_hal_rcc.o(i.HAL_RCC_ClockConfig)
    HAL_RCC_GetPCLK1Freq                     0x08002351   Thumb Code    24  stm32l4xx_hal_rcc.o(i.HAL_RCC_GetPCLK1Freq)
    HAL_RCC_GetPCLK2Freq                     0x08002375   Thumb Code    24  stm32l4xx_hal_rcc.o(i.HAL_RCC_GetPCLK2Freq)
    HAL_RCC_GetSysClockFreq                  0x08002399   Thumb Code   150  stm32l4xx_hal_rcc.o(i.HAL_RCC_GetSysClockFreq)
    HAL_RCC_OscConfig                        0x0800243d   Thumb Code  1366  stm32l4xx_hal_rcc.o(i.HAL_RCC_OscConfig)
    HAL_SYSTICK_Config                       0x0800299d   Thumb Code    40  stm32l4xx_hal_cortex.o(i.HAL_SYSTICK_Config)
    HAL_TIMEx_Break2Callback                 0x080029c5   Thumb Code     2  stm32l4xx_hal_tim_ex.o(i.HAL_TIMEx_Break2Callback)
    HAL_TIMEx_BreakCallback                  0x080029c7   Thumb Code     2  stm32l4xx_hal_tim_ex.o(i.HAL_TIMEx_BreakCallback)
    HAL_TIMEx_CommutCallback                 0x080029c9   Thumb Code     2  stm32l4xx_hal_tim_ex.o(i.HAL_TIMEx_CommutCallback)
    HAL_TIMEx_MasterConfigSynchronization    0x080029cd   Thumb Code    98  stm32l4xx_hal_tim_ex.o(i.HAL_TIMEx_MasterConfigSynchronization)
    HAL_TIM_Base_Init                        0x08002a39   Thumb Code    98  stm32l4xx_hal_tim.o(i.HAL_TIM_Base_Init)
    HAL_TIM_Base_MspInit                     0x08002a9d   Thumb Code    50  tim.o(i.HAL_TIM_Base_MspInit)
    HAL_TIM_Base_Start_IT                    0x08002ad5   Thumb Code    76  stm32l4xx_hal_tim.o(i.HAL_TIM_Base_Start_IT)
    HAL_TIM_Base_Stop_IT                     0x08002b2d   Thumb Code    48  stm32l4xx_hal_tim.o(i.HAL_TIM_Base_Stop_IT)
    HAL_TIM_ConfigClockSource                0x08002b5d   Thumb Code   220  stm32l4xx_hal_tim.o(i.HAL_TIM_ConfigClockSource)
    HAL_TIM_IC_CaptureCallback               0x08002c3d   Thumb Code     2  stm32l4xx_hal_tim.o(i.HAL_TIM_IC_CaptureCallback)
    HAL_TIM_IRQHandler                       0x08002c3f   Thumb Code   388  stm32l4xx_hal_tim.o(i.HAL_TIM_IRQHandler)
    HAL_TIM_OC_DelayElapsedCallback          0x08002dc3   Thumb Code     2  stm32l4xx_hal_tim.o(i.HAL_TIM_OC_DelayElapsedCallback)
    HAL_TIM_PWM_PulseFinishedCallback        0x08002dc5   Thumb Code     2  stm32l4xx_hal_tim.o(i.HAL_TIM_PWM_PulseFinishedCallback)
    HAL_TIM_PeriodElapsedCallback            0x08002dc9   Thumb Code    26  main.o(i.HAL_TIM_PeriodElapsedCallback)
    HAL_TIM_TriggerCallback                  0x08002dfd   Thumb Code     2  stm32l4xx_hal_tim.o(i.HAL_TIM_TriggerCallback)
    HAL_UART_Init                            0x08002dff   Thumb Code   102  stm32l4xx_hal_uart.o(i.HAL_UART_Init)
    HAL_UART_MspInit                         0x08002e65   Thumb Code   112  usart.o(i.HAL_UART_MspInit)
    HAL_UART_Receive                         0x08002edd   Thumb Code   248  stm32l4xx_hal_uart.o(i.HAL_UART_Receive)
    HAL_UART_Transmit                        0x08002fdd   Thumb Code   182  stm32l4xx_hal_uart.o(i.HAL_UART_Transmit)
    HardFault_Handler                        0x08003093   Thumb Code     2  stm32l4xx_it.o(i.HardFault_Handler)
    LOS_Align                                0x080030ef   Thumb Code    20  los_misc.o(i.LOS_Align)
    LOS_KernelInit                           0x08003105   Thumb Code   130  los_init.o(i.LOS_KernelInit)
    LOS_MemAlloc                             0x08003247   Thumb Code    40  los_memory.o(i.LOS_MemAlloc)
    LOS_MemAllocAlign                        0x0800326f   Thumb Code     4  los_memory.o(i.LOS_MemAllocAlign)
    LOS_MemFree                              0x08003273   Thumb Code    38  los_memory.o(i.LOS_MemFree)
    LOS_MemInit                              0x08003299   Thumb Code   160  los_memory.o(i.LOS_MemInit)
    LOS_QueueCreate                          0x0800337d   Thumb Code   182  los_queue.o(i.LOS_QueueCreate)
    LOS_QueueReadCopy                        0x08003441   Thumb Code    34  los_queue.o(i.LOS_QueueReadCopy)
    LOS_QueueWriteCopy                       0x08003463   Thumb Code    38  los_queue.o(i.LOS_QueueWriteCopy)
    LOS_Schedule                             0x08003489   Thumb Code    54  los_hw.o(i.LOS_Schedule)
    LOS_Start                                0x080034c9   Thumb Code    32  los_init.o(i.LOS_Start)
    LOS_TaskCreate                           0x08003505   Thumb Code   106  los_task.o(i.LOS_TaskCreate)
    LOS_TaskCreateOnly                       0x08003575   Thumb Code   310  los_task.o(i.LOS_TaskCreateOnly)
    LOS_TaskDelay                            0x080036c5   Thumb Code    94  los_task.o(i.LOS_TaskDelay)
    LOS_TaskDelete                           0x08003731   Thumb Code   298  los_task.o(i.LOS_TaskDelete)
    LOS_TaskYield                            0x08003869   Thumb Code   102  los_task.o(i.LOS_TaskYield)
    LOS_TickCountGet                         0x080038d9   Thumb Code     8  los_sys.o(i.LOS_TickCountGet)
    MX_ADC1_Init                             0x080038e5   Thumb Code   112  adc.o(i.MX_ADC1_Init)
    MX_DMA_Init                              0x08003961   Thumb Code    40  dma.o(i.MX_DMA_Init)
    MX_GPIO_Init                             0x0800398d   Thumb Code    86  gpio.o(i.MX_GPIO_Init)
    MX_TIM2_Init                             0x080039ed   Thumb Code   100  tim.o(i.MX_TIM2_Init)
    MX_USART2_UART_Init                      0x08003a55   Thumb Code    52  usart.o(i.MX_USART2_UART_Init)
    Main_Task                                0x08003a91   Thumb Code   284  main.o(i.Main_Task)
    MemManage_Handler                        0x08003db1   Thumb Code     2  stm32l4xx_it.o(i.MemManage_Handler)
    NMI_Handler                              0x08003db3   Thumb Code     2  stm32l4xx_it.o(i.NMI_Handler)
    On_All_LED_Task                          0x08003db5   Thumb Code    42  main.o(i.On_All_LED_Task)
    On_Flashing_LED_Task                     0x08003de5   Thumb Code    86  main.o(i.On_Flashing_LED_Task)
    On_Get_Tempr_Task                        0x08003e81   Thumb Code    88  main.o(i.On_Get_Tempr_Task)
    On_Tim2_Task                             0x08003f0d   Thumb Code    54  main.o(i.On_Tim2_Task)
    SVC_Handler                              0x0800411d   Thumb Code     2  stm32l4xx_it.o(i.SVC_Handler)
    SysTick_Handler                          0x08004121   Thumb Code    28  los_hwi.o(i.SysTick_Handler)
    SystemClock_Config                       0x08004145   Thumb Code   118  main.o(i.SystemClock_Config)
    SystemInit                               0x080041bd   Thumb Code    12  system_stm32l4xx.o(i.SystemInit)
    TIM2_IRQHandler                          0x080041cd   Thumb Code     6  stm32l4xx_it.o(i.TIM2_IRQHandler)
    TIM_Base_SetConfig                       0x080041d9   Thumb Code    94  stm32l4xx_hal_tim.o(i.TIM_Base_SetConfig)
    TIM_ETR_SetConfig                        0x08004245   Thumb Code    20  stm32l4xx_hal_tim.o(i.TIM_ETR_SetConfig)
    UART_AdvFeatureConfig                    0x080042af   Thumb Code   200  stm32l4xx_hal_uart.o(i.UART_AdvFeatureConfig)
    UART_CheckIdleState                      0x08004377   Thumb Code    92  stm32l4xx_hal_uart.o(i.UART_CheckIdleState)
    UART_SetConfig                           0x080043d5   Thumb Code   478  stm32l4xx_hal_uart.o(i.UART_SetConfig)
    UART_WaitOnFlagUntilTimeout              0x080045d5   Thumb Code   198  stm32l4xx_hal_uart.o(i.UART_WaitOnFlagUntilTimeout)
    UsageFault_Handler                       0x0800469b   Thumb Code     2  stm32l4xx_it.o(i.UsageFault_Handler)
    __0printf                                0x0800469d   Thumb Code    22  printfa.o(i.__0printf)
    __1printf                                0x0800469d   Thumb Code     0  printfa.o(i.__0printf)
    __2printf                                0x0800469d   Thumb Code     0  printfa.o(i.__0printf)
    __c89printf                              0x0800469d   Thumb Code     0  printfa.o(i.__0printf)
    printf                                   0x0800469d   Thumb Code     0  printfa.o(i.__0printf)
    __scatterload_copy                       0x080046dd   Thumb Code    14  handlers.o(i.__scatterload_copy)
    __scatterload_null                       0x080046eb   Thumb Code     2  handlers.o(i.__scatterload_null)
    __scatterload_zeroinit                   0x080046ed   Thumb Code    14  handlers.o(i.__scatterload_zeroinit)
    fgetc                                    0x08004fbd   Thumb Code    32  usart.o(i.fgetc)
    fputc                                    0x08004fe1   Thumb Code    20  usart.o(i.fputc)
    main                                     0x08004ff9   Thumb Code   100  main.o(i.main)
    osAlarmHeapInfo                          0x08005079   Thumb Code    26  los_heap.o(i.osAlarmHeapInfo)
    osAtomicBitsetClearBit                   0x08005093   Thumb Code    30  los_slab.o(i.osAtomicBitsetClearBit)
    osAtomicBitsetFindClearAndSet            0x080050b1   Thumb Code    66  los_slab.o(i.osAtomicBitsetFindClearAndSet)
    osAtomicBitsetGetBit                     0x080050f3   Thumb Code    34  los_slab.o(i.osAtomicBitsetGetBit)
    osAtomicBitsetInit                       0x08005115   Thumb Code    44  los_slab.o(i.osAtomicBitsetInit)
    osHeapAlloc                              0x08005141   Thumb Code   228  los_heap.o(i.osHeapAlloc)
    osHeapAllocAlign                         0x08005261   Thumb Code    58  los_heap.o(i.osHeapAllocAlign)
    osHeapFree                               0x0800529d   Thumb Code   226  los_heap.o(i.osHeapFree)
    osHeapInit                               0x080053a1   Thumb Code    58  los_heap.o(i.osHeapInit)
    osHeapPrvGetNext                         0x080053db   Thumb Code    22  los_heap.o(i.osHeapPrvGetNext)
    osHeapStatisticsGet                      0x080053f1   Thumb Code    66  los_heap.o(i.osHeapStatisticsGet)
    osIdleTask                               0x08005439   Thumb Code     2  los_task.o(i.osIdleTask)
    osIdleTaskCreate                         0x0800543d   Thumb Code    44  los_task.o(i.osIdleTaskCreate)
    osIntNumGet                              0x0800547d   Thumb Code     6  los_hwi.o(i.osIntNumGet)
    osMemSystemInit                          0x08005485   Thumb Code    10  los_memory.o(i.osMemSystemInit)
    osMuxInit                                0x08005499   Thumb Code    74  los_mux.o(i.osMuxInit)
    osPriqueueDequeue                        0x080054f1   Thumb Code    50  los_priqueue.o(i.osPriqueueDequeue)
    osPriqueueEnqueue                        0x08005529   Thumb Code    44  los_priqueue.o(i.osPriqueueEnqueue)
    osPriqueueInit                           0x08005559   Thumb Code    42  los_priqueue.o(i.osPriqueueInit)
    osPriqueueSize                           0x0800558d   Thumb Code    30  los_priqueue.o(i.osPriqueueSize)
    osPriqueueTop                            0x080055b1   Thumb Code    24  los_priqueue.o(i.osPriqueueTop)
    osQueueInit                              0x0800569d   Thumb Code    80  los_queue.o(i.osQueueInit)
    osQueueOperate                           0x080056f9   Thumb Code   342  los_queue.o(i.osQueueOperate)
    osSchedule                               0x080058d1   Thumb Code     4  los_hw.o(i.osSchedule)
    osSemInit                                0x080058d5   Thumb Code    72  los_sem.o(i.osSemInit)
    osSlabAllocatorAlloc                     0x08005929   Thumb Code    28  los_slab.o(i.osSlabAllocatorAlloc)
    osSlabAllocatorFree                      0x08005945   Thumb Code    56  los_slab.o(i.osSlabAllocatorFree)
    osSlabAllocatorNew                       0x0800597d   Thumb Code    70  los_slab.o(i.osSlabAllocatorNew)
    osSlabBlockHeadFill                      0x080059c3   Thumb Code    20  los_slabmem.o(i.osSlabBlockHeadFill)
    osSlabCtrlHdrGet                         0x080059d7   Thumb Code     4  los_memory.o(i.osSlabCtrlHdrGet)
    osSlabMemAlloc                           0x080059db   Thumb Code    98  los_slabmem.o(i.osSlabMemAlloc)
    osSlabMemFree                            0x08005a3d   Thumb Code    94  los_slabmem.o(i.osSlabMemFree)
    osSlabMemInit                            0x08005a9d   Thumb Code    82  los_slabmem.o(i.osSlabMemInit)
    osSwTmrInit                              0x08005af5   Thumb Code   112  los_swtmr.o(i.osSwTmrInit)
    osSwTmrStart                             0x08005b75   Thumb Code   382  los_swtmr.o(i.osSwTmrStart)
    osSwTmrTask                              0x08005d05   Thumb Code    56  los_swtmr.o(i.osSwTmrTask)
    osSwTmrTaskCreate                        0x08005d41   Thumb Code    44  los_swtmr.o(i.osSwTmrTaskCreate)
    osSwtmrScan                              0x08005e0d   Thumb Code    24  los_swtmr.o(i.osSwtmrScan)
    osTaskAdd2TimerList                      0x08005e29   Thumb Code   126  los_task.o(i.osTaskAdd2TimerList)
    osTaskEntry                              0x08005ead   Thumb Code    38  los_task.o(i.osTaskEntry)
    osTaskExit                               0x08005ed9   Thumb Code     4  los_hw.o(i.osTaskExit)
    osTaskInit                               0x08005edd   Thumb Code   200  los_task.o(i.osTaskInit)
    osTaskMonInit                            0x08005fb1   Thumb Code    30  los_task.o(i.osTaskMonInit)
    osTaskScan                               0x08005fdd   Thumb Code   174  los_task.o(i.osTaskScan)
    osTaskSwitchCheck                        0x08006091   Thumb Code   170  los_task.o(i.osTaskSwitchCheck)
    osTaskWait                               0x080061cd   Thumb Code    70  los_task.o(i.osTaskWait)
    osTaskWake                               0x08006219   Thumb Code    64  los_task.o(i.osTaskWake)
    osTickHandler                            0x08006259   Thumb Code    34  los_tick.o(i.osTickHandler)
    osTickStart                              0x08006281   Thumb Code    86  los_hw_tick.o(i.osTickStart)
    osTimerListDelete                        0x080062f1   Thumb Code    48  los_task.o(i.osTimerListDelete)
    osTimesliceCheck                         0x08006325   Thumb Code    44  los_timeslice.o(i.osTimesliceCheck)
    osTimesliceInit                          0x0800635d   Thumb Code    12  los_timeslice.o(i.osTimesliceInit)
    osTskStackInit                           0x0800636d   Thumb Code   124  los_hw.o(i.osTskStackInit)
    AHBPrescTable                            0x080063f0   Data          16  system_stm32l4xx.o(.constdata)
    MSIRangeTable                            0x08006400   Data          48  system_stm32l4xx.o(.constdata)
    APBPrescTable                            0x08006430   Data           8  system_stm32l4xx.o(.constdata)
    __ctype_categories                       0x08006438   Data          64  ctype_c.o(.constdata)
    Region$$Table$$Base                      0x080064bc   Number         0  anon$$obj.o(Region$$Table)
    Region$$Table$$Limit                     0x080064dc   Number         0  anon$$obj.o(Region$$Table)
    adcValue                                 0x20000000   Data           2  main.o(.data)
    voltage                                  0x20000004   Data           4  main.o(.data)
    isOpenTim2                               0x20000008   Data           4  main.o(.data)
    Main_Task_ID                             0x2000000c   Data           4  main.o(.data)
    On_Flashing_LED_ID                       0x20000010   Data           4  main.o(.data)
    On_All_LED_ID                            0x20000014   Data           4  main.o(.data)
    On_Get_Tempr_ID                          0x20000018   Data           4  main.o(.data)
    On_Tim2_Task_ID                          0x2000001c   Data           4  main.o(.data)
    uwTickFreq                               0x20000020   Data           1  stm32l4xx_hal.o(.data)
    uwTickPrio                               0x20000024   Data           4  stm32l4xx_hal.o(.data)
    uwTick                                   0x20000028   Data           4  stm32l4xx_hal.o(.data)
    SystemCoreClock                          0x2000002c   Data           4  system_stm32l4xx.o(.data)
    g_pstLosPriorityQueueList                0x20000034   Data           4  los_priqueue.o(.data)
    m_uwSwTmrHandlerQueue                    0x20000044   Data           4  los_swtmr.o(.data)
    m_pstSwtmrCBArray                        0x20000048   Data           4  los_swtmr.o(.data)
    m_pstSwtmrFreeList                       0x2000004c   Data           4  los_swtmr.o(.data)
    m_pstSwtmrSortList                       0x20000050   Data           4  los_swtmr.o(.data)
    g_usLosTaskLock                          0x20000054   Data           2  los_task.o(.data)
    g_pfnTskSwitchHook                       0x20000058   Data           4  los_task.o(.data)
    g_pfnUsrTskSwitchHook                    0x2000005c   Data           4  los_task.o(.data)
    g_pstTaskCBArray                         0x20000060   Data           4  los_task.o(.data)
    g_uwTskMaxNum                            0x20000064   Data           4  los_task.o(.data)
    g_uwIdleTaskID                           0x20000068   Data           4  los_task.o(.data)
    g_uwSwtmrTaskID                          0x2000006c   Data           4  los_task.o(.data)
    g_bTaskScheduled                         0x20000070   Data           4  los_task.o(.data)
    g_stLosTask                              0x20000074   Data           8  los_task.o(.data)
    g_stTaskTimerList                        0x2000007c   Data           8  los_task.o(.data)
    g_stLosFreeTask                          0x20000084   Data           8  los_task.o(.data)
    g_stTskRecyleList                        0x2000008c   Data           8  los_task.o(.data)
    g_stTskSortLink                          0x20000094   Data           8  los_task.o(.data)
    g_bSysTickStart                          0x2000009c   Data           4  los_tick.o(.data)
    g_uwSysClock                             0x200000a0   Data           4  los_tick.o(.data)
    g_ullTickCount                           0x200000a8   Data           8  los_tick.o(.data)
    g_uwCyclesPerTick                        0x200000b0   Data           4  los_tick.o(.data)
    g_stTaskTimeSlice                        0x200000b4   Data           8  los_timeslice.o(.data)
    g_pstAllMux                              0x200000bc   Data           4  los_mux.o(.data)
    g_stUnusedMuxList                        0x200000c0   Data           8  los_mux.o(.data)
    g_pstAllQueue                            0x200000c8   Data           4  los_queue.o(.data)
    g_stFreeQueueList                        0x200000cc   Data           8  los_queue.o(.data)
    g_pstAllSem                              0x200000d4   Data           4  los_sem.o(.data)
    g_stUnusedSemList                        0x200000d8   Data           8  los_sem.o(.data)
    g_pPoolHead                              0x200000f0   Data           4  los_memory.o(.data)
    m_aucSysMem0                             0x200000f4   Data           4  los_init.o(.data)
    __stdin                                  0x200000f8   Data           4  stdin.o(.data)
    __stdout                                 0x200000fc   Data           4  stdout.o(.data)
    hadc1                                    0x20000104   Data         100  adc.o(.bss)
    hdma_adc1                                0x20000168   Data          72  adc.o(.bss)
    htim2                                    0x200001b0   Data          76  tim.o(.bss)
    huart2                                   0x200001fc   Data         132  usart.o(.bss)
    m_uwSwTmrAlignID                         0x20000280   Data          64  los_swtmr.o(.bss)
    g_astTskSwitchInfo                       0x200002c0   Data         342  los_task.o(.bss)
    Image$$RW_IRAM1$$ZI$$Limit               0x20000818   Number         0  anon$$obj.o ABSOLUTE
    __initial_sp                             0x20000818   Data           0  startup_stm32l431xx.o(STACK)



==============================================================================

Memory Map of the image

  Image Entry point : 0x0800018d

  Load Region LR_IROM1 (Base: 0x08000000, Size: 0x000065e0, Max: 0x00040000, ABSOLUTE)

    Execution Region ER_IROM1 (Exec base: 0x08000000, Load base: 0x08000000, Size: 0x000064dc, Max: 0x00040000, ABSOLUTE)

    Exec Addr    Load Addr    Size         Type   Attr      Idx    E Section Name        Object

    0x08000000   0x08000000   0x0000018c   Data   RO            3    RESET               startup_stm32l431xx.o
    0x0800018c   0x0800018c   0x00000000   Code   RO         1068  * .ARM.Collect$$$$00000000  mc_w.l(entry.o)
    0x0800018c   0x0800018c   0x00000004   Code   RO         1217    .ARM.Collect$$$$00000001  mc_w.l(entry2.o)
    0x08000190   0x08000190   0x00000004   Code   RO         1220    .ARM.Collect$$$$00000004  mc_w.l(entry5.o)
    0x08000194   0x08000194   0x00000000   Code   RO         1222    .ARM.Collect$$$$00000008  mc_w.l(entry7b.o)
    0x08000194   0x08000194   0x00000000   Code   RO         1224    .ARM.Collect$$$$0000000A  mc_w.l(entry8b.o)
    0x08000194   0x08000194   0x00000008   Code   RO         1225    .ARM.Collect$$$$0000000B  mc_w.l(entry9a.o)
    0x0800019c   0x0800019c   0x00000000   Code   RO         1227    .ARM.Collect$$$$0000000D  mc_w.l(entry10a.o)
    0x0800019c   0x0800019c   0x00000000   Code   RO         1229    .ARM.Collect$$$$0000000F  mc_w.l(entry11a.o)
    0x0800019c   0x0800019c   0x00000004   Code   RO         1218    .ARM.Collect$$$$00002712  mc_w.l(entry2.o)
    0x080001a0   0x080001a0   0x00000024   Code   RO            4    .text               startup_stm32l431xx.o
    0x080001c4   0x080001c4   0x00000102   Code   RO         1047    .text               los_dispatch_keil.o
    0x080002c6   0x080002c6   0x00000068   Code   RO         1071    .text               mc_w.l(uldiv.o)
    0x0800032e   0x0800032e   0x00000024   Code   RO         1072    .text               mc_w.l(memcpya.o)
    0x08000352   0x08000352   0x00000024   Code   RO         1073    .text               mc_w.l(memseta.o)
    0x08000376   0x08000376   0x0000001c   Code   RO         1075    .text               mc_w.l(strcmp.o)
    0x08000392   0x08000392   0x00000002   PAD
    0x08000394   0x08000394   0x00000020   Code   RO         1208    .text               mc_w.l(__0scanf.o)
    0x080003b4   0x080003b4   0x000000e6   Code   RO         1209    .text               mc_w.l(_scanf_str.o)
    0x0800049a   0x0800049a   0x000000ea   Code   RO         1210    .text               mf_w.l(dmul.o)
    0x08000584   0x08000584   0x000000de   Code   RO         1211    .text               mf_w.l(ddiv.o)
    0x08000662   0x08000662   0x0000001a   Code   RO         1212    .text               mf_w.l(dfltui.o)
    0x0800067c   0x0800067c   0x00000030   Code   RO         1214    .text               mf_w.l(dfixul.o)
    0x080006ac   0x080006ac   0x00000026   Code   RO         1215    .text               mf_w.l(f2d.o)
    0x080006d2   0x080006d2   0x00000038   Code   RO         1216    .text               mf_w.l(d2f.o)
    0x0800070a   0x0800070a   0x0000002c   Code   RO         1233    .text               mc_w.l(uidiv.o)
    0x08000736   0x08000736   0x0000001e   Code   RO         1234    .text               mc_w.l(llshl.o)
    0x08000754   0x08000754   0x00000020   Code   RO         1235    .text               mc_w.l(llushr.o)
    0x08000774   0x08000774   0x00000014   Code   RO         1236    .text               mc_w.l(scanf_char_file.o)
    0x08000788   0x08000788   0x00000000   Code   RO         1237    .text               mc_w.l(iusefp.o)
    0x08000788   0x08000788   0x0000006e   Code   RO         1238    .text               mf_w.l(fepilogue.o)
    0x080007f6   0x080007f6   0x000000ba   Code   RO         1239    .text               mf_w.l(depilogue.o)
    0x080008b0   0x080008b0   0x0000015e   Code   RO         1240    .text               mf_w.l(dadd.o)
    0x08000a0e   0x08000a0e   0x00000002   PAD
    0x08000a10   0x08000a10   0x00000030   Code   RO         1241    .text               mf_w.l(cdrcmple.o)
    0x08000a40   0x08000a40   0x00000024   Code   RO         1242    .text               mc_w.l(init.o)
    0x08000a64   0x08000a64   0x0000002c   Code   RO         1243    .text               mc_w.l(fgetc_b.o)
    0x08000a90   0x08000a90   0x00000024   Code   RO         1245    .text               mc_w.l(llsshr.o)
    0x08000ab4   0x08000ab4   0x00000028   Code   RO         1246    .text               mc_w.l(scanf_char.o)
    0x08000adc   0x08000adc   0x00000000   Code   RO         1247    .text               mc_w.l(semi.o)
    0x08000adc   0x08000adc   0x0000000a   Code   RO         1248    .text               mc_w.l(isspace_c.o)
    0x08000ae6   0x08000ae6   0x00000002   PAD
    0x08000ae8   0x08000ae8   0x00000332   Code   RO         1249    .text               mc_w.l(_scanf.o)
    0x08000e1a   0x08000e1a   0x00000000   Code   RO         1250    .text               mc_w.l(iusesemig.o)
    0x08000e1a   0x08000e1a   0x00000002   PAD
    0x08000e1c   0x08000e1c   0x00000028   Code   RO         1251    .text               mc_w.l(ctype_c.o)
    0x08000e44   0x08000e44   0x0000000c   Code   RO           55    i.ADC1_IRQHandler   stm32l4xx_it.o
    0x08000e50   0x08000e50   0x00000068   Code   RO           75    i.ADC_DMAConvCplt   stm32l4xx_hal_adc.o
    0x08000eb8   0x08000eb8   0x0000001a   Code   RO           76    i.ADC_DMAError      stm32l4xx_hal_adc.o
    0x08000ed2   0x08000ed2   0x0000000a   Code   RO           77    i.ADC_DMAHalfConvCplt  stm32l4xx_hal_adc.o
    0x08000edc   0x08000edc   0x000000ac   Code   RO           79    i.ADC_Enable        stm32l4xx_hal_adc.o
    0x08000f88   0x08000f88   0x00000002   Code   RO           56    i.BusFault_Handler  stm32l4xx_it.o
    0x08000f8a   0x08000f8a   0x00000002   PAD
    0x08000f8c   0x08000f8c   0x0000007c   Code   RO            8    i.Create_LOS_Task   main.o
    0x08001008   0x08001008   0x0000000c   Code   RO           57    i.DMA1_Channel1_IRQHandler  stm32l4xx_it.o
    0x08001014   0x08001014   0x0000002e   Code   RO          369    i.DMA_SetConfig     stm32l4xx_hal_dma.o
    0x08001042   0x08001042   0x00000002   Code   RO           58    i.DebugMon_Handler  stm32l4xx_it.o
    0x08001044   0x08001044   0x0000005c   Code   RO            9    i.Delete_LOS_Task   main.o
    0x080010a0   0x080010a0   0x00000004   Code   RO           10    i.Error_Handler     main.o
    0x080010a4   0x080010a4   0x00000002   Code   RO          119    i.HAL_ADCEx_EndOfSamplingCallback  stm32l4xx_hal_adc_ex.o
    0x080010a6   0x080010a6   0x00000002   Code   RO          122    i.HAL_ADCEx_InjectedConvCpltCallback  stm32l4xx_hal_adc_ex.o
    0x080010a8   0x080010a8   0x00000002   Code   RO          125    i.HAL_ADCEx_InjectedQueueOverflowCallback  stm32l4xx_hal_adc_ex.o
    0x080010aa   0x080010aa   0x00000002   Code   RO          130    i.HAL_ADCEx_LevelOutOfWindow2Callback  stm32l4xx_hal_adc_ex.o
    0x080010ac   0x080010ac   0x00000002   Code   RO          131    i.HAL_ADCEx_LevelOutOfWindow3Callback  stm32l4xx_hal_adc_ex.o
    0x080010ae   0x080010ae   0x00000002   PAD
    0x080010b0   0x080010b0   0x000003f2   Code   RO           81    i.HAL_ADC_ConfigChannel  stm32l4xx_hal_adc.o
    0x080014a2   0x080014a2   0x00000002   Code   RO           82    i.HAL_ADC_ConvCpltCallback  stm32l4xx_hal_adc.o
    0x080014a4   0x080014a4   0x00000002   Code   RO           83    i.HAL_ADC_ConvHalfCpltCallback  stm32l4xx_hal_adc.o
    0x080014a6   0x080014a6   0x00000002   Code   RO           85    i.HAL_ADC_ErrorCallback  stm32l4xx_hal_adc.o
    0x080014a8   0x080014a8   0x00000202   Code   RO           89    i.HAL_ADC_IRQHandler  stm32l4xx_hal_adc.o
    0x080016aa   0x080016aa   0x00000002   PAD
    0x080016ac   0x080016ac   0x000001b0   Code   RO           90    i.HAL_ADC_Init      stm32l4xx_hal_adc.o
    0x0800185c   0x0800185c   0x00000002   Code   RO           91    i.HAL_ADC_LevelOutOfWindowCallback  stm32l4xx_hal_adc.o
    0x0800185e   0x0800185e   0x00000002   PAD
    0x08001860   0x08001860   0x000000dc   Code   RO           29    i.HAL_ADC_MspInit   adc.o
    0x0800193c   0x0800193c   0x000000b4   Code   RO           97    i.HAL_ADC_Start_DMA  stm32l4xx_hal_adc.o
    0x080019f0   0x080019f0   0x000000ba   Code   RO          375    i.HAL_DMA_IRQHandler  stm32l4xx_hal_dma.o
    0x08001aaa   0x08001aaa   0x00000002   PAD
    0x08001aac   0x08001aac   0x000000c0   Code   RO          376    i.HAL_DMA_Init      stm32l4xx_hal_dma.o
    0x08001b6c   0x08001b6c   0x00000070   Code   RO          380    i.HAL_DMA_Start_IT  stm32l4xx_hal_dma.o
    0x08001bdc   0x08001bdc   0x000001d6   Code   RO          361    i.HAL_GPIO_Init     stm32l4xx_hal_gpio.o
    0x08001db2   0x08001db2   0x0000000a   Code   RO          365    i.HAL_GPIO_WritePin  stm32l4xx_hal_gpio.o
    0x08001dbc   0x08001dbc   0x0000000c   Code   RO          154    i.HAL_GetTick       stm32l4xx_hal.o
    0x08001dc8   0x08001dc8   0x0000001e   Code   RO          161    i.HAL_Init          stm32l4xx_hal.o
    0x08001de6   0x08001de6   0x00000002   PAD
    0x08001de8   0x08001de8   0x00000044   Code   RO          162    i.HAL_InitTick      stm32l4xx_hal.o
    0x08001e2c   0x08001e2c   0x0000002c   Code   RO           70    i.HAL_MspInit       stm32l4xx_hal_msp.o
    0x08001e58   0x08001e58   0x0000001a   Code   RO          444    i.HAL_NVIC_EnableIRQ  stm32l4xx_hal_cortex.o
    0x08001e72   0x08001e72   0x00000002   PAD
    0x08001e74   0x08001e74   0x00000040   Code   RO          450    i.HAL_NVIC_SetPriority  stm32l4xx_hal_cortex.o
    0x08001eb4   0x08001eb4   0x00000024   Code   RO          451    i.HAL_NVIC_SetPriorityGrouping  stm32l4xx_hal_cortex.o
    0x08001ed8   0x08001ed8   0x00000068   Code   RO          408    i.HAL_PWREx_ControlVoltageScaling  stm32l4xx_hal_pwr_ex.o
    0x08001f40   0x08001f40   0x00000010   Code   RO          431    i.HAL_PWREx_GetVoltageRange  stm32l4xx_hal_pwr_ex.o
    0x08001f50   0x08001f50   0x000002ba   Code   RO          315    i.HAL_RCCEx_PeriphCLKConfig  stm32l4xx_hal_rcc_ex.o
    0x0800220a   0x0800220a   0x00000002   PAD
    0x0800220c   0x0800220c   0x00000144   Code   RO          276    i.HAL_RCC_ClockConfig  stm32l4xx_hal_rcc.o
    0x08002350   0x08002350   0x00000024   Code   RO          282    i.HAL_RCC_GetPCLK1Freq  stm32l4xx_hal_rcc.o
    0x08002374   0x08002374   0x00000024   Code   RO          283    i.HAL_RCC_GetPCLK2Freq  stm32l4xx_hal_rcc.o
    0x08002398   0x08002398   0x000000a4   Code   RO          285    i.HAL_RCC_GetSysClockFreq  stm32l4xx_hal_rcc.o
    0x0800243c   0x0800243c   0x00000560   Code   RO          288    i.HAL_RCC_OscConfig  stm32l4xx_hal_rcc.o
    0x0800299c   0x0800299c   0x00000028   Code   RO          455    i.HAL_SYSTICK_Config  stm32l4xx_hal_cortex.o
    0x080029c4   0x080029c4   0x00000002   Code   RO          595    i.HAL_TIMEx_Break2Callback  stm32l4xx_hal_tim_ex.o
    0x080029c6   0x080029c6   0x00000002   Code   RO          596    i.HAL_TIMEx_BreakCallback  stm32l4xx_hal_tim_ex.o
    0x080029c8   0x080029c8   0x00000002   Code   RO          597    i.HAL_TIMEx_CommutCallback  stm32l4xx_hal_tim_ex.o
    0x080029ca   0x080029ca   0x00000002   PAD
    0x080029cc   0x080029cc   0x0000006c   Code   RO          617    i.HAL_TIMEx_MasterConfigSynchronization  stm32l4xx_hal_tim_ex.o
    0x08002a38   0x08002a38   0x00000062   Code   RO          475    i.HAL_TIM_Base_Init  stm32l4xx_hal_tim.o
    0x08002a9a   0x08002a9a   0x00000002   PAD
    0x08002a9c   0x08002a9c   0x00000038   Code   RO           40    i.HAL_TIM_Base_MspInit  tim.o
    0x08002ad4   0x08002ad4   0x00000058   Code   RO          480    i.HAL_TIM_Base_Start_IT  stm32l4xx_hal_tim.o
    0x08002b2c   0x08002b2c   0x00000030   Code   RO          483    i.HAL_TIM_Base_Stop_IT  stm32l4xx_hal_tim.o
    0x08002b5c   0x08002b5c   0x000000e0   Code   RO          484    i.HAL_TIM_ConfigClockSource  stm32l4xx_hal_tim.o
    0x08002c3c   0x08002c3c   0x00000002   Code   RO          509    i.HAL_TIM_IC_CaptureCallback  stm32l4xx_hal_tim.o
    0x08002c3e   0x08002c3e   0x00000184   Code   RO          523    i.HAL_TIM_IRQHandler  stm32l4xx_hal_tim.o
    0x08002dc2   0x08002dc2   0x00000002   Code   RO          526    i.HAL_TIM_OC_DelayElapsedCallback  stm32l4xx_hal_tim.o
    0x08002dc4   0x08002dc4   0x00000002   Code   RO          553    i.HAL_TIM_PWM_PulseFinishedCallback  stm32l4xx_hal_tim.o
    0x08002dc6   0x08002dc6   0x00000002   PAD
    0x08002dc8   0x08002dc8   0x00000034   Code   RO           11    i.HAL_TIM_PeriodElapsedCallback  main.o
    0x08002dfc   0x08002dfc   0x00000002   Code   RO          566    i.HAL_TIM_TriggerCallback  stm32l4xx_hal_tim.o
    0x08002dfe   0x08002dfe   0x00000066   Code   RO          672    i.HAL_UART_Init     stm32l4xx_hal_uart.o
    0x08002e64   0x08002e64   0x00000078   Code   RO           47    i.HAL_UART_MspInit  usart.o
    0x08002edc   0x08002edc   0x000000fe   Code   RO          675    i.HAL_UART_Receive  stm32l4xx_hal_uart.o
    0x08002fda   0x08002fda   0x00000002   PAD
    0x08002fdc   0x08002fdc   0x000000b6   Code   RO          681    i.HAL_UART_Transmit  stm32l4xx_hal_uart.o
    0x08003092   0x08003092   0x00000002   Code   RO           59    i.HardFault_Handler  stm32l4xx_it.o
    0x08003094   0x08003094   0x0000000c   Code   RO          103    i.LL_ADC_GetOffsetChannel  stm32l4xx_hal_adc.o
    0x080030a0   0x080030a0   0x00000008   Code   RO          104    i.LL_ADC_INJ_IsConversionOngoing  stm32l4xx_hal_adc.o
    0x080030a8   0x080030a8   0x00000008   Code   RO          105    i.LL_ADC_REG_IsConversionOngoing  stm32l4xx_hal_adc.o
    0x080030b0   0x080030b0   0x00000010   Code   RO          106    i.LL_ADC_REG_IsTriggerSourceSWStart  stm32l4xx_hal_adc.o
    0x080030c0   0x080030c0   0x0000001e   Code   RO          108    i.LL_ADC_SetChannelSamplingTime  stm32l4xx_hal_adc.o
    0x080030de   0x080030de   0x00000010   Code   RO          109    i.LL_ADC_SetOffsetState  stm32l4xx_hal_adc.o
    0x080030ee   0x080030ee   0x00000014   Code   RO         1029    i.LOS_Align         los_misc.o
    0x08003102   0x08003102   0x00000002   PAD
    0x08003104   0x08003104   0x000000f0   Code   RO         1042    i.LOS_KernelInit    los_init.o
    0x080031f4   0x080031f4   0x0000000e   Code   RO          841    i.LOS_ListAdd       los_task.o
    0x08003202   0x08003202   0x0000000e   Code   RO          909    i.LOS_ListAdd       los_mux.o
    0x08003210   0x08003210   0x0000000e   Code   RO          919    i.LOS_ListAdd       los_queue.o
    0x0800321e   0x0800321e   0x0000000e   Code   RO          941    i.LOS_ListAdd       los_sem.o
    0x0800322c   0x0800322c   0x00000014   Code   RO          842    i.LOS_ListDelete    los_task.o
    0x08003240   0x08003240   0x00000006   Code   RO          843    i.LOS_ListTailInsert  los_task.o
    0x08003246   0x08003246   0x00000028   Code   RO          965    i.LOS_MemAlloc      los_memory.o
    0x0800326e   0x0800326e   0x00000004   Code   RO          966    i.LOS_MemAllocAlign  los_memory.o
    0x08003272   0x08003272   0x00000026   Code   RO          968    i.LOS_MemFree       los_memory.o
    0x08003298   0x08003298   0x000000e2   Code   RO          970    i.LOS_MemInit       los_memory.o
    0x0800337a   0x0800337a   0x00000002   PAD
    0x0800337c   0x0800337c   0x000000c4   Code   RO          920    i.LOS_QueueCreate   los_queue.o
    0x08003440   0x08003440   0x00000022   Code   RO          924    i.LOS_QueueReadCopy  los_queue.o
    0x08003462   0x08003462   0x00000026   Code   RO          926    i.LOS_QueueWriteCopy  los_queue.o
    0x08003488   0x08003488   0x00000040   Code   RO         1051    i.LOS_Schedule      los_hw.o
    0x080034c8   0x080034c8   0x0000003c   Code   RO         1044    i.LOS_Start         los_init.o
    0x08003504   0x08003504   0x00000070   Code   RO          846    i.LOS_TaskCreate    los_task.o
    0x08003574   0x08003574   0x00000150   Code   RO          847    i.LOS_TaskCreateOnly  los_task.o
    0x080036c4   0x080036c4   0x0000006c   Code   RO          848    i.LOS_TaskDelay     los_task.o
    0x08003730   0x08003730   0x00000138   Code   RO          849    i.LOS_TaskDelete    los_task.o
    0x08003868   0x08003868   0x00000070   Code   RO          862    i.LOS_TaskYield     los_task.o
    0x080038d8   0x080038d8   0x0000000c   Code   RO          832    i.LOS_TickCountGet  los_sys.o
    0x080038e4   0x080038e4   0x0000007c   Code   RO           30    i.MX_ADC1_Init      adc.o
    0x08003960   0x08003960   0x0000002c   Code   RO           35    i.MX_DMA_Init       dma.o
    0x0800398c   0x0800398c   0x00000060   Code   RO           24    i.MX_GPIO_Init      gpio.o
    0x080039ec   0x080039ec   0x00000068   Code   RO           41    i.MX_TIM2_Init      tim.o
    0x08003a54   0x08003a54   0x0000003c   Code   RO           48    i.MX_USART2_UART_Init  usart.o
    0x08003a90   0x08003a90   0x00000320   Code   RO           12    i.Main_Task         main.o
    0x08003db0   0x08003db0   0x00000002   Code   RO           60    i.MemManage_Handler  stm32l4xx_it.o
    0x08003db2   0x08003db2   0x00000002   Code   RO           61    i.NMI_Handler       stm32l4xx_it.o
    0x08003db4   0x08003db4   0x00000030   Code   RO           13    i.On_All_LED_Task   main.o
    0x08003de4   0x08003de4   0x0000009c   Code   RO           14    i.On_Flashing_LED_Task  main.o
    0x08003e80   0x08003e80   0x0000008c   Code   RO           15    i.On_Get_Tempr_Task  main.o
    0x08003f0c   0x08003f0c   0x00000068   Code   RO           16    i.On_Tim2_Task      main.o
    0x08003f74   0x08003f74   0x0000012c   Code   RO          319    i.RCCEx_PLLSAI1_Config  stm32l4xx_hal_rcc_ex.o
    0x080040a0   0x080040a0   0x0000007c   Code   RO          289    i.RCC_SetFlashLatencyFromMSIRange  stm32l4xx_hal_rcc.o
    0x0800411c   0x0800411c   0x00000002   Code   RO           63    i.SVC_Handler       stm32l4xx_it.o
    0x0800411e   0x0800411e   0x00000002   PAD
    0x08004120   0x08004120   0x00000024   Code   RO         1066    i.SysTick_Handler   los_hwi.o
    0x08004144   0x08004144   0x00000076   Code   RO           17    i.SystemClock_Config  main.o
    0x080041ba   0x080041ba   0x00000002   PAD
    0x080041bc   0x080041bc   0x00000010   Code   RO          726    i.SystemInit        system_stm32l4xx.o
    0x080041cc   0x080041cc   0x0000000c   Code   RO           65    i.TIM2_IRQHandler   stm32l4xx_it.o
    0x080041d8   0x080041d8   0x0000006c   Code   RO          568    i.TIM_Base_SetConfig  stm32l4xx_hal_tim.o
    0x08004244   0x08004244   0x00000014   Code   RO          579    i.TIM_ETR_SetConfig  stm32l4xx_hal_tim.o
    0x08004258   0x08004258   0x00000010   Code   RO          580    i.TIM_ITRx_SetConfig  stm32l4xx_hal_tim.o
    0x08004268   0x08004268   0x00000022   Code   RO          588    i.TIM_TI1_ConfigInputStage  stm32l4xx_hal_tim.o
    0x0800428a   0x0800428a   0x00000024   Code   RO          590    i.TIM_TI2_ConfigInputStage  stm32l4xx_hal_tim.o
    0x080042ae   0x080042ae   0x000000c8   Code   RO          686    i.UART_AdvFeatureConfig  stm32l4xx_hal_uart.o
    0x08004376   0x08004376   0x0000005c   Code   RO          687    i.UART_CheckIdleState  stm32l4xx_hal_uart.o
    0x080043d2   0x080043d2   0x00000002   PAD
    0x080043d4   0x080043d4   0x00000200   Code   RO          702    i.UART_SetConfig    stm32l4xx_hal_uart.o
    0x080045d4   0x080045d4   0x000000c6   Code   RO          707    i.UART_WaitOnFlagUntilTimeout  stm32l4xx_hal_uart.o
    0x0800469a   0x0800469a   0x00000002   Code   RO           66    i.UsageFault_Handler  stm32l4xx_it.o
    0x0800469c   0x0800469c   0x00000020   Code   RO         1194    i.__0printf         mc_w.l(printfa.o)
    0x080046bc   0x080046bc   0x00000020   Code   RO          457    i.__NVIC_SetPriority  stm32l4xx_hal_cortex.o
    0x080046dc   0x080046dc   0x0000000e   Code   RO         1255    i.__scatterload_copy  mc_w.l(handlers.o)
    0x080046ea   0x080046ea   0x00000002   Code   RO         1256    i.__scatterload_null  mc_w.l(handlers.o)
    0x080046ec   0x080046ec   0x0000000e   Code   RO         1257    i.__scatterload_zeroinit  mc_w.l(handlers.o)
    0x080046fa   0x080046fa   0x00000002   PAD
    0x080046fc   0x080046fc   0x0000018a   Code   RO         1201    i._fp_digits        mc_w.l(printfa.o)
    0x08004886   0x08004886   0x00000002   PAD
    0x08004888   0x08004888   0x000006e2   Code   RO         1202    i._printf_core      mc_w.l(printfa.o)
    0x08004f6a   0x08004f6a   0x00000024   Code   RO         1203    i._printf_post_padding  mc_w.l(printfa.o)
    0x08004f8e   0x08004f8e   0x0000002e   Code   RO         1204    i._printf_pre_padding  mc_w.l(printfa.o)
    0x08004fbc   0x08004fbc   0x00000024   Code   RO           49    i.fgetc             usart.o
    0x08004fe0   0x08004fe0   0x00000018   Code   RO           50    i.fputc             usart.o
    0x08004ff8   0x08004ff8   0x00000080   Code   RO           18    i.main              main.o
    0x08005078   0x08005078   0x0000001a   Code   RO          952    i.osAlarmHeapInfo   los_heap.o
    0x08005092   0x08005092   0x0000001e   Code   RO          987    i.osAtomicBitsetClearBit  los_slab.o
    0x080050b0   0x080050b0   0x00000042   Code   RO          989    i.osAtomicBitsetFindClearAndSet  los_slab.o
    0x080050f2   0x080050f2   0x00000022   Code   RO          990    i.osAtomicBitsetGetBit  los_slab.o
    0x08005114   0x08005114   0x0000002c   Code   RO          992    i.osAtomicBitsetInit  los_slab.o
    0x08005140   0x08005140   0x00000120   Code   RO          953    i.osHeapAlloc       los_heap.o
    0x08005260   0x08005260   0x0000003a   Code   RO          954    i.osHeapAllocAlign  los_heap.o
    0x0800529a   0x0800529a   0x00000002   PAD
    0x0800529c   0x0800529c   0x00000104   Code   RO          955    i.osHeapFree        los_heap.o
    0x080053a0   0x080053a0   0x0000003a   Code   RO          958    i.osHeapInit        los_heap.o
    0x080053da   0x080053da   0x00000016   Code   RO          959    i.osHeapPrvGetNext  los_heap.o
    0x080053f0   0x080053f0   0x00000048   Code   RO          960    i.osHeapStatisticsGet  los_heap.o
    0x08005438   0x08005438   0x00000002   Code   RO          866    i.osIdleTask        los_task.o
    0x0800543a   0x0800543a   0x00000002   PAD
    0x0800543c   0x0800543c   0x00000040   Code   RO          867    i.osIdleTaskCreate  los_task.o
    0x0800547c   0x0800547c   0x00000006   Code   RO         1067    i.osIntNumGet       los_hwi.o
    0x08005482   0x08005482   0x00000002   PAD
    0x08005484   0x08005484   0x00000014   Code   RO          974    i.osMemSystemInit   los_memory.o
    0x08005498   0x08005498   0x00000058   Code   RO          914    i.osMuxInit         los_mux.o
    0x080054f0   0x080054f0   0x00000038   Code   RO          798    i.osPriqueueDequeue  los_priqueue.o
    0x08005528   0x08005528   0x00000030   Code   RO          799    i.osPriqueueEnqueue  los_priqueue.o
    0x08005558   0x08005558   0x00000034   Code   RO          800    i.osPriqueueInit    los_priqueue.o
    0x0800558c   0x0800558c   0x00000024   Code   RO          801    i.osPriqueueSize    los_priqueue.o
    0x080055b0   0x080055b0   0x0000001c   Code   RO          802    i.osPriqueueTop     los_priqueue.o
    0x080055cc   0x080055cc   0x000000d0   Code   RO          929    i.osQueueBufferOperate  los_queue.o
    0x0800569c   0x0800569c   0x0000005c   Code   RO          930    i.osQueueInit       los_queue.o
    0x080056f8   0x080056f8   0x0000016e   Code   RO          933    i.osQueueOperate    los_queue.o
    0x08005866   0x08005866   0x00000002   PAD
    0x08005868   0x08005868   0x00000034   Code   RO          934    i.osQueueReadParameterCheck  los_queue.o
    0x0800589c   0x0800589c   0x00000034   Code   RO          935    i.osQueueWriteParameterCheck  los_queue.o
    0x080058d0   0x080058d0   0x00000004   Code   RO         1053    i.osSchedule        los_hw.o
    0x080058d4   0x080058d4   0x00000054   Code   RO          947    i.osSemInit         los_sem.o
    0x08005928   0x08005928   0x0000001c   Code   RO          993    i.osSlabAllocatorAlloc  los_slab.o
    0x08005944   0x08005944   0x00000038   Code   RO          997    i.osSlabAllocatorFree  los_slab.o
    0x0800597c   0x0800597c   0x00000046   Code   RO         1004    i.osSlabAllocatorNew  los_slab.o
    0x080059c2   0x080059c2   0x00000014   Code   RO         1010    i.osSlabBlockHeadFill  los_slabmem.o
    0x080059d6   0x080059d6   0x00000004   Code   RO          975    i.osSlabCtrlHdrGet  los_memory.o
    0x080059da   0x080059da   0x00000062   Code   RO         1012    i.osSlabMemAlloc    los_slabmem.o
    0x08005a3c   0x08005a3c   0x0000005e   Code   RO         1015    i.osSlabMemFree     los_slabmem.o
    0x08005a9a   0x08005a9a   0x00000002   PAD
    0x08005a9c   0x08005a9c   0x00000058   Code   RO         1016    i.osSlabMemInit     los_slabmem.o
    0x08005af4   0x08005af4   0x00000080   Code   RO          814    i.osSwTmrInit       los_swtmr.o
    0x08005b74   0x08005b74   0x0000018e   Code   RO          815    i.osSwTmrStart      los_swtmr.o
    0x08005d02   0x08005d02   0x00000002   PAD
    0x08005d04   0x08005d04   0x0000003c   Code   RO          816    i.osSwTmrTask       los_swtmr.o
    0x08005d40   0x08005d40   0x00000040   Code   RO          817    i.osSwTmrTaskCreate  los_swtmr.o
    0x08005d80   0x08005d80   0x00000068   Code   RO          818    i.osSwTmrTimeoutHandle  los_swtmr.o
    0x08005de8   0x08005de8   0x00000024   Code   RO          820    i.osSwtmrDelete     los_swtmr.o
    0x08005e0c   0x08005e0c   0x0000001c   Code   RO          821    i.osSwtmrScan       los_swtmr.o
    0x08005e28   0x08005e28   0x00000084   Code   RO          868    i.osTaskAdd2TimerList  los_task.o
    0x08005eac   0x08005eac   0x0000002c   Code   RO          869    i.osTaskEntry       los_task.o
    0x08005ed8   0x08005ed8   0x00000004   Code   RO         1054    i.osTaskExit        los_hw.o
    0x08005edc   0x08005edc   0x000000d4   Code   RO          870    i.osTaskInit        los_task.o
    0x08005fb0   0x08005fb0   0x0000002c   Code   RO          871    i.osTaskMonInit     los_task.o
    0x08005fdc   0x08005fdc   0x000000b4   Code   RO          873    i.osTaskScan        los_task.o
    0x08006090   0x08006090   0x0000013c   Code   RO          874    i.osTaskSwitchCheck  los_task.o
    0x080061cc   0x080061cc   0x0000004c   Code   RO          875    i.osTaskWait        los_task.o
    0x08006218   0x08006218   0x00000040   Code   RO          876    i.osTaskWake        los_task.o
    0x08006258   0x08006258   0x00000028   Code   RO          885    i.osTickHandler     los_tick.o
    0x08006280   0x08006280   0x00000070   Code   RO         1062    i.osTickStart       los_hw_tick.o
    0x080062f0   0x080062f0   0x00000034   Code   RO          877    i.osTimerListDelete  los_task.o
    0x08006324   0x08006324   0x00000038   Code   RO          894    i.osTimesliceCheck  los_timeslice.o
    0x0800635c   0x0800635c   0x00000010   Code   RO          895    i.osTimesliceInit   los_timeslice.o
    0x0800636c   0x0800636c   0x00000084   Code   RO         1055    i.osTskStackInit    los_hw.o
    0x080063f0   0x080063f0   0x00000040   Data   RO          727    .constdata          system_stm32l4xx.o
    0x08006430   0x08006430   0x00000008   Data   RO          728    .constdata          system_stm32l4xx.o
    0x08006438   0x08006438   0x00000040   Data   RO         1252    .constdata          mc_w.l(ctype_c.o)
    0x08006478   0x08006478   0x00000041   Data   RO           19    .conststring        main.o
    0x080064b9   0x080064b9   0x00000003   PAD
    0x080064bc   0x080064bc   0x00000020   Data   RO         1253    Region$$Table       anon$$obj.o


    Execution Region RW_IRAM2 (Exec base: 0x10000000, Load base: 0x080065e0, Size: 0x00000000, Max: 0x00004000, ABSOLUTE)

    **** No section assigned to this execution region ****


    Execution Region RW_IRAM1 (Exec base: 0x20000000, Load base: 0x080064dc, Size: 0x00000818, Max: 0x0000c000, ABSOLUTE)

    Exec Addr    Load Addr    Size         Type   Attr      Idx    E Section Name        Object

    0x20000000   0x080064dc   0x00000020   Data   RW           20    .data               main.o
    0x20000020   0x080064fc   0x0000000c   Data   RW          178    .data               stm32l4xx_hal.o
    0x2000002c   0x08006508   0x00000004   Data   RW          729    .data               system_stm32l4xx.o
    0x20000030   0x0800650c   0x00000008   Data   RW          804    .data               los_priqueue.o
    0x20000038   0x08006514   0x0000001c   Data   RW          825    .data               los_swtmr.o
    0x20000054   0x08006530   0x00000048   Data   RW          880    .data               los_task.o
    0x2000009c   0x08006578   0x00000004   Data   RW          886    .data               los_tick.o
    0x200000a0   0x0800657c   0x00000010   Data   RW          887    .data               los_tick.o
    0x200000b0   0x0800658c   0x00000004   Data   RW          890    .data               los_tick.o
    0x200000b4   0x08006590   0x00000008   Data   RW          896    .data               los_timeslice.o
    0x200000bc   0x08006598   0x0000000c   Data   RW          915    .data               los_mux.o
    0x200000c8   0x080065a4   0x0000000c   Data   RW          936    .data               los_queue.o
    0x200000d4   0x080065b0   0x0000000c   Data   RW          948    .data               los_sem.o
    0x200000e0   0x080065bc   0x00000010   Data   RW          961    .data               los_heap.o
    0x200000f0   0x080065cc   0x00000004   Data   RW          976    .data               los_memory.o
    0x200000f4   0x080065d0   0x00000004   Data   RW         1046    .data               los_init.o
    0x200000f8   0x080065d4   0x00000004   Data   RW         1231    .data               mc_w.l(stdin.o)
    0x200000fc   0x080065d8   0x00000004   Data   RW         1232    .data               mc_w.l(stdout.o)
    0x20000100   0x080065dc   0x00000003   Data   RW         1244    .data               mc_w.l(fgetc_b.o)
    0x20000103   0x080065df   0x00000001   PAD
    0x20000104        -       0x000000ac   Zero   RW           31    .bss                adc.o
    0x200001b0        -       0x0000004c   Zero   RW           42    .bss                tim.o
    0x200001fc        -       0x00000084   Zero   RW           51    .bss                usart.o
    0x20000280        -       0x00000040   Zero   RW          824    .bss                los_swtmr.o
    0x200002c0        -       0x00000156   Zero   RW          878    .bss                los_task.o
    0x20000416   0x080065df   0x00000002   PAD
    0x20000418        -       0x00000400   Zero   RW            1    STACK               startup_stm32l431xx.o


==============================================================================

Image component sizes


      Code (inc. data)   RO Data    RW Data    ZI Data      Debug   Object Name

       344         34          0          0        172          0   adc.o
        44          4          0          0          0          0   dma.o
        96         10          0          0          0          0   gpio.o
       258         24          0          0          0          0   los_dispatch_keil.o
       784        100          0         16          0          0   los_heap.o
       204         18          0          0          0          0   los_hw.o
       112         26          0          0          0          0   los_hw_tick.o
        42          8          0          0          0          0   los_hwi.o
       300        138          0          4          0          0   los_init.o
       332         70          0          4          0          0   los_memory.o
        20          0          0          0          0          0   los_misc.o
       102         14          0         12          0          0   los_mux.o
       220         30          0          8          0          0   los_priqueue.o
      1052         94          0         12          0          0   los_queue.o
        98         12          0         12          0          0   los_sem.o
       328          0          0          0          0          0   los_slab.o
       300          0          0          0          0          0   los_slabmem.o
       818         70          0         28         64          0   los_swtmr.o
        12          4          0          0          0          0   los_sys.o
      2206        290          0         72        342          0   los_task.o
        40          6          0         24          0          0   los_tick.o
        72         16          0          8          0          0   los_timeslice.o
      1766        878         65         32          0          0   main.o
        36          8        396          0       1024          0   startup_stm32l431xx.o
       110         16          0         12          0          0   stm32l4xx_hal.o
      2546        112          0          0          0          0   stm32l4xx_hal_adc.o
        10          0          0          0          0          0   stm32l4xx_hal_adc_ex.o
       198         14          0          0          0          0   stm32l4xx_hal_cortex.o
       536         14          0          0          0          0   stm32l4xx_hal_dma.o
       480         30          0          0          0          0   stm32l4xx_hal_gpio.o
        44          6          0          0          0          0   stm32l4xx_hal_msp.o
       120         20          0          0          0          0   stm32l4xx_hal_pwr_ex.o
      2060         98          0          0          0          0   stm32l4xx_hal_rcc.o
       998         32          0          0          0          0   stm32l4xx_hal_rcc_ex.o
      1068         30          0          0          0          0   stm32l4xx_hal_tim.o
       114         10          0          0          0          0   stm32l4xx_hal_tim_ex.o
      1540         54          0          0          0          0   stm32l4xx_hal_uart.o
        50         18          0          0          0          0   stm32l4xx_it.o
        16          4         72          4          0          0   system_stm32l4xx.o
       160         10          0          0         76          0   tim.o
       240         24          0          0        132          0   usart.o

    ----------------------------------------------------------------------
     19922       2346        568        248       1812          0   Object Totals
         0          0         32          0          0          0   (incl. Generated)
        46          0          3          0          2          0   (incl. Padding)

    ----------------------------------------------------------------------

      Code (inc. data)   RO Data    RW Data    ZI Data      Debug   Library Member Name

        32          6          0          0          0          0   __0scanf.o
       818          4          0          0          0          0   _scanf.o
       230          0          0          0          0          0   _scanf_str.o
        40          6         64          0          0          0   ctype_c.o
         0          0          0          0          0          0   entry.o
         0          0          0          0          0          0   entry10a.o
         0          0          0          0          0          0   entry11a.o
         8          4          0          0          0          0   entry2.o
         4          0          0          0          0          0   entry5.o
         0          0          0          0          0          0   entry7b.o
         0          0          0          0          0          0   entry8b.o
         8          4          0          0          0          0   entry9a.o
        44          6          0          3          0          0   fgetc_b.o
        30          0          0          0          0          0   handlers.o
        36          8          0          0          0          0   init.o
        10          0          0          0          0          0   isspace_c.o
         0          0          0          0          0          0   iusefp.o
         0          0          0          0          0          0   iusesemig.o
        30          0          0          0          0          0   llshl.o
        36          0          0          0          0          0   llsshr.o
        32          0          0          0          0          0   llushr.o
        36          0          0          0          0          0   memcpya.o
        36          0          0          0          0          0   memseta.o
      2270         90          0          0          0          0   printfa.o
        40          8          0          0          0          0   scanf_char.o
        20          8          0          0          0          0   scanf_char_file.o
         0          0          0          0          0          0   semi.o
         0          0          0          4          0          0   stdin.o
         0          0          0          4          0          0   stdout.o
        28          0          0          0          0          0   strcmp.o
        44          0          0          0          0          0   uidiv.o
       104          0          0          0          0          0   uldiv.o
        48          0          0          0          0          0   cdrcmple.o
        56          0          0          0          0          0   d2f.o
       350          0          0          0          0          0   dadd.o
       222          0          0          0          0          0   ddiv.o
       186          0          0          0          0          0   depilogue.o
        48          0          0          0          0          0   dfixul.o
        26          0          0          0          0          0   dfltui.o
       234          0          0          0          0          0   dmul.o
        38          0          0          0          0          0   f2d.o
       110          0          0          0          0          0   fepilogue.o

    ----------------------------------------------------------------------
      5266        144         64         12          0          0   Library Totals
        12          0          0          1          0          0   (incl. Padding)

    ----------------------------------------------------------------------

      Code (inc. data)   RO Data    RW Data    ZI Data      Debug   Library Name

      3936        144         64         11          0          0   mc_w.l
      1318          0          0          0          0          0   mf_w.l

    ----------------------------------------------------------------------
      5266        144         64         12          0          0   Library Totals

    ----------------------------------------------------------------------

==============================================================================


      Code (inc. data)   RO Data    RW Data    ZI Data      Debug   

     25188       2490        632        260       1812          0   Grand Totals
     25188       2490        632        260       1812          0   ELF Image Totals
     25188       2490        632        260          0          0   ROM Totals

==============================================================================

    Total RO  Size (Code + RO Data)                25820 (  25.21kB)
    Total RW  Size (RW Data + ZI Data)              2072 (   2.02kB)
    Total ROM Size (Code + RO Data + RW Data)      26080 (  25.47kB)

==============================================================================

