Component: Arm Compiler for Embedded 6.18 Tool: armlink [5e4cc100]

==============================================================================

Section Cross References

    startup_stm32l431xx.o(RESET) refers to startup_stm32l431xx.o(STACK) for __initial_sp
    startup_stm32l431xx.o(RESET) refers to startup_stm32l431xx.o(.text) for Reset_Handler
    startup_stm32l431xx.o(RESET) refers to stm32l4xx_it.o(.text.NMI_Handler) for NMI_Handler
    startup_stm32l431xx.o(RESET) refers to stm32l4xx_it.o(.text.HardFault_Handler) for HardFault_Handler
    startup_stm32l431xx.o(RESET) refers to stm32l4xx_it.o(.text.MemManage_Handler) for MemManage_Handler
    startup_stm32l431xx.o(RESET) refers to stm32l4xx_it.o(.text.BusFault_Handler) for BusFault_Handler
    startup_stm32l431xx.o(RESET) refers to stm32l4xx_it.o(.text.UsageFault_Handler) for UsageFault_Handler
    startup_stm32l431xx.o(RESET) refers to stm32l4xx_it.o(.text.SVC_Handler) for SVC_Handler
    startup_stm32l431xx.o(RESET) refers to stm32l4xx_it.o(.text.DebugMon_Handler) for DebugMon_Handler
    startup_stm32l431xx.o(RESET) refers to stm32l4xx_it.o(.text.PendSV_Handler) for PendSV_Handler
    startup_stm32l431xx.o(RESET) refers to stm32l4xx_it.o(.text.SysTick_Handler) for SysTick_Handler
    startup_stm32l431xx.o(RESET) refers to stm32l4xx_it.o(.text.DMA1_Channel1_IRQHandler) for DMA1_Channel1_IRQHandler
    startup_stm32l431xx.o(RESET) refers to stm32l4xx_it.o(.text.ADC1_IRQHandler) for ADC1_IRQHandler
    startup_stm32l431xx.o(.text) refers to system_stm32l4xx.o(.text.SystemInit) for SystemInit
    startup_stm32l431xx.o(.text) refers to entry.o(.ARM.Collect$$$$00000000) for __main
    main.o(.text.main) refers to stm32l4xx_hal.o(.text.HAL_Init) for HAL_Init
    main.o(.text.main) refers to memseta.o(.text) for __aeabi_memclr4
    main.o(.text.main) refers to stm32l4xx_hal_pwr_ex.o(.text.HAL_PWREx_ControlVoltageScaling) for HAL_PWREx_ControlVoltageScaling
    main.o(.text.main) refers to stm32l4xx_hal_rcc.o(.text.HAL_RCC_OscConfig) for HAL_RCC_OscConfig
    main.o(.text.main) refers to stm32l4xx_hal_rcc.o(.text.HAL_RCC_ClockConfig) for HAL_RCC_ClockConfig
    main.o(.text.main) refers to gpio.o(.text.MX_GPIO_Init) for MX_GPIO_Init
    main.o(.text.main) refers to dma.o(.text.MX_DMA_Init) for MX_DMA_Init
    main.o(.text.main) refers to adc.o(.text.MX_ADC1_Init) for MX_ADC1_Init
    main.o(.text.main) refers to usart.o(.text.MX_USART2_UART_Init) for MX_USART2_UART_Init
    main.o(.text.main) refers to main.o(.bss..L_MergedGlobals) for .L_MergedGlobals
    main.o(.text.main) refers to adc.o(.bss.hadc1) for hadc1
    main.o(.text.main) refers to stm32l4xx_hal_adc.o(.text.HAL_ADC_Start_DMA) for HAL_ADC_Start_DMA
    main.o(.text.main) refers to dfltui.o(.text) for __aeabi_ui2d
    main.o(.text.main) refers to dmul.o(.text) for __aeabi_dmul
    main.o(.text.main) refers to d2f.o(.text) for __aeabi_d2f
    main.o(.text.main) refers to f2d.o(.text) for __aeabi_f2d
    main.o(.text.main) refers to printfa.o(i.__0printf) for __2printf
    main.o(.text.main) refers to stm32l4xx_hal.o(.text.HAL_Delay) for HAL_Delay
    main.o(.ARM.exidx.text.main) refers to main.o(.text.main) for [Anonymous Symbol]
    main.o(.text.SystemClock_Config) refers to memseta.o(.text) for __aeabi_memclr4
    main.o(.text.SystemClock_Config) refers to stm32l4xx_hal_pwr_ex.o(.text.HAL_PWREx_ControlVoltageScaling) for HAL_PWREx_ControlVoltageScaling
    main.o(.text.SystemClock_Config) refers to stm32l4xx_hal_rcc.o(.text.HAL_RCC_OscConfig) for HAL_RCC_OscConfig
    main.o(.text.SystemClock_Config) refers to stm32l4xx_hal_rcc.o(.text.HAL_RCC_ClockConfig) for HAL_RCC_ClockConfig
    main.o(.ARM.exidx.text.SystemClock_Config) refers to main.o(.text.SystemClock_Config) for [Anonymous Symbol]
    main.o(.ARM.exidx.text.Error_Handler) refers to main.o(.text.Error_Handler) for [Anonymous Symbol]
    gpio.o(.ARM.exidx.text.MX_GPIO_Init) refers to gpio.o(.text.MX_GPIO_Init) for [Anonymous Symbol]
    adc.o(.text.MX_ADC1_Init) refers to adc.o(.bss.hadc1) for hadc1
    adc.o(.text.MX_ADC1_Init) refers to stm32l4xx_hal_adc.o(.text.HAL_ADC_Init) for HAL_ADC_Init
    adc.o(.text.MX_ADC1_Init) refers to main.o(.text.Error_Handler) for Error_Handler
    adc.o(.text.MX_ADC1_Init) refers to stm32l4xx_hal_adc.o(.text.HAL_ADC_ConfigChannel) for HAL_ADC_ConfigChannel
    adc.o(.ARM.exidx.text.MX_ADC1_Init) refers to adc.o(.text.MX_ADC1_Init) for [Anonymous Symbol]
    adc.o(.text.HAL_ADC_MspInit) refers to memseta.o(.text) for __aeabi_memclr4
    adc.o(.text.HAL_ADC_MspInit) refers to stm32l4xx_hal_rcc_ex.o(.text.HAL_RCCEx_PeriphCLKConfig) for HAL_RCCEx_PeriphCLKConfig
    adc.o(.text.HAL_ADC_MspInit) refers to main.o(.text.Error_Handler) for Error_Handler
    adc.o(.text.HAL_ADC_MspInit) refers to stm32l4xx_hal_gpio.o(.text.HAL_GPIO_Init) for HAL_GPIO_Init
    adc.o(.text.HAL_ADC_MspInit) refers to adc.o(.bss.hdma_adc1) for hdma_adc1
[...]
    Removing stm32l4xx_hal_gpio.o(.ARM.exidx.text.HAL_GPIO_EXTI_Callback), (8 bytes).
    Removing stm32l4xx_hal_dma.o(.text), (0 bytes).
    Removing stm32l4xx_hal_dma.o(.ARM.exidx.text.HAL_DMA_Init), (8 bytes).
    Removing stm32l4xx_hal_dma.o(.text.HAL_DMA_DeInit), (168 bytes).
    Removing stm32l4xx_hal_dma.o(.ARM.exidx.text.HAL_DMA_DeInit), (8 bytes).
    Removing stm32l4xx_hal_dma.o(.text.HAL_DMA_Start), (116 bytes).
    Removing stm32l4xx_hal_dma.o(.ARM.exidx.text.HAL_DMA_Start), (8 bytes).
    Removing stm32l4xx_hal_dma.o(.ARM.exidx.text.HAL_DMA_Start_IT), (8 bytes).
    Removing stm32l4xx_hal_dma.o(.text.HAL_DMA_Abort), (74 bytes).
    Removing stm32l4xx_hal_dma.o(.ARM.exidx.text.HAL_DMA_Abort), (8 bytes).
    Removing stm32l4xx_hal_dma.o(.text.HAL_DMA_Abort_IT), (88 bytes).
    Removing stm32l4xx_hal_dma.o(.ARM.exidx.text.HAL_DMA_Abort_IT), (8 bytes).
    Removing stm32l4xx_hal_dma.o(.text.HAL_DMA_PollForTransfer), (308 bytes).
    Removing stm32l4xx_hal_dma.o(.ARM.exidx.text.HAL_DMA_PollForTransfer), (8 bytes).
    Removing stm32l4xx_hal_dma.o(.ARM.exidx.text.HAL_DMA_IRQHandler), (8 bytes).
    Removing stm32l4xx_hal_dma.o(.text.HAL_DMA_RegisterCallback), (86 bytes).
    Removing stm32l4xx_hal_dma.o(.ARM.exidx.text.HAL_DMA_RegisterCallback), (8 bytes).
    Removing stm32l4xx_hal_dma.o(.text.HAL_DMA_UnRegisterCallback), (120 bytes).
    Removing stm32l4xx_hal_dma.o(.ARM.exidx.text.HAL_DMA_UnRegisterCallback), (8 bytes).
    Removing stm32l4xx_hal_dma.o(.text.HAL_DMA_GetState), (6 bytes).
    Removing stm32l4xx_hal_dma.o(.ARM.exidx.text.HAL_DMA_GetState), (8 bytes).
    Removing stm32l4xx_hal_dma.o(.text.HAL_DMA_GetError), (4 bytes).
    Removing stm32l4xx_hal_dma.o(.ARM.exidx.text.HAL_DMA_GetError), (8 bytes).
    Removing stm32l4xx_hal_dma_ex.o(.text), (0 bytes).
    Removing stm32l4xx_hal_pwr.o(.text), (0 bytes).
    Removing stm32l4xx_hal_pwr.o(.text.HAL_PWR_DeInit), (26 bytes).
    Removing stm32l4xx_hal_pwr.o(.ARM.exidx.text.HAL_PWR_DeInit), (8 bytes).
    Removing stm32l4xx_hal_pwr.o(.text.HAL_PWR_EnableBkUpAccess), (18 bytes).
    Removing stm32l4xx_hal_pwr.o(.ARM.exidx.text.HAL_PWR_EnableBkUpAccess), (8 bytes).
    Removing stm32l4xx_hal_pwr.o(.text.HAL_PWR_DisableBkUpAccess), (18 bytes).
    Removing stm32l4xx_hal_pwr.o(.ARM.exidx.text.HAL_PWR_DisableBkUpAccess), (8 bytes).
    Removing stm32l4xx_hal_pwr.o(.text.HAL_PWR_ConfigPVD), (136 bytes).
    Removing stm32l4xx_hal_pwr.o(.ARM.exidx.text.HAL_PWR_ConfigPVD), (8 bytes).
    Removing stm32l4xx_hal_pwr.o(.text.HAL_PWR_EnablePVD), (18 bytes).
    Removing stm32l4xx_hal_pwr.o(.ARM.exidx.text.HAL_PWR_EnablePVD), (8 bytes).
    Removing stm32l4xx_hal_pwr.o(.text.HAL_PWR_DisablePVD), (18 bytes).
    Removing stm32l4xx_hal_pwr.o(.ARM.exidx.text.HAL_PWR_DisablePVD), (8 bytes).
    Removing stm32l4xx_hal_pwr.o(.text.HAL_PWR_EnableWakeUpPin), (30 bytes).
    Removing stm32l4xx_hal_pwr.o(.ARM.exidx.text.HAL_PWR_EnableWakeUpPin), (8 bytes).
    Removing stm32l4xx_hal_pwr.o(.text.HAL_PWR_DisableWakeUpPin), (24 bytes).
    Removing stm32l4xx_hal_pwr.o(.ARM.exidx.text.HAL_PWR_DisableWakeUpPin), (8 bytes).
    Removing stm32l4xx_hal_pwr.o(.text.HAL_PWR_EnterSLEEPMode), (76 bytes).
    Removing stm32l4xx_hal_pwr.o(.ARM.exidx.text.HAL_PWR_EnterSLEEPMode), (8 bytes).
    Removing stm32l4xx_hal_pwr.o(.text.HAL_PWR_EnterSTOPMode), (16 bytes).
    Removing stm32l4xx_hal_pwr.o(.ARM.exidx.text.HAL_PWR_EnterSTOPMode), (8 bytes).
    Removing stm32l4xx_hal_pwr.o(.text.HAL_PWR_EnterSTANDBYMode), (38 bytes).
    Removing stm32l4xx_hal_pwr.o(.ARM.exidx.text.HAL_PWR_EnterSTANDBYMode), (8 bytes).
    Removing stm32l4xx_hal_pwr.o(.text.HAL_PWR_EnableSleepOnExit), (18 bytes).
    Removing stm32l4xx_hal_pwr.o(.ARM.exidx.text.HAL_PWR_EnableSleepOnExit), (8 bytes).
    Removing stm32l4xx_hal_pwr.o(.text.HAL_PWR_DisableSleepOnExit), (18 bytes).
    Removing stm32l4xx_hal_pwr.o(.ARM.exidx.text.HAL_PWR_DisableSleepOnExit), (8 bytes).
    Removing stm32l4xx_hal_pwr.o(.text.HAL_PWR_EnableSEVOnPend), (18 bytes).
    Removing stm32l4xx_hal_pwr.o(.ARM.exidx.text.HAL_PWR_EnableSEVOnPend), (8 bytes).
    Removing stm32l4xx_hal_pwr.o(.text.HAL_PWR_DisableSEVOnPend), (18 bytes).
    Removing stm32l4xx_hal_pwr.o(.ARM.exidx.text.HAL_PWR_DisableSEVOnPend), (8 bytes).
    Removing stm32l4xx_hal_pwr.o(.text.HAL_PWR_PVDCallback), (2 bytes).
    Removing stm32l4xx_hal_pwr.o(.ARM.exidx.text.HAL_PWR_PVDCallback), (8 bytes).
    Removing stm32l4xx_hal_pwr_ex.o(.text), (0 bytes).
    Removing stm32l4xx_hal_pwr_ex.o(.ARM.exidx.text.HAL_PWREx_GetVoltageRange), (8 bytes).
    Removing stm32l4xx_hal_pwr_ex.o(.ARM.exidx.text.HAL_PWREx_ControlVoltageScaling), (8 bytes).
    Removing stm32l4xx_hal_pwr_ex.o(.text.HAL_PWREx_EnableBatteryCharging), (28 bytes).
    Removing stm32l4xx_hal_pwr_ex.o(.ARM.exidx.text.HAL_PWREx_EnableBatteryCharging), (8 bytes).
    Removing stm32l4xx_hal_pwr_ex.o(.text.HAL_PWREx_DisableBatteryCharging), (18 bytes).
    Removing stm32l4xx_hal_pwr_ex.o(.ARM.exidx.text.HAL_PWREx_DisableBatteryCharging), (8 bytes).
    Removing stm32l4xx_hal_pwr_ex.o(.text.HAL_PWREx_EnableInternalWakeUpLine), (18 bytes).
    Removing stm32l4xx_hal_pwr_ex.o(.ARM.exidx.text.HAL_PWREx_EnableInternalWakeUpLine), (8 bytes).
    Removing stm32l4xx_hal_pwr_ex.o(.text.HAL_PWREx_DisableInternalWakeUpLine), (18 bytes).
    Removing stm32l4xx_hal_pwr_ex.o(.ARM.exidx.text.HAL_PWREx_DisableInternalWakeUpLine), (8 bytes).
    Removing stm32l4xx_hal_pwr_ex.o(.text.HAL_PWREx_EnableGPIOPullUp), (168 bytes).
    Removing stm32l4xx_hal_pwr_ex.o(.ARM.exidx.text.HAL_PWREx_EnableGPIOPullUp), (8 bytes).
    Removing stm32l4xx_hal_pwr_ex.o(.text.HAL_PWREx_DisableGPIOPullUp), (158 bytes).
    Removing stm32l4xx_hal_pwr_ex.o(.ARM.exidx.text.HAL_PWREx_DisableGPIOPullUp), (8 bytes).
    Removing stm32l4xx_hal_pwr_ex.o(.text.HAL_PWREx_EnableGPIOPullDown), (206 bytes).
    Removing stm32l4xx_hal_pwr_ex.o(.ARM.exidx.text.HAL_PWREx_EnableGPIOPullDown), (8 bytes).
    Removing stm32l4xx_hal_pwr_ex.o(.text.HAL_PWREx_DisableGPIOPullDown), (98 bytes).
    Removing stm32l4xx_hal_pwr_ex.o(.ARM.exidx.text.HAL_PWREx_DisableGPIOPullDown), (8 bytes).
    Removing stm32l4xx_hal_pwr_ex.o(.text.HAL_PWREx_EnablePullUpPullDownConfig), (18 bytes).
    Removing stm32l4xx_hal_pwr_ex.o(.ARM.exidx.text.HAL_PWREx_EnablePullUpPullDownConfig), (8 bytes).
    Removing stm32l4xx_hal_pwr_ex.o(.text.HAL_PWREx_DisablePullUpPullDownConfig), (18 bytes).
    Removing stm32l4xx_hal_pwr_ex.o(.ARM.exidx.text.HAL_PWREx_DisablePullUpPullDownConfig), (8 bytes).
    Removing stm32l4xx_hal_pwr_ex.o(.text.HAL_PWREx_EnableSRAM2ContentRetention), (18 bytes).
    Removing stm32l4xx_hal_pwr_ex.o(.ARM.exidx.text.HAL_PWREx_EnableSRAM2ContentRetention), (8 bytes).
    Removing stm32l4xx_hal_pwr_ex.o(.text.HAL_PWREx_SetSRAM2ContentRetention), (48 bytes).
    Removing stm32l4xx_hal_pwr_ex.o(.ARM.exidx.text.HAL_PWREx_SetSRAM2ContentRetention), (8 bytes).
    Removing stm32l4xx_hal_pwr_ex.o(.text.HAL_PWREx_DisableSRAM2ContentRetention), (18 bytes).
    Removing stm32l4xx_hal_pwr_ex.o(.ARM.exidx.text.HAL_PWREx_DisableSRAM2ContentRetention), (8 bytes).
    Removing stm32l4xx_hal_pwr_ex.o(.text.HAL_PWREx_EnablePVM3), (18 bytes).
    Removing stm32l4xx_hal_pwr_ex.o(.ARM.exidx.text.HAL_PWREx_EnablePVM3), (8 bytes).
    Removing stm32l4xx_hal_pwr_ex.o(.text.HAL_PWREx_DisablePVM3), (18 bytes).
    Removing stm32l4xx_hal_pwr_ex.o(.ARM.exidx.text.HAL_PWREx_DisablePVM3), (8 bytes).
    Removing stm32l4xx_hal_pwr_ex.o(.text.HAL_PWREx_EnablePVM4), (18 bytes).
    Removing stm32l4xx_hal_pwr_ex.o(.ARM.exidx.text.HAL_PWREx_EnablePVM4), (8 bytes).
    Removing stm32l4xx_hal_pwr_ex.o(.text.HAL_PWREx_DisablePVM4), (18 bytes).
    Removing stm32l4xx_hal_pwr_ex.o(.ARM.exidx.text.HAL_PWREx_DisablePVM4), (8 bytes).
    Removing stm32l4xx_hal_pwr_ex.o(.text.HAL_PWREx_ConfigPVM), (236 bytes).
    Removing stm32l4xx_hal_pwr_ex.o(.ARM.exidx.text.HAL_PWREx_ConfigPVM), (8 bytes).
    Removing stm32l4xx_hal_pwr_ex.o(.text.HAL_PWREx_EnableLowPowerRunMode), (18 bytes).
    Removing stm32l4xx_hal_pwr_ex.o(.ARM.exidx.text.HAL_PWREx_EnableLowPowerRunMode), (8 bytes).
    Removing stm32l4xx_hal_pwr_ex.o(.text.HAL_PWREx_DisableLowPowerRunMode), (102 bytes).
    Removing stm32l4xx_hal_pwr_ex.o(.ARM.exidx.text.HAL_PWREx_DisableLowPowerRunMode), (8 bytes).
    Removing stm32l4xx_hal_pwr_ex.o(.text.HAL_PWREx_EnterSTOP0Mode), (54 bytes).
    Removing stm32l4xx_hal_pwr_ex.o(.ARM.exidx.text.HAL_PWREx_EnterSTOP0Mode), (8 bytes).
    Removing stm32l4xx_hal_pwr_ex.o(.text.HAL_PWREx_EnterSTOP1Mode), (60 bytes).
    Removing stm32l4xx_hal_pwr_ex.o(.ARM.exidx.text.HAL_PWREx_EnterSTOP1Mode), (8 bytes).
    Removing stm32l4xx_hal_pwr_ex.o(.text.HAL_PWREx_EnterSTOP2Mode), (60 bytes).
    Removing stm32l4xx_hal_pwr_ex.o(.ARM.exidx.text.HAL_PWREx_EnterSTOP2Mode), (8 bytes).
    Removing stm32l4xx_hal_pwr_ex.o(.text.HAL_PWREx_EnterSHUTDOWNMode), (38 bytes).
    Removing stm32l4xx_hal_pwr_ex.o(.ARM.exidx.text.HAL_PWREx_EnterSHUTDOWNMode), (8 bytes).
    Removing stm32l4xx_hal_pwr_ex.o(.text.HAL_PWREx_PVD_PVM_IRQHandler), (62 bytes).
    Removing stm32l4xx_hal_pwr_ex.o(.ARM.exidx.text.HAL_PWREx_PVD_PVM_IRQHandler), (8 bytes).
    Removing stm32l4xx_hal_pwr_ex.o(.text.HAL_PWREx_PVM3Callback), (2 bytes).
    Removing stm32l4xx_hal_pwr_ex.o(.ARM.exidx.text.HAL_PWREx_PVM3Callback), (8 bytes).
    Removing stm32l4xx_hal_pwr_ex.o(.text.HAL_PWREx_PVM4Callback), (2 bytes).
    Removing stm32l4xx_hal_pwr_ex.o(.ARM.exidx.text.HAL_PWREx_PVM4Callback), (8 bytes).
    Removing stm32l4xx_hal_cortex.o(.text), (0 bytes).
    Removing stm32l4xx_hal_cortex.o(.ARM.exidx.text.HAL_NVIC_SetPriorityGrouping), (8 bytes).
    Removing stm32l4xx_hal_cortex.o(.ARM.exidx.text.HAL_NVIC_SetPriority), (8 bytes).
    Removing stm32l4xx_hal_cortex.o(.ARM.exidx.text.HAL_NVIC_EnableIRQ), (8 bytes).
    Removing stm32l4xx_hal_cortex.o(.text.HAL_NVIC_DisableIRQ), (40 bytes).
    Removing stm32l4xx_hal_cortex.o(.ARM.exidx.text.HAL_NVIC_DisableIRQ), (8 bytes).
    Removing stm32l4xx_hal_cortex.o(.text.HAL_NVIC_SystemReset), (4 bytes).
    Removing stm32l4xx_hal_cortex.o(.ARM.exidx.text.HAL_NVIC_SystemReset), (8 bytes).
    Removing stm32l4xx_hal_cortex.o(.text.__NVIC_SystemReset), (42 bytes).
    Removing stm32l4xx_hal_cortex.o(.ARM.exidx.text.__NVIC_SystemReset), (8 bytes).
    Removing stm32l4xx_hal_cortex.o(.ARM.exidx.text.HAL_SYSTICK_Config), (8 bytes).
    Removing stm32l4xx_hal_cortex.o(.text.HAL_NVIC_GetPriorityGrouping), (16 bytes).
    Removing stm32l4xx_hal_cortex.o(.ARM.exidx.text.HAL_NVIC_GetPriorityGrouping), (8 bytes).
    Removing stm32l4xx_hal_cortex.o(.text.HAL_NVIC_GetPriority), (88 bytes).
    Removing stm32l4xx_hal_cortex.o(.ARM.exidx.text.HAL_NVIC_GetPriority), (8 bytes).
    Removing stm32l4xx_hal_cortex.o(.text.HAL_NVIC_SetPendingIRQ), (32 bytes).
    Removing stm32l4xx_hal_cortex.o(.ARM.exidx.text.HAL_NVIC_SetPendingIRQ), (8 bytes).
    Removing stm32l4xx_hal_cortex.o(.text.HAL_NVIC_GetPendingIRQ), (36 bytes).
    Removing stm32l4xx_hal_cortex.o(.ARM.exidx.text.HAL_NVIC_GetPendingIRQ), (8 bytes).
    Removing stm32l4xx_hal_cortex.o(.text.HAL_NVIC_ClearPendingIRQ), (32 bytes).
    Removing stm32l4xx_hal_cortex.o(.ARM.exidx.text.HAL_NVIC_ClearPendingIRQ), (8 bytes).
    Removing stm32l4xx_hal_cortex.o(.text.HAL_NVIC_GetActive), (36 bytes).
    Removing stm32l4xx_hal_cortex.o(.ARM.exidx.text.HAL_NVIC_GetActive), (8 bytes).
    Removing stm32l4xx_hal_cortex.o(.text.HAL_SYSTICK_CLKSourceConfig), (24 bytes).
    Removing stm32l4xx_hal_cortex.o(.ARM.exidx.text.HAL_SYSTICK_CLKSourceConfig), (8 bytes).
    Removing stm32l4xx_hal_cortex.o(.text.HAL_SYSTICK_IRQHandler), (4 bytes).
    Removing stm32l4xx_hal_cortex.o(.ARM.exidx.text.HAL_SYSTICK_IRQHandler), (8 bytes).
    Removing stm32l4xx_hal_cortex.o(.text.HAL_SYSTICK_Callback), (2 bytes).
    Removing stm32l4xx_hal_cortex.o(.ARM.exidx.text.HAL_SYSTICK_Callback), (8 bytes).
    Removing stm32l4xx_hal_cortex.o(.text.HAL_MPU_Enable), (24 bytes).
    Removing stm32l4xx_hal_cortex.o(.ARM.exidx.text.HAL_MPU_Enable), (8 bytes).
    Removing stm32l4xx_hal_cortex.o(.text.HAL_MPU_Disable), (18 bytes).
    Removing stm32l4xx_hal_cortex.o(.ARM.exidx.text.HAL_MPU_Disable), (8 bytes).
    Removing stm32l4xx_hal_cortex.o(.text.HAL_MPU_ConfigRegion), (96 bytes).
    Removing stm32l4xx_hal_cortex.o(.ARM.exidx.text.HAL_MPU_ConfigRegion), (8 bytes).
    Removing stm32l4xx_hal_exti.o(.text), (0 bytes).
    Removing stm32l4xx_hal_exti.o(.text.HAL_EXTI_SetConfigLine), (214 bytes).
    Removing stm32l4xx_hal_exti.o(.ARM.exidx.text.HAL_EXTI_SetConfigLine), (8 bytes).
    Removing stm32l4xx_hal_exti.o(.text.HAL_EXTI_GetConfigLine), (166 bytes).
    Removing stm32l4xx_hal_exti.o(.ARM.exidx.text.HAL_EXTI_GetConfigLine), (8 bytes).
    Removing stm32l4xx_hal_exti.o(.text.HAL_EXTI_ClearConfigLine), (148 bytes).
    Removing stm32l4xx_hal_exti.o(.ARM.exidx.text.HAL_EXTI_ClearConfigLine), (8 bytes).
    Removing stm32l4xx_hal_exti.o(.text.HAL_EXTI_RegisterCallback), (12 bytes).
    Removing stm32l4xx_hal_exti.o(.ARM.exidx.text.HAL_EXTI_RegisterCallback), (8 bytes).
    Removing stm32l4xx_hal_exti.o(.text.HAL_EXTI_GetHandle), (12 bytes).
    Removing stm32l4xx_hal_exti.o(.ARM.exidx.text.HAL_EXTI_GetHandle), (8 bytes).
    Removing stm32l4xx_hal_exti.o(.text.HAL_EXTI_IRQHandler), (58 bytes).
    Removing stm32l4xx_hal_exti.o(.ARM.exidx.text.HAL_EXTI_IRQHandler), (8 bytes).
    Removing stm32l4xx_hal_exti.o(.text.HAL_EXTI_GetPending), (32 bytes).
    Removing stm32l4xx_hal_exti.o(.ARM.exidx.text.HAL_EXTI_GetPending), (8 bytes).
    Removing stm32l4xx_hal_exti.o(.text.HAL_EXTI_ClearPending), (30 bytes).
    Removing stm32l4xx_hal_exti.o(.ARM.exidx.text.HAL_EXTI_ClearPending), (8 bytes).
    Removing stm32l4xx_hal_exti.o(.text.HAL_EXTI_GenerateSWI), (30 bytes).
    Removing stm32l4xx_hal_exti.o(.ARM.exidx.text.HAL_EXTI_GenerateSWI), (8 bytes).
    Removing stm32l4xx_hal_tim.o(.text), (0 bytes).
    Removing stm32l4xx_hal_tim_ex.o(.text), (0 bytes).
    Removing stm32l4xx_hal_uart.o(.text), (0 bytes).
    Removing stm32l4xx_hal_uart.o(.ARM.exidx.text.HAL_UART_Init), (8 bytes).
    Removing stm32l4xx_hal_uart.o(.text.HAL_UART_MspInit), (2 bytes).
    Removing stm32l4xx_hal_uart.o(.ARM.exidx.text.HAL_UART_MspInit), (8 bytes).
    Removing stm32l4xx_hal_uart.o(.ARM.exidx.text.UART_SetConfig), (8 bytes).
    Removing stm32l4xx_hal_uart.o(.ARM.exidx.text.UART_AdvFeatureConfig), (8 bytes).
    Removing stm32l4xx_hal_uart.o(.text.UART_CheckIdleState), (106 bytes).
    Removing stm32l4xx_hal_uart.o(.ARM.exidx.text.UART_CheckIdleState), (8 bytes).
    Removing stm32l4xx_hal_uart.o(.text.HAL_HalfDuplex_Init), (202 bytes).
    Removing stm32l4xx_hal_uart.o(.ARM.exidx.text.HAL_HalfDuplex_Init), (8 bytes).
    Removing stm32l4xx_hal_uart.o(.text.HAL_LIN_Init), (222 bytes).
    Removing stm32l4xx_hal_uart.o(.ARM.exidx.text.HAL_LIN_Init), (8 bytes).
    Removing stm32l4xx_hal_uart.o(.text.HAL_MultiProcessor_Init), (222 bytes).
    Removing stm32l4xx_hal_uart.o(.ARM.exidx.text.HAL_MultiProcessor_Init), (8 bytes).
    Removing stm32l4xx_hal_uart.o(.text.HAL_UART_DeInit), (56 bytes).
    Removing stm32l4xx_hal_uart.o(.ARM.exidx.text.HAL_UART_DeInit), (8 bytes).
    Removing stm32l4xx_hal_uart.o(.text.HAL_UART_MspDeInit), (2 bytes).
    Removing stm32l4xx_hal_uart.o(.ARM.exidx.text.HAL_UART_MspDeInit), (8 bytes).
    Removing stm32l4xx_hal_uart.o(.ARM.exidx.text.HAL_UART_Transmit), (8 bytes).
    Removing stm32l4xx_hal_uart.o(.ARM.exidx.text.UART_WaitOnFlagUntilTimeout), (8 bytes).
    Removing stm32l4xx_hal_uart.o(.text.HAL_UART_Receive), (252 bytes).
    Removing stm32l4xx_hal_uart.o(.ARM.exidx.text.HAL_UART_Receive), (8 bytes).
    Removing stm32l4xx_hal_uart.o(.text.HAL_UART_Transmit_IT), (180 bytes).
    Removing stm32l4xx_hal_uart.o(.ARM.exidx.text.HAL_UART_Transmit_IT), (8 bytes).
    Removing stm32l4xx_hal_uart.o(.text.UART_TxISR_16BIT), (200 bytes).
    Removing stm32l4xx_hal_uart.o(.ARM.exidx.text.UART_TxISR_16BIT), (8 bytes).
    Removing stm32l4xx_hal_uart.o(.text.UART_TxISR_8BIT), (196 bytes).
    Removing stm32l4xx_hal_uart.o(.ARM.exidx.text.UART_TxISR_8BIT), (8 bytes).
    Removing stm32l4xx_hal_uart.o(.text.HAL_UART_Receive_IT), (182 bytes).
    Removing stm32l4xx_hal_uart.o(.ARM.exidx.text.HAL_UART_Receive_IT), (8 bytes).
    Removing stm32l4xx_hal_uart.o(.text.UART_Start_Receive_IT), (374 bytes).
    Removing stm32l4xx_hal_uart.o(.ARM.exidx.text.UART_Start_Receive_IT), (8 bytes).
    Removing stm32l4xx_hal_uart.o(.text.HAL_UART_Transmit_DMA), (244 bytes).
    Removing stm32l4xx_hal_uart.o(.ARM.exidx.text.HAL_UART_Transmit_DMA), (8 bytes).
    Removing stm32l4xx_hal_uart.o(.text.UART_DMATransmitCplt), (176 bytes).
    Removing stm32l4xx_hal_uart.o(.ARM.exidx.text.UART_DMATransmitCplt), (8 bytes).
    Removing stm32l4xx_hal_uart.o(.text.UART_DMATxHalfCplt), (6 bytes).
    Removing stm32l4xx_hal_uart.o(.ARM.exidx.text.UART_DMATxHalfCplt), (8 bytes).
    Removing stm32l4xx_hal_uart.o(.text.UART_DMAError), (396 bytes).
    Removing stm32l4xx_hal_uart.o(.ARM.exidx.text.UART_DMAError), (8 bytes).
    Removing stm32l4xx_hal_uart.o(.text.HAL_UART_Receive_DMA), (508 bytes).
    Removing stm32l4xx_hal_uart.o(.ARM.exidx.text.HAL_UART_Receive_DMA), (8 bytes).
    Removing stm32l4xx_hal_uart.o(.text.UART_Start_Receive_DMA), (330 bytes).
    Removing stm32l4xx_hal_uart.o(.ARM.exidx.text.UART_Start_Receive_DMA), (8 bytes).
    Removing stm32l4xx_hal_uart.o(.text.HAL_UART_DMAPause), (364 bytes).
    Removing stm32l4xx_hal_uart.o(.ARM.exidx.text.HAL_UART_DMAPause), (8 bytes).
    Removing stm32l4xx_hal_uart.o(.text.HAL_UART_DMAResume), (352 bytes).
    Removing stm32l4xx_hal_uart.o(.ARM.exidx.text.HAL_UART_DMAResume), (8 bytes).
    Removing stm32l4xx_hal_uart.o(.text.HAL_UART_DMAStop), (574 bytes).
    Removing stm32l4xx_hal_uart.o(.ARM.exidx.text.HAL_UART_DMAStop), (8 bytes).
    Removing stm32l4xx_hal_uart.o(.text.HAL_UART_Abort), (504 bytes).
    Removing stm32l4xx_hal_uart.o(.ARM.exidx.text.HAL_UART_Abort), (8 bytes).
    Removing stm32l4xx_hal_uart.o(.text.HAL_UART_AbortTransmit), (212 bytes).
    Removing stm32l4xx_hal_uart.o(.ARM.exidx.text.HAL_UART_AbortTransmit), (8 bytes).
    Removing stm32l4xx_hal_uart.o(.text.HAL_UART_AbortReceive), (384 bytes).
    Removing stm32l4xx_hal_uart.o(.ARM.exidx.text.HAL_UART_AbortReceive), (8 bytes).
    Removing stm32l4xx_hal_uart.o(.text.HAL_UART_Abort_IT), (540 bytes).
    Removing stm32l4xx_hal_uart.o(.ARM.exidx.text.HAL_UART_Abort_IT), (8 bytes).
    Removing stm32l4xx_hal_uart.o(.text.UART_DMATxAbortCallback), (50 bytes).
    Removing stm32l4xx_hal_uart.o(.ARM.exidx.text.UART_DMATxAbortCallback), (8 bytes).
    Removing stm32l4xx_hal_uart.o(.text.UART_DMARxAbortCallback), (58 bytes).
    Removing stm32l4xx_hal_uart.o(.ARM.exidx.text.UART_DMARxAbortCallback), (8 bytes).
    Removing stm32l4xx_hal_uart.o(.text.HAL_UART_AbortCpltCallback), (2 bytes).
    Removing stm32l4xx_hal_uart.o(.ARM.exidx.text.HAL_UART_AbortCpltCallback), (8 bytes).
    Removing stm32l4xx_hal_uart.o(.text.HAL_UART_AbortTransmit_IT), (238 bytes).
    Removing stm32l4xx_hal_uart.o(.ARM.exidx.text.HAL_UART_AbortTransmit_IT), (8 bytes).
    Removing stm32l4xx_hal_uart.o(.text.UART_DMATxOnlyAbortCallback), (16 bytes).
    Removing stm32l4xx_hal_uart.o(.ARM.exidx.text.UART_DMATxOnlyAbortCallback), (8 bytes).
    Removing stm32l4xx_hal_uart.o(.text.HAL_UART_AbortTransmitCpltCallback), (2 bytes).
    Removing stm32l4xx_hal_uart.o(.ARM.exidx.text.HAL_UART_AbortTransmitCpltCallback), (8 bytes).
    Removing stm32l4xx_hal_uart.o(.text.HAL_UART_AbortReceive_IT), (418 bytes).
    Removing stm32l4xx_hal_uart.o(.ARM.exidx.text.HAL_UART_AbortReceive_IT), (8 bytes).
    Removing stm32l4xx_hal_uart.o(.text.UART_DMARxOnlyAbortCallback), (32 bytes).
    Removing stm32l4xx_hal_uart.o(.ARM.exidx.text.UART_DMARxOnlyAbortCallback), (8 bytes).
    Removing stm32l4xx_hal_uart.o(.text.HAL_UART_AbortReceiveCpltCallback), (2 bytes).
    Removing stm32l4xx_hal_uart.o(.ARM.exidx.text.HAL_UART_AbortReceiveCpltCallback), (8 bytes).
    Removing stm32l4xx_hal_uart.o(.text.HAL_UART_IRQHandler), (1534 bytes).
    Removing stm32l4xx_hal_uart.o(.ARM.exidx.text.HAL_UART_IRQHandler), (8 bytes).
    Removing stm32l4xx_hal_uart.o(.text.UART_DMAAbortOnError), (16 bytes).
    Removing stm32l4xx_hal_uart.o(.ARM.exidx.text.UART_DMAAbortOnError), (8 bytes).
    Removing stm32l4xx_hal_uart.o(.text.HAL_UART_ErrorCallback), (2 bytes).
    Removing stm32l4xx_hal_uart.o(.ARM.exidx.text.HAL_UART_ErrorCallback), (8 bytes).
    Removing stm32l4xx_hal_uart.o(.text.HAL_UARTEx_RxEventCallback), (2 bytes).
    Removing stm32l4xx_hal_uart.o(.ARM.exidx.text.HAL_UARTEx_RxEventCallback), (8 bytes).
    Removing stm32l4xx_hal_uart.o(.text.HAL_UART_TxCpltCallback), (2 bytes).
    Removing stm32l4xx_hal_uart.o(.ARM.exidx.text.HAL_UART_TxCpltCallback), (8 bytes).
    Removing stm32l4xx_hal_uart.o(.text.HAL_UART_TxHalfCpltCallback), (2 bytes).
    Removing stm32l4xx_hal_uart.o(.ARM.exidx.text.HAL_UART_TxHalfCpltCallback), (8 bytes).
    Removing stm32l4xx_hal_uart.o(.text.HAL_UART_RxCpltCallback), (2 bytes).
    Removing stm32l4xx_hal_uart.o(.ARM.exidx.text.HAL_UART_RxCpltCallback), (8 bytes).
    Removing stm32l4xx_hal_uart.o(.text.HAL_UART_RxHalfCpltCallback), (2 bytes).
    Removing stm32l4xx_hal_uart.o(.ARM.exidx.text.HAL_UART_RxHalfCpltCallback), (8 bytes).
    Removing stm32l4xx_hal_uart.o(.text.HAL_UART_ReceiverTimeout_Config), (28 bytes).
    Removing stm32l4xx_hal_uart.o(.ARM.exidx.text.HAL_UART_ReceiverTimeout_Config), (8 bytes).
    Removing stm32l4xx_hal_uart.o(.text.HAL_UART_EnableReceiverTimeout), (62 bytes).
    Removing stm32l4xx_hal_uart.o(.ARM.exidx.text.HAL_UART_EnableReceiverTimeout), (8 bytes).
    Removing stm32l4xx_hal_uart.o(.text.HAL_UART_DisableReceiverTimeout), (62 bytes).
    Removing stm32l4xx_hal_uart.o(.ARM.exidx.text.HAL_UART_DisableReceiverTimeout), (8 bytes).
    Removing stm32l4xx_hal_uart.o(.text.HAL_MultiProcessor_EnableMuteMode), (210 bytes).
    Removing stm32l4xx_hal_uart.o(.ARM.exidx.text.HAL_MultiProcessor_EnableMuteMode), (8 bytes).
    Removing stm32l4xx_hal_uart.o(.text.HAL_MultiProcessor_DisableMuteMode), (210 bytes).
    Removing stm32l4xx_hal_uart.o(.ARM.exidx.text.HAL_MultiProcessor_DisableMuteMode), (8 bytes).
    Removing stm32l4xx_hal_uart.o(.text.HAL_MultiProcessor_EnterMuteMode), (12 bytes).
    Removing stm32l4xx_hal_uart.o(.ARM.exidx.text.HAL_MultiProcessor_EnterMuteMode), (8 bytes).
    Removing stm32l4xx_hal_uart.o(.text.HAL_HalfDuplex_EnableTransmitter), (188 bytes).
    Removing stm32l4xx_hal_uart.o(.ARM.exidx.text.HAL_HalfDuplex_EnableTransmitter), (8 bytes).
    Removing stm32l4xx_hal_uart.o(.text.HAL_HalfDuplex_EnableReceiver), (188 bytes).
    Removing stm32l4xx_hal_uart.o(.ARM.exidx.text.HAL_HalfDuplex_EnableReceiver), (8 bytes).
    Removing stm32l4xx_hal_uart.o(.text.HAL_LIN_SendBreak), (40 bytes).
    Removing stm32l4xx_hal_uart.o(.ARM.exidx.text.HAL_LIN_SendBreak), (8 bytes).
    Removing stm32l4xx_hal_uart.o(.text.HAL_UART_GetState), (8 bytes).
    Removing stm32l4xx_hal_uart.o(.ARM.exidx.text.HAL_UART_GetState), (8 bytes).
    Removing stm32l4xx_hal_uart.o(.text.HAL_UART_GetError), (6 bytes).
    Removing stm32l4xx_hal_uart.o(.ARM.exidx.text.HAL_UART_GetError), (8 bytes).
    Removing stm32l4xx_hal_uart.o(.text.UART_RxISR_16BIT), (330 bytes).
    Removing stm32l4xx_hal_uart.o(.ARM.exidx.text.UART_RxISR_16BIT), (8 bytes).
    Removing stm32l4xx_hal_uart.o(.text.UART_RxISR_8BIT), (326 bytes).
    Removing stm32l4xx_hal_uart.o(.ARM.exidx.text.UART_RxISR_8BIT), (8 bytes).
    Removing stm32l4xx_hal_uart.o(.text.UART_DMAReceiveCplt), (348 bytes).
    Removing stm32l4xx_hal_uart.o(.ARM.exidx.text.UART_DMAReceiveCplt), (8 bytes).
    Removing stm32l4xx_hal_uart.o(.text.UART_DMARxHalfCplt), (22 bytes).
    Removing stm32l4xx_hal_uart.o(.ARM.exidx.text.UART_DMARxHalfCplt), (8 bytes).
    Removing stm32l4xx_hal_uart_ex.o(.text), (0 bytes).
    Removing stm32l4xx_hal_uart_ex.o(.text.HAL_RS485Ex_Init), (126 bytes).
    Removing stm32l4xx_hal_uart_ex.o(.ARM.exidx.text.HAL_RS485Ex_Init), (8 bytes).
    Removing stm32l4xx_hal_uart_ex.o(.text.HAL_UARTEx_WakeupCallback), (2 bytes).
    Removing stm32l4xx_hal_uart_ex.o(.ARM.exidx.text.HAL_UARTEx_WakeupCallback), (8 bytes).
    Removing stm32l4xx_hal_uart_ex.o(.text.HAL_UARTEx_EnableClockStopMode), (104 bytes).
    Removing stm32l4xx_hal_uart_ex.o(.ARM.exidx.text.HAL_UARTEx_EnableClockStopMode), (8 bytes).
    Removing stm32l4xx_hal_uart_ex.o(.text.HAL_UARTEx_DisableClockStopMode), (104 bytes).
    Removing stm32l4xx_hal_uart_ex.o(.ARM.exidx.text.HAL_UARTEx_DisableClockStopMode), (8 bytes).
    Removing stm32l4xx_hal_uart_ex.o(.text.HAL_MultiProcessorEx_AddressLength_Set), (44 bytes).
    Removing stm32l4xx_hal_uart_ex.o(.ARM.exidx.text.HAL_MultiProcessorEx_AddressLength_Set), (8 bytes).
    Removing stm32l4xx_hal_uart_ex.o(.text.HAL_UARTEx_StopModeWakeUpSourceConfig), (138 bytes).
    Removing stm32l4xx_hal_uart_ex.o(.ARM.exidx.text.HAL_UARTEx_StopModeWakeUpSourceConfig), (8 bytes).
    Removing stm32l4xx_hal_uart_ex.o(.text.HAL_UARTEx_EnableStopMode), (104 bytes).
    Removing stm32l4xx_hal_uart_ex.o(.ARM.exidx.text.HAL_UARTEx_EnableStopMode), (8 bytes).
    Removing stm32l4xx_hal_uart_ex.o(.text.HAL_UARTEx_DisableStopMode), (104 bytes).
    Removing stm32l4xx_hal_uart_ex.o(.ARM.exidx.text.HAL_UARTEx_DisableStopMode), (8 bytes).
    Removing stm32l4xx_hal_uart_ex.o(.text.HAL_UARTEx_ReceiveToIdle), (450 bytes).
    Removing stm32l4xx_hal_uart_ex.o(.ARM.exidx.text.HAL_UARTEx_ReceiveToIdle), (8 bytes).
    Removing stm32l4xx_hal_uart_ex.o(.text.HAL_UARTEx_ReceiveToIdle_IT), (176 bytes).
    Removing stm32l4xx_hal_uart_ex.o(.ARM.exidx.text.HAL_UARTEx_ReceiveToIdle_IT), (8 bytes).
    Removing stm32l4xx_hal_uart_ex.o(.text.HAL_UARTEx_ReceiveToIdle_DMA), (176 bytes).
    Removing stm32l4xx_hal_uart_ex.o(.ARM.exidx.text.HAL_UARTEx_ReceiveToIdle_DMA), (8 bytes).
    Removing system_stm32l4xx.o(.text), (0 bytes).
    Removing system_stm32l4xx.o(.ARM.exidx.text.SystemInit), (8 bytes).
    Removing system_stm32l4xx.o(.text.SystemCoreClockUpdate), (196 bytes).
    Removing system_stm32l4xx.o(.ARM.exidx.text.SystemCoreClockUpdate), (8 bytes).

799 unused section(s) (total 50582 bytes) removed from the image.

==============================================================================

Image Symbol Table

    Local Symbols

    Symbol Name                              Value     Ov Type        Size  Object(Section)

    ../clib/division.s                       0x00000000   Number         0  aeabi_sdiv.o ABSOLUTE
    ../clib/microlib/division.c              0x00000000   Number         0  uldiv.o ABSOLUTE
    ../clib/microlib/division.c              0x00000000   Number         0  uidiv.o ABSOLUTE
    ../clib/microlib/init/entry.s            0x00000000   Number         0  entry.o ABSOLUTE
    ../clib/microlib/init/entry.s            0x00000000   Number         0  entry2.o ABSOLUTE
    ../clib/microlib/init/entry.s            0x00000000   Number         0  entry5.o ABSOLUTE
    ../clib/microlib/init/entry.s            0x00000000   Number         0  entry7a.o ABSOLUTE
    ../clib/microlib/init/entry.s            0x00000000   Number         0  entry7b.o ABSOLUTE
    ../clib/microlib/init/entry.s            0x00000000   Number         0  entry8a.o ABSOLUTE
    ../clib/microlib/init/entry.s            0x00000000   Number         0  entry8b.o ABSOLUTE
    ../clib/microlib/init/entry.s            0x00000000   Number         0  entry9a.o ABSOLUTE
    ../clib/microlib/init/entry.s            0x00000000   Number         0  entry9b.o ABSOLUTE
    ../clib/microlib/init/entry.s            0x00000000   Number         0  entry10a.o ABSOLUTE
    ../clib/microlib/init/entry.s            0x00000000   Number         0  entry10b.o ABSOLUTE
    ../clib/microlib/init/entry.s            0x00000000   Number         0  entry11a.o ABSOLUTE
    ../clib/microlib/init/entry.s            0x00000000   Number         0  entry11b.o ABSOLUTE
    ../clib/microlib/longlong.c              0x00000000   Number         0  llshl.o ABSOLUTE
    ../clib/microlib/longlong.c              0x00000000   Number         0  llushr.o ABSOLUTE
    ../clib/microlib/longlong.c              0x00000000   Number         0  llsshr.o ABSOLUTE
    ../clib/microlib/printf/printf.c         0x00000000   Number         0  printfb.o ABSOLUTE
    ../clib/microlib/printf/printf.c         0x00000000   Number         0  printf0.o ABSOLUTE
    ../clib/microlib/printf/printf.c         0x00000000   Number         0  printf1.o ABSOLUTE
    ../clib/microlib/printf/printf.c         0x00000000   Number         0  printf2.o ABSOLUTE
    ../clib/microlib/printf/printf.c         0x00000000   Number         0  printf3.o ABSOLUTE
    ../clib/microlib/printf/printf.c         0x00000000   Number         0  printf4.o ABSOLUTE
    ../clib/microlib/printf/printf.c         0x00000000   Number         0  printf5.o ABSOLUTE
    ../clib/microlib/printf/printf.c         0x00000000   Number         0  printf6.o ABSOLUTE
    ../clib/microlib/printf/printf.c         0x00000000   Number         0  printf7.o ABSOLUTE
    ../clib/microlib/printf/printf.c         0x00000000   Number         0  printf8.o ABSOLUTE
    ../clib/microlib/printf/printf.c         0x00000000   Number         0  printfa.o ABSOLUTE
    ../clib/microlib/printf/stubs.s          0x00000000   Number         0  printfstubs.o ABSOLUTE
    ../clib/microlib/stdio/streams.c         0x00000000   Number         0  stdout.o ABSOLUTE
    ../clib/microlib/string/memset.c         0x00000000   Number         0  memseta.o ABSOLUTE
    ../clib/microlib/stubs.s                 0x00000000   Number         0  iusefp.o ABSOLUTE
    ../fplib/microlib/d2f.c                  0x00000000   Number         0  d2f.o ABSOLUTE
    ../fplib/microlib/f2d.c                  0x00000000   Number         0  f2d.o ABSOLUTE
    ../fplib/microlib/fpadd.c                0x00000000   Number         0  dadd.o ABSOLUTE
    ../fplib/microlib/fpdiv.c                0x00000000   Number         0  ddiv.o ABSOLUTE
    ../fplib/microlib/fpepilogue.c           0x00000000   Number         0  fepilogue.o ABSOLUTE
    ../fplib/microlib/fpepilogue.c           0x00000000   Number         0  depilogue.o ABSOLUTE
    ../fplib/microlib/fpfix.c                0x00000000   Number         0  dfixul.o ABSOLUTE
    ../fplib/microlib/fpflt.c                0x00000000   Number         0  dfltui.o ABSOLUTE
    ../fplib/microlib/fpmul.c                0x00000000   Number         0  dmul.o ABSOLUTE
    adc.c                                    0x00000000   Number         0  adc.o ABSOLUTE
    cdrcmple.s                               0x00000000   Number         0  cdrcmple.o ABSOLUTE
    dc.s                                     0x00000000   Number         0  dc.o ABSOLUTE
    dma.c                                    0x00000000   Number         0  dma.o ABSOLUTE
    gpio.c                                   0x00000000   Number         0  gpio.o ABSOLUTE
    handlers.s                               0x00000000   Number         0  handlers.o ABSOLUTE
    init.s                                   0x00000000   Number         0  init.o ABSOLUTE
    main.c                                   0x00000000   Number         0  main.o ABSOLUTE
    startup_stm32l431xx.s                    0x00000000   Number         0  startup_stm32l431xx.o ABSOLUTE
    stm32l4xx_hal.c                          0x00000000   Number         0  stm32l4xx_hal.o ABSOLUTE
    stm32l4xx_hal_adc.c                      0x00000000   Number         0  stm32l4xx_hal_adc.o ABSOLUTE
    stm32l4xx_hal_adc_ex.c                   0x00000000   Number         0  stm32l4xx_hal_adc_ex.o ABSOLUTE
    stm32l4xx_hal_cortex.c                   0x00000000   Number         0  stm32l4xx_hal_cortex.o ABSOLUTE
    stm32l4xx_hal_dma.c                      0x00000000   Number         0  stm32l4xx_hal_dma.o ABSOLUTE
    stm32l4xx_hal_dma_ex.c                   0x00000000   Number         0  stm32l4xx_hal_dma_ex.o ABSOLUTE
    stm32l4xx_hal_exti.c                     0x00000000   Number         0  stm32l4xx_hal_exti.o ABSOLUTE
    stm32l4xx_hal_flash.c                    0x00000000   Number         0  stm32l4xx_hal_flash.o ABSOLUTE
    stm32l4xx_hal_flash_ex.c                 0x00000000   Number         0  stm32l4xx_hal_flash_ex.o ABSOLUTE
    stm32l4xx_hal_flash_ramfunc.c            0x00000000   Number         0  stm32l4xx_hal_flash_ramfunc.o ABSOLUTE
    stm32l4xx_hal_gpio.c                     0x00000000   Number         0  stm32l4xx_hal_gpio.o ABSOLUTE
    stm32l4xx_hal_i2c.c                      0x00000000   Number         0  stm32l4xx_hal_i2c.o ABSOLUTE
    stm32l4xx_hal_i2c_ex.c                   0x00000000   Number         0  stm32l4xx_hal_i2c_ex.o ABSOLUTE
    stm32l4xx_hal_msp.c                      0x00000000   Number         0  stm32l4xx_hal_msp.o ABSOLUTE
    stm32l4xx_hal_pwr.c                      0x00000000   Number         0  stm32l4xx_hal_pwr.o ABSOLUTE
    stm32l4xx_hal_pwr_ex.c                   0x00000000   Number         0  stm32l4xx_hal_pwr_ex.o ABSOLUTE
    stm32l4xx_hal_rcc.c                      0x00000000   Number         0  stm32l4xx_hal_rcc.o ABSOLUTE
    stm32l4xx_hal_rcc_ex.c                   0x00000000   Number         0  stm32l4xx_hal_rcc_ex.o ABSOLUTE
    stm32l4xx_hal_tim.c                      0x00000000   Number         0  stm32l4xx_hal_tim.o ABSOLUTE
    stm32l4xx_hal_tim_ex.c                   0x00000000   Number         0  stm32l4xx_hal_tim_ex.o ABSOLUTE
    stm32l4xx_hal_uart.c                     0x00000000   Number         0  stm32l4xx_hal_uart.o ABSOLUTE
    stm32l4xx_hal_uart_ex.c                  0x00000000   Number         0  stm32l4xx_hal_uart_ex.o ABSOLUTE
    stm32l4xx_it.c                           0x00000000   Number         0  stm32l4xx_it.o ABSOLUTE
    system_stm32l4xx.c                       0x00000000   Number         0  system_stm32l4xx.o ABSOLUTE
    usart.c                                  0x00000000   Number         0  usart.o ABSOLUTE
    RESET                                    0x08000000   Section      396  startup_stm32l431xx.o(RESET)
    .ARM.Collect$$$$00000000                 0x0800018c   Section        0  entry.o(.ARM.Collect$$$$00000000)
    .ARM.Collect$$$$00000001                 0x0800018c   Section        4  entry2.o(.ARM.Collect$$$$00000001)
    .ARM.Collect$$$$00000004                 0x08000190   Section        4  entry5.o(.ARM.Collect$$$$00000004)
    .ARM.Collect$$$$00000008                 0x08000194   Section        0  entry7b.o(.ARM.Collect$$$$00000008)
    .ARM.Collect$$$$0000000A                 0x08000194   Section        0  entry8b.o(.ARM.Collect$$$$0000000A)
    .ARM.Collect$$$$0000000B                 0x08000194   Section        8  entry9a.o(.ARM.Collect$$$$0000000B)
    __lit__00000000                          0x0800019c   Data           4  entry2.o(.ARM.Collect$$$$00002712)
    .ARM.Collect$$$$0000000D                 0x0800019c   Section        0  entry10a.o(.ARM.Collect$$$$0000000D)
    .ARM.Collect$$$$0000000F                 0x0800019c   Section        0  entry11a.o(.ARM.Collect$$$$0000000F)
    .ARM.Collect$$$$00002712                 0x0800019c   Section        4  entry2.o(.ARM.Collect$$$$00002712)
    $v0                                      0x080001a0   Number         0  startup_stm32l431xx.o(.text)
    .text                                    0x080001a0   Section       36  startup_stm32l431xx.o(.text)
    .text                                    0x080001c4   Section        0  uldiv.o(.text)
    .text                                    0x0800022c   Section        0  memseta.o(.text)
    .text                                    0x08000250   Section        0  dmul.o(.text)
    .text                                    0x0800033a   Section        0  dfltui.o(.text)
    .text                                    0x08000354   Section        0  f2d.o(.text)
    .text                                    0x0800037a   Section        0  d2f.o(.text)
    .text                                    0x080003b2   Section        0  uidiv.o(.text)
    .text                                    0x080003de   Section        0  llshl.o(.text)
    .text                                    0x080003fc   Section        0  llushr.o(.text)
    .text                                    0x0800041c   Section        0  iusefp.o(.text)
    .text                                    0x0800041c   Section        0  fepilogue.o(.text)
    .text                                    0x0800048a   Section        0  depilogue.o(.text)
    .text                                    0x08000544   Section        0  dadd.o(.text)
    .text                                    0x080006a2   Section        0  ddiv.o(.text)
    .text                                    0x08000780   Section        0  dfixul.o(.text)
    .text                                    0x080007b0   Section       48  cdrcmple.o(.text)
    .text                                    0x080007e0   Section       36  init.o(.text)
    .text                                    0x08000804   Section        0  llsshr.o(.text)
    [Anonymous Symbol]                       0x08000828   Section        0  stm32l4xx_it.o(.text.ADC1_IRQHandler)
    [Anonymous Symbol]                       0x08000834   Section        0  stm32l4xx_hal_adc.o(.text.ADC_DMAConvCplt)
    [Anonymous Symbol]                       0x08000898   Section        0  stm32l4xx_hal_adc.o(.text.ADC_DMAError)
    [Anonymous Symbol]                       0x080008b0   Section        0  stm32l4xx_hal_adc.o(.text.ADC_DMAHalfConvCplt)
    [Anonymous Symbol]                       0x080008b8   Section        0  stm32l4xx_hal_adc.o(.text.ADC_Enable)
    [Anonymous Symbol]                       0x080009b0   Section        0  stm32l4xx_it.o(.text.BusFault_Handler)
    [Anonymous Symbol]                       0x080009b4   Section        0  stm32l4xx_it.o(.text.DMA1_Channel1_IRQHandler)
    [Anonymous Symbol]                       0x080009c0   Section        0  stm32l4xx_it.o(.text.DebugMon_Handler)
    [Anonymous Symbol]                       0x080009c4   Section        0  main.o(.text.Error_Handler)
    [Anonymous Symbol]                       0x080009d0   Section        0  stm32l4xx_hal_adc_ex.o(.text.HAL_ADCEx_EndOfSamplingCallback)
    [Anonymous Symbol]                       0x080009d4   Section        0  stm32l4xx_hal_adc_ex.o(.text.HAL_ADCEx_InjectedConvCpltCallback)
    [Anonymous Symbol]                       0x080009d8   Section        0  stm32l4xx_hal_adc_ex.o(.text.HAL_ADCEx_InjectedQueueOverflowCallback)
    [Anonymous Symbol]                       0x080009dc   Section        0  stm32l4xx_hal_adc_ex.o(.text.HAL_ADCEx_LevelOutOfWindow2Callback)
    [Anonymous Symbol]                       0x080009e0   Section        0  stm32l4xx_hal_adc_ex.o(.text.HAL_ADCEx_LevelOutOfWindow3Callback)
    [Anonymous Symbol]                       0x080009e4   Section        0  stm32l4xx_hal_adc.o(.text.HAL_ADC_ConfigChannel)
    [Anonymous Symbol]                       0x08000d50   Section        0  stm32l4xx_hal_adc.o(.text.HAL_ADC_ConvCpltCallback)
    [Anonymous Symbol]                       0x08000d54   Section        0  stm32l4xx_hal_adc.o(.text.HAL_ADC_ConvHalfCpltCallback)
    [Anonymous Symbol]                       0x08000d58   Section        0  stm32l4xx_hal_adc.o(.text.HAL_ADC_ErrorCallback)
    [Anonymous Symbol]                       0x08000d5c   Section        0  stm32l4xx_hal_adc.o(.text.HAL_ADC_IRQHandler)
    [Anonymous Symbol]                       0x08000f58   Section        0  stm32l4xx_hal_adc.o(.text.HAL_ADC_Init)
    [Anonymous Symbol]                       0x08001158   Section        0  stm32l4xx_hal_adc.o(.text.HAL_ADC_LevelOutOfWindowCallback)
    [Anonymous Symbol]                       0x0800115c   Section        0  adc.o(.text.HAL_ADC_MspInit)
    [Anonymous Symbol]                       0x08001258   Section        0  stm32l4xx_hal_adc.o(.text.HAL_ADC_Start_DMA)
    [Anonymous Symbol]                       0x0800130c   Section        0  stm32l4xx_hal_dma.o(.text.HAL_DMA_IRQHandler)
    [Anonymous Symbol]                       0x080013b8   Section        0  stm32l4xx_hal_dma.o(.text.HAL_DMA_Init)
    [Anonymous Symbol]                       0x08001484   Section        0  stm32l4xx_hal_dma.o(.text.HAL_DMA_Start_IT)
    [Anonymous Symbol]                       0x08001528   Section        0  stm32l4xx_hal.o(.text.HAL_Delay)
    [Anonymous Symbol]                       0x08001550   Section        0  stm32l4xx_hal_gpio.o(.text.HAL_GPIO_Init)
    [Anonymous Symbol]                       0x08001730   Section        0  stm32l4xx_hal.o(.text.HAL_GetTick)
    [Anonymous Symbol]                       0x0800173c   Section        0  stm32l4xx_hal.o(.text.HAL_IncTick)
    [Anonymous Symbol]                       0x08001758   Section        0  stm32l4xx_hal.o(.text.HAL_Init)
    [Anonymous Symbol]                       0x08001778   Section        0  stm32l4xx_hal.o(.text.HAL_InitTick)
    [Anonymous Symbol]                       0x080017c4   Section        0  stm32l4xx_hal_msp.o(.text.HAL_MspInit)
    [Anonymous Symbol]                       0x080017f8   Section        0  stm32l4xx_hal_cortex.o(.text.HAL_NVIC_EnableIRQ)
    [Anonymous Symbol]                       0x08001818   Section        0  stm32l4xx_hal_cortex.o(.text.HAL_NVIC_SetPriority)
    [Anonymous Symbol]                       0x08001870   Section        0  stm32l4xx_hal_cortex.o(.text.HAL_NVIC_SetPriorityGrouping)
    [Anonymous Symbol]                       0x08001890   Section        0  stm32l4xx_hal_pwr_ex.o(.text.HAL_PWREx_ControlVoltageScaling)
    [Anonymous Symbol]                       0x0800191c   Section        0  stm32l4xx_hal_pwr_ex.o(.text.HAL_PWREx_GetVoltageRange)
    [Anonymous Symbol]                       0x0800192c   Section        0  stm32l4xx_hal_rcc_ex.o(.text.HAL_RCCEx_PeriphCLKConfig)
    [Anonymous Symbol]                       0x08001bdc   Section        0  stm32l4xx_hal_rcc.o(.text.HAL_RCC_ClockConfig)
    [Anonymous Symbol]                       0x08001e58   Section        0  stm32l4xx_hal_rcc.o(.text.HAL_RCC_GetPCLK1Freq)
    [Anonymous Symbol]                       0x08001e84   Section        0  stm32l4xx_hal_rcc.o(.text.HAL_RCC_GetPCLK2Freq)
    [Anonymous Symbol]                       0x08001eb0   Section        0  stm32l4xx_hal_rcc.o(.text.HAL_RCC_GetSysClockFreq)
    [Anonymous Symbol]                       0x08001f74   Section        0  stm32l4xx_hal_rcc.o(.text.HAL_RCC_OscConfig)
    [Anonymous Symbol]                       0x08002744   Section        0  stm32l4xx_hal_cortex.o(.text.HAL_SYSTICK_Config)
    [Anonymous Symbol]                       0x08002770   Section        0  stm32l4xx_hal_uart.o(.text.HAL_UART_Init)
    [Anonymous Symbol]                       0x08002834   Section        0  usart.o(.text.HAL_UART_MspInit)
    [Anonymous Symbol]                       0x080028b8   Section        0  stm32l4xx_hal_uart.o(.text.HAL_UART_Transmit)
    [Anonymous Symbol]                       0x08002990   Section        0  stm32l4xx_it.o(.text.HardFault_Handler)
    [Anonymous Symbol]                       0x08002994   Section        0  adc.o(.text.MX_ADC1_Init)
    [Anonymous Symbol]                       0x08002a18   Section        0  dma.o(.text.MX_DMA_Init)
    [Anonymous Symbol]                       0x08002a4c   Section        0  gpio.o(.text.MX_GPIO_Init)
    [Anonymous Symbol]                       0x08002a80   Section        0  usart.o(.text.MX_USART2_UART_Init)
    [Anonymous Symbol]                       0x08002ac0   Section        0  stm32l4xx_it.o(.text.MemManage_Handler)
    [Anonymous Symbol]                       0x08002ac4   Section        0  stm32l4xx_it.o(.text.NMI_Handler)
    [Anonymous Symbol]                       0x08002ac8   Section        0  stm32l4xx_it.o(.text.PendSV_Handler)
    RCCEx_PLLSAI1_Config                     0x08002acd   Thumb Code   362  stm32l4xx_hal_rcc_ex.o(.text.RCCEx_PLLSAI1_Config)
    [Anonymous Symbol]                       0x08002acc   Section        0  stm32l4xx_hal_rcc_ex.o(.text.RCCEx_PLLSAI1_Config)
    [Anonymous Symbol]                       0x08002c38   Section        0  stm32l4xx_it.o(.text.SVC_Handler)
    [Anonymous Symbol]                       0x08002c3c   Section        0  stm32l4xx_it.o(.text.SysTick_Handler)
    [Anonymous Symbol]                       0x08002c40   Section        0  system_stm32l4xx.o(.text.SystemInit)
    [Anonymous Symbol]                       0x08002c54   Section        0  stm32l4xx_hal_uart.o(.text.UART_AdvFeatureConfig)
    [Anonymous Symbol]                       0x08002d3c   Section        0  stm32l4xx_hal_uart.o(.text.UART_SetConfig)
    [Anonymous Symbol]                       0x08002f6c   Section        0  stm32l4xx_hal_uart.o(.text.UART_WaitOnFlagUntilTimeout)
    [Anonymous Symbol]                       0x0800317c   Section        0  stm32l4xx_it.o(.text.UsageFault_Handler)
    [Anonymous Symbol]                       0x08003180   Section        0  usart.o(.text.fputc)
    [Anonymous Symbol]                       0x080031a8   Section        0  main.o(.text.main)
    i.__0printf                              0x080032cc   Section        0  printfa.o(i.__0printf)
    i.__scatterload_copy                     0x080032ec   Section       14  handlers.o(i.__scatterload_copy)
    i.__scatterload_null                     0x080032fa   Section        2  handlers.o(i.__scatterload_null)
    i.__scatterload_zeroinit                 0x080032fc   Section       14  handlers.o(i.__scatterload_zeroinit)
    _fp_digits                               0x0800330d   Thumb Code   366  printfa.o(i._fp_digits)
    i._fp_digits                             0x0800330c   Section        0  printfa.o(i._fp_digits)
    _printf_core                             0x08003499   Thumb Code  1744  printfa.o(i._printf_core)
    i._printf_core                           0x08003498   Section        0  printfa.o(i._printf_core)
    _printf_post_padding                     0x08003b7b   Thumb Code    36  printfa.o(i._printf_post_padding)
    i._printf_post_padding                   0x08003b7a   Section        0  printfa.o(i._printf_post_padding)
    _printf_pre_padding                      0x08003b9f   Thumb Code    46  printfa.o(i._printf_pre_padding)
    i._printf_pre_padding                    0x08003b9e   Section        0  printfa.o(i._printf_pre_padding)
    .Lswitch.table.UART_SetConfig.3          0x08003c14   Data          16  stm32l4xx_hal_uart.o(.rodata.cst16)
    .data                                    0x20000000   Section        4  stdout.o(.data)
    .L_MergedGlobals                         0x20000004   Data           8  stm32l4xx_hal.o(.data..L_MergedGlobals)
    .L_MergedGlobals                         0x20000010   Data           8  main.o(.bss..L_MergedGlobals)
    STACK                                    0x20000150   Section     1024  startup_stm32l431xx.o(STACK)

    Global Symbols

    Symbol Name                              Value     Ov Type        Size  Object(Section)

    BuildAttributes$$THM_ISAv4$E$P$D$K$B$S$7EM$VFPi3$EXTD16$VFPS$VFMA$PE$A:L22UL41UL21$X:L11$S22US41US21$IEEE1$IW$~IW$USESV6$~STKCKD$USESV7$~SHL$OTIME$ROPI$EBA8$MICROLIB$REQ8$PRES8$EABIv2 0x00000000   Number         0  anon$$obj.o ABSOLUTE
    _printf_a                                0x00000000   Number         0  printfstubs.o ABSOLUTE
    _printf_c                                0x00000000   Number         0  printfstubs.o ABSOLUTE
    _printf_charcount                        0x00000000   Number         0  printfstubs.o ABSOLUTE
    _printf_d                                0x00000000   Number         0  printfstubs.o ABSOLUTE
    _printf_e                                0x00000000   Number         0  printfstubs.o ABSOLUTE
    _printf_f                                0x00000000   Number         0  printfstubs.o ABSOLUTE
    _printf_flags                            0x00000000   Number         0  printfstubs.o ABSOLUTE
    _printf_fp_dec                           0x00000000   Number         0  printfstubs.o ABSOLUTE
    _printf_fp_hex                           0x00000000   Number         0  printfstubs.o ABSOLUTE
    _printf_g                                0x00000000   Number         0  printfstubs.o ABSOLUTE
    _printf_i                                0x00000000   Number         0  printfstubs.o ABSOLUTE
    _printf_int_dec                          0x00000000   Number         0  printfstubs.o ABSOLUTE
    _printf_l                                0x00000000   Number         0  printfstubs.o ABSOLUTE
    _printf_lc                               0x00000000   Number         0  printfstubs.o ABSOLUTE
    _printf_ll                               0x00000000   Number         0  printfstubs.o ABSOLUTE
    _printf_lld                              0x00000000   Number         0  printfstubs.o ABSOLUTE
    _printf_lli                              0x00000000   Number         0  printfstubs.o ABSOLUTE
    _printf_llo                              0x00000000   Number         0  printfstubs.o ABSOLUTE
    _printf_llu                              0x00000000   Number         0  printfstubs.o ABSOLUTE
    _printf_llx                              0x00000000   Number         0  printfstubs.o ABSOLUTE
    _printf_longlong_dec                     0x00000000   Number         0  printfstubs.o ABSOLUTE
    _printf_longlong_hex                     0x00000000   Number         0  printfstubs.o ABSOLUTE
    _printf_longlong_oct                     0x00000000   Number         0  printfstubs.o ABSOLUTE
    _printf_ls                               0x00000000   Number         0  printfstubs.o ABSOLUTE
    _printf_mbtowc                           0x00000000   Number         0  printfstubs.o ABSOLUTE
    _printf_n                                0x00000000   Number         0  printfstubs.o ABSOLUTE
    _printf_o                                0x00000000   Number         0  printfstubs.o ABSOLUTE
    _printf_p                                0x00000000   Number         0  printfstubs.o ABSOLUTE
    _printf_percent                          0x00000000   Number         0  printfstubs.o ABSOLUTE
    _printf_pre_padding                      0x00000000   Number         0  printfstubs.o ABSOLUTE
    _printf_return_value                     0x00000000   Number         0  printfstubs.o ABSOLUTE
    _printf_s                                0x00000000   Number         0  printfstubs.o ABSOLUTE
    _printf_sizespec                         0x00000000   Number         0  printfstubs.o ABSOLUTE
    _printf_str                              0x00000000   Number         0  printfstubs.o ABSOLUTE
    _printf_truncate_signed                  0x00000000   Number         0  printfstubs.o ABSOLUTE
    _printf_truncate_unsigned                0x00000000   Number         0  printfstubs.o ABSOLUTE
    _printf_u                                0x00000000   Number         0  printfstubs.o ABSOLUTE
    _printf_wc                               0x00000000   Number         0  printfstubs.o ABSOLUTE
    _printf_wctomb                           0x00000000   Number         0  printfstubs.o ABSOLUTE
    _printf_widthprec                        0x00000000   Number         0  printfstubs.o ABSOLUTE
    _printf_x                                0x00000000   Number         0  printfstubs.o ABSOLUTE
    __cpp_initialize__aeabi_                  - Undefined Weak Reference
    __cxa_finalize                            - Undefined Weak Reference
    __decompress                              - Undefined Weak Reference
    _clock_init                               - Undefined Weak Reference
    _microlib_exit                            - Undefined Weak Reference
    __Vectors_Size                           0x0000018c   Number         0  startup_stm32l431xx.o ABSOLUTE
    __Vectors                                0x08000000   Data           4  startup_stm32l431xx.o(RESET)
    __Vectors_End                            0x0800018c   Data           0  startup_stm32l431xx.o(RESET)
    __main                                   0x0800018d   Thumb Code     0  entry.o(.ARM.Collect$$$$00000000)
    _main_stk                                0x0800018d   Thumb Code     0  entry2.o(.ARM.Collect$$$$00000001)
    _main_scatterload                        0x08000191   Thumb Code     0  entry5.o(.ARM.Collect$$$$00000004)
    __main_after_scatterload                 0x08000195   Thumb Code     0  entry5.o(.ARM.Collect$$$$00000004)
    _main_clock                              0x08000195   Thumb Code     0  entry7b.o(.ARM.Collect$$$$00000008)
    _main_cpp_init                           0x08000195   Thumb Code     0  entry8b.o(.ARM.Collect$$$$0000000A)
    _main_init                               0x08000195   Thumb Code     0  entry9a.o(.ARM.Collect$$$$0000000B)
    __rt_final_cpp                           0x0800019d   Thumb Code     0  entry10a.o(.ARM.Collect$$$$0000000D)
    __rt_final_exit                          0x0800019d   Thumb Code     0  entry11a.o(.ARM.Collect$$$$0000000F)
    Reset_Handler                            0x080001a1   Thumb Code     8  startup_stm32l431xx.o(.text)
    CAN1_RX0_IRQHandler                      0x080001bb   Thumb Code     0  startup_stm32l431xx.o(.text)
    CAN1_RX1_IRQHandler                      0x080001bb   Thumb Code     0  startup_stm32l431xx.o(.text)
    CAN1_SCE_IRQHandler                      0x080001bb   Thumb Code     0  startup_stm32l431xx.o(.text)
    CAN1_TX_IRQHandler                       0x080001bb   Thumb Code     0  startup_stm32l431xx.o(.text)
    COMP_IRQHandler                          0x080001bb   Thumb Code     0  startup_stm32l431xx.o(.text)
    CRS_IRQHandler                           0x080001bb   Thumb Code     0  startup_stm32l431xx.o(.text)
    DMA1_Channel2_IRQHandler                 0x080001bb   Thumb Code     0  startup_stm32l431xx.o(.text)
    DMA1_Channel3_IRQHandler                 0x080001bb   Thumb Code     0  startup_stm32l431xx.o(.text)
    DMA1_Channel4_IRQHandler                 0x080001bb   Thumb Code     0  startup_stm32l431xx.o(.text)
    DMA1_Channel5_IRQHandler                 0x080001bb   Thumb Code     0  startup_stm32l431xx.o(.text)
    DMA1_Channel6_IRQHandler                 0x080001bb   Thumb Code     0  startup_stm32l431xx.o(.text)
    DMA1_Channel7_IRQHandler                 0x080001bb   Thumb Code     0  startup_stm32l431xx.o(.text)
    DMA2_Channel1_IRQHandler                 0x080001bb   Thumb Code     0  startup_stm32l431xx.o(.text)
    DMA2_Channel2_IRQHandler                 0x080001bb   Thumb Code     0  startup_stm32l431xx.o(.text)
    DMA2_Channel3_IRQHandler                 0x080001bb   Thumb Code     0  startup_stm32l431xx.o(.text)
    DMA2_Channel4_IRQHandler                 0x080001bb   Thumb Code     0  startup_stm32l431xx.o(.text)
    DMA2_Channel5_IRQHandler                 0x080001bb   Thumb Code     0  startup_stm32l431xx.o(.text)
    DMA2_Channel6_IRQHandler                 0x080001bb   Thumb Code     0  startup_stm32l431xx.o(.text)
    DMA2_Channel7_IRQHandler                 0x080001bb   Thumb Code     0  startup_stm32l431xx.o(.text)
    EXTI0_IRQHandler                         0x080001bb   Thumb Code     0  startup_stm32l431xx.o(.text)
    EXTI15_10_IRQHandler                     0x080001bb   Thumb Code     0  startup_stm32l431xx.o(.text)
    EXTI1_IRQHandler                         0x080001bb   Thumb Code     0  startup_stm32l431xx.o(.text)
    EXTI2_IRQHandler                         0x080001bb   Thumb Code     0  startup_stm32l431xx.o(.text)
    EXTI3_IRQHandler                         0x080001bb   Thumb Code     0  startup_stm32l431xx.o(.text)
    EXTI4_IRQHandler                         0x080001bb   Thumb Code     0  startup_stm32l431xx.o(.text)
    EXTI9_5_IRQHandler                       0x080001bb   Thumb Code     0  startup_stm32l431xx.o(.text)
    FLASH_IRQHandler                         0x080001bb   Thumb Code     0  startup_stm32l431xx.o(.text)
    FPU_IRQHandler                           0x080001bb   Thumb Code     0  startup_stm32l431xx.o(.text)
    I2C1_ER_IRQHandler                       0x080001bb   Thumb Code     0  startup_stm32l431xx.o(.text)
    I2C1_EV_IRQHandler                       0x080001bb   Thumb Code     0  startup_stm32l431xx.o(.text)
    I2C2_ER_IRQHandler                       0x080001bb   Thumb Code     0  startup_stm32l431xx.o(.text)
    I2C2_EV_IRQHandler                       0x080001bb   Thumb Code     0  startup_stm32l431xx.o(.text)
    I2C3_ER_IRQHandler                       0x080001bb   Thumb Code     0  startup_stm32l431xx.o(.text)
    I2C3_EV_IRQHandler                       0x080001bb   Thumb Code     0  startup_stm32l431xx.o(.text)
    LPTIM1_IRQHandler                        0x080001bb   Thumb Code     0  startup_stm32l431xx.o(.text)
    LPTIM2_IRQHandler                        0x080001bb   Thumb Code     0  startup_stm32l431xx.o(.text)
    LPUART1_IRQHandler                       0x080001bb   Thumb Code     0  startup_stm32l431xx.o(.text)
    PVD_PVM_IRQHandler                       0x080001bb   Thumb Code     0  startup_stm32l431xx.o(.text)
    QUADSPI_IRQHandler                       0x080001bb   Thumb Code     0  startup_stm32l431xx.o(.text)
    RCC_IRQHandler                           0x080001bb   Thumb Code     0  startup_stm32l431xx.o(.text)
    RNG_IRQHandler                           0x080001bb   Thumb Code     0  startup_stm32l431xx.o(.text)
    RTC_Alarm_IRQHandler                     0x080001bb   Thumb Code     0  startup_stm32l431xx.o(.text)
    RTC_WKUP_IRQHandler                      0x080001bb   Thumb Code     0  startup_stm32l431xx.o(.text)
    SAI1_IRQHandler                          0x080001bb   Thumb Code     0  startup_stm32l431xx.o(.text)
    SDMMC1_IRQHandler                        0x080001bb   Thumb Code     0  startup_stm32l431xx.o(.text)
    SPI1_IRQHandler                          0x080001bb   Thumb Code     0  startup_stm32l431xx.o(.text)
    SPI2_IRQHandler                          0x080001bb   Thumb Code     0  startup_stm32l431xx.o(.text)
    SPI3_IRQHandler                          0x080001bb   Thumb Code     0  startup_stm32l431xx.o(.text)
    SWPMI1_IRQHandler                        0x080001bb   Thumb Code     0  startup_stm32l431xx.o(.text)
    TAMP_STAMP_IRQHandler                    0x080001bb   Thumb Code     0  startup_stm32l431xx.o(.text)
    TIM1_BRK_TIM15_IRQHandler                0x080001bb   Thumb Code     0  startup_stm32l431xx.o(.text)
    TIM1_CC_IRQHandler                       0x080001bb   Thumb Code     0  startup_stm32l431xx.o(.text)
    TIM1_TRG_COM_IRQHandler                  0x080001bb   Thumb Code     0  startup_stm32l431xx.o(.text)
    TIM1_UP_TIM16_IRQHandler                 0x080001bb   Thumb Code     0  startup_stm32l431xx.o(.text)
    TIM2_IRQHandler                          0x080001bb   Thumb Code     0  startup_stm32l431xx.o(.text)
    TIM6_DAC_IRQHandler                      0x080001bb   Thumb Code     0  startup_stm32l431xx.o(.text)
    TIM7_IRQHandler                          0x080001bb   Thumb Code     0  startup_stm32l431xx.o(.text)
    TSC_IRQHandler                           0x080001bb   Thumb Code     0  startup_stm32l431xx.o(.text)
    USART1_IRQHandler                        0x080001bb   Thumb Code     0  startup_stm32l431xx.o(.text)
    USART2_IRQHandler                        0x080001bb   Thumb Code     0  startup_stm32l431xx.o(.text)
    USART3_IRQHandler                        0x080001bb   Thumb Code     0  startup_stm32l431xx.o(.text)
    WWDG_IRQHandler                          0x080001bb   Thumb Code     0  startup_stm32l431xx.o(.text)
    __aeabi_uldivmod                         0x080001c5   Thumb Code    98  uldiv.o(.text)
    __aeabi_memset                           0x0800022d   Thumb Code    14  memseta.o(.text)
    __aeabi_memset4                          0x0800022d   Thumb Code     0  memseta.o(.text)
    __aeabi_memset8                          0x0800022d   Thumb Code     0  memseta.o(.text)
    __aeabi_memclr                           0x0800023b   Thumb Code     4  memseta.o(.text)
    __aeabi_memclr4                          0x0800023b   Thumb Code     0  memseta.o(.text)
    __aeabi_memclr8                          0x0800023b   Thumb Code     0  memseta.o(.text)
    _memset$wrapper                          0x0800023f   Thumb Code    18  memseta.o(.text)
    __aeabi_dmul                             0x08000251   Thumb Code   228  dmul.o(.text)
    __aeabi_ui2d                             0x0800033b   Thumb Code    26  dfltui.o(.text)
    __aeabi_f2d                              0x08000355   Thumb Code    38  f2d.o(.text)
    __aeabi_d2f                              0x0800037b   Thumb Code    56  d2f.o(.text)
    __aeabi_uidiv                            0x080003b3   Thumb Code     0  uidiv.o(.text)
    __aeabi_uidivmod                         0x080003b3   Thumb Code    44  uidiv.o(.text)
    __aeabi_llsl                             0x080003df   Thumb Code    30  llshl.o(.text)
    _ll_shift_l                              0x080003df   Thumb Code     0  llshl.o(.text)
    __aeabi_llsr                             0x080003fd   Thumb Code    32  llushr.o(.text)
    _ll_ushift_r                             0x080003fd   Thumb Code     0  llushr.o(.text)
    __I$use$fp                               0x0800041d   Thumb Code     0  iusefp.o(.text)
    _float_round                             0x0800041d   Thumb Code    18  fepilogue.o(.text)
    _float_epilogue                          0x0800042f   Thumb Code    92  fepilogue.o(.text)
    _double_round                            0x0800048b   Thumb Code    30  depilogue.o(.text)
    _double_epilogue                         0x080004a9   Thumb Code   156  depilogue.o(.text)
    __aeabi_dadd                             0x08000545   Thumb Code   322  dadd.o(.text)
    __aeabi_dsub                             0x08000687   Thumb Code     6  dadd.o(.text)
    __aeabi_drsub                            0x0800068d   Thumb Code     6  dadd.o(.text)
    __aeabi_ddiv                             0x080006a3   Thumb Code   222  ddiv.o(.text)
    __aeabi_d2ulz                            0x08000781   Thumb Code    48  dfixul.o(.text)
    __aeabi_cdrcmple                         0x080007b1   Thumb Code    48  cdrcmple.o(.text)
    __scatterload                            0x080007e1   Thumb Code    28  init.o(.text)
    __scatterload_rt2                        0x080007e1   Thumb Code     0  init.o(.text)
    __aeabi_lasr                             0x08000805   Thumb Code    36  llsshr.o(.text)
    _ll_sshift_r                             0x08000805   Thumb Code     0  llsshr.o(.text)
    ADC1_IRQHandler                          0x08000829   Thumb Code    12  stm32l4xx_it.o(.text.ADC1_IRQHandler)
    ADC_DMAConvCplt                          0x08000835   Thumb Code    98  stm32l4xx_hal_adc.o(.text.ADC_DMAConvCplt)
    ADC_DMAError                             0x08000899   Thumb Code    22  stm32l4xx_hal_adc.o(.text.ADC_DMAError)
    ADC_DMAHalfConvCplt                      0x080008b1   Thumb Code     6  stm32l4xx_hal_adc.o(.text.ADC_DMAHalfConvCplt)
    ADC_Enable                               0x080008b9   Thumb Code   246  stm32l4xx_hal_adc.o(.text.ADC_Enable)
    BusFault_Handler                         0x080009b1   Thumb Code     2  stm32l4xx_it.o(.text.BusFault_Handler)
    DMA1_Channel1_IRQHandler                 0x080009b5   Thumb Code    12  stm32l4xx_it.o(.text.DMA1_Channel1_IRQHandler)
    DebugMon_Handler                         0x080009c1   Thumb Code     2  stm32l4xx_it.o(.text.DebugMon_Handler)
    Error_Handler                            0x080009c5   Thumb Code    10  main.o(.text.Error_Handler)
    HAL_ADCEx_EndOfSamplingCallback          0x080009d1   Thumb Code     2  stm32l4xx_hal_adc_ex.o(.text.HAL_ADCEx_EndOfSamplingCallback)
    HAL_ADCEx_InjectedConvCpltCallback       0x080009d5   Thumb Code     2  stm32l4xx_hal_adc_ex.o(.text.HAL_ADCEx_InjectedConvCpltCallback)
    HAL_ADCEx_InjectedQueueOverflowCallback  0x080009d9   Thumb Code     2  stm32l4xx_hal_adc_ex.o(.text.HAL_ADCEx_InjectedQueueOverflowCallback)
    HAL_ADCEx_LevelOutOfWindow2Callback      0x080009dd   Thumb Code     2  stm32l4xx_hal_adc_ex.o(.text.HAL_ADCEx_LevelOutOfWindow2Callback)
    HAL_ADCEx_LevelOutOfWindow3Callback      0x080009e1   Thumb Code     2  stm32l4xx_hal_adc_ex.o(.text.HAL_ADCEx_LevelOutOfWindow3Callback)
    HAL_ADC_ConfigChannel                    0x080009e5   Thumb Code   860  stm32l4xx_hal_adc.o(.text.HAL_ADC_ConfigChannel)
    HAL_ADC_ConvCpltCallback                 0x08000d51   Thumb Code     2  stm32l4xx_hal_adc.o(.text.HAL_ADC_ConvCpltCallback)
    HAL_ADC_ConvHalfCpltCallback             0x08000d55   Thumb Code     2  stm32l4xx_hal_adc.o(.text.HAL_ADC_ConvHalfCpltCallback)
    HAL_ADC_ErrorCallback                    0x08000d59   Thumb Code     2  stm32l4xx_hal_adc.o(.text.HAL_ADC_ErrorCallback)
    HAL_ADC_IRQHandler                       0x08000d5d   Thumb Code   506  stm32l4xx_hal_adc.o(.text.HAL_ADC_IRQHandler)
    HAL_ADC_Init                             0x08000f59   Thumb Code   512  stm32l4xx_hal_adc.o(.text.HAL_ADC_Init)
    HAL_ADC_LevelOutOfWindowCallback         0x08001159   Thumb Code     2  stm32l4xx_hal_adc.o(.text.HAL_ADC_LevelOutOfWindowCallback)
    HAL_ADC_MspInit                          0x0800115d   Thumb Code   250  adc.o(.text.HAL_ADC_MspInit)
    HAL_ADC_Start_DMA                        0x08001259   Thumb Code   180  stm32l4xx_hal_adc.o(.text.HAL_ADC_Start_DMA)
    HAL_DMA_IRQHandler                       0x0800130d   Thumb Code   170  stm32l4xx_hal_dma.o(.text.HAL_DMA_IRQHandler)
    HAL_DMA_Init                             0x080013b9   Thumb Code   204  stm32l4xx_hal_dma.o(.text.HAL_DMA_Init)
    HAL_DMA_Start_IT                         0x08001485   Thumb Code   164  stm32l4xx_hal_dma.o(.text.HAL_DMA_Start_IT)
    HAL_Delay                                0x08001529   Thumb Code    40  stm32l4xx_hal.o(.text.HAL_Delay)
    HAL_GPIO_Init                            0x08001551   Thumb Code   474  stm32l4xx_hal_gpio.o(.text.HAL_GPIO_Init)
    HAL_GetTick                              0x08001731   Thumb Code    12  stm32l4xx_hal.o(.text.HAL_GetTick)
    HAL_IncTick                              0x0800173d   Thumb Code    26  stm32l4xx_hal.o(.text.HAL_IncTick)
    HAL_Init                                 0x08001759   Thumb Code    30  stm32l4xx_hal.o(.text.HAL_Init)
    HAL_InitTick                             0x08001779   Thumb Code    76  stm32l4xx_hal.o(.text.HAL_InitTick)
    HAL_MspInit                              0x080017c5   Thumb Code    50  stm32l4xx_hal_msp.o(.text.HAL_MspInit)
    HAL_NVIC_EnableIRQ                       0x080017f9   Thumb Code    32  stm32l4xx_hal_cortex.o(.text.HAL_NVIC_EnableIRQ)
    HAL_NVIC_SetPriority                     0x08001819   Thumb Code    86  stm32l4xx_hal_cortex.o(.text.HAL_NVIC_SetPriority)
    HAL_NVIC_SetPriorityGrouping             0x08001871   Thumb Code    32  stm32l4xx_hal_cortex.o(.text.HAL_NVIC_SetPriorityGrouping)
    HAL_PWREx_ControlVoltageScaling          0x08001891   Thumb Code   140  stm32l4xx_hal_pwr_ex.o(.text.HAL_PWREx_ControlVoltageScaling)
    HAL_PWREx_GetVoltageRange                0x0800191d   Thumb Code    16  stm32l4xx_hal_pwr_ex.o(.text.HAL_PWREx_GetVoltageRange)
    HAL_RCCEx_PeriphCLKConfig                0x0800192d   Thumb Code   688  stm32l4xx_hal_rcc_ex.o(.text.HAL_RCCEx_PeriphCLKConfig)
    HAL_RCC_ClockConfig                      0x08001bdd   Thumb Code   634  stm32l4xx_hal_rcc.o(.text.HAL_RCC_ClockConfig)
    HAL_RCC_GetPCLK1Freq                     0x08001e59   Thumb Code    42  stm32l4xx_hal_rcc.o(.text.HAL_RCC_GetPCLK1Freq)
    HAL_RCC_GetPCLK2Freq                     0x08001e85   Thumb Code    42  stm32l4xx_hal_rcc.o(.text.HAL_RCC_GetPCLK2Freq)
    HAL_RCC_GetSysClockFreq                  0x08001eb1   Thumb Code   194  stm32l4xx_hal_rcc.o(.text.HAL_RCC_GetSysClockFreq)
    HAL_RCC_OscConfig                        0x08001f75   Thumb Code  2000  stm32l4xx_hal_rcc.o(.text.HAL_RCC_OscConfig)
    HAL_SYSTICK_Config                       0x08002745   Thumb Code    44  stm32l4xx_hal_cortex.o(.text.HAL_SYSTICK_Config)
    HAL_UART_Init                            0x08002771   Thumb Code   194  stm32l4xx_hal_uart.o(.text.HAL_UART_Init)
    HAL_UART_MspInit                         0x08002835   Thumb Code   130  usart.o(.text.HAL_UART_MspInit)
    HAL_UART_Transmit                        0x080028b9   Thumb Code   216  stm32l4xx_hal_uart.o(.text.HAL_UART_Transmit)
    HardFault_Handler                        0x08002991   Thumb Code     2  stm32l4xx_it.o(.text.HardFault_Handler)
    MX_ADC1_Init                             0x08002995   Thumb Code   132  adc.o(.text.MX_ADC1_Init)
    MX_DMA_Init                              0x08002a19   Thumb Code    52  dma.o(.text.MX_DMA_Init)
    MX_GPIO_Init                             0x08002a4d   Thumb Code    50  gpio.o(.text.MX_GPIO_Init)
    MX_USART2_UART_Init                      0x08002a81   Thumb Code    64  usart.o(.text.MX_USART2_UART_Init)
    MemManage_Handler                        0x08002ac1   Thumb Code     2  stm32l4xx_it.o(.text.MemManage_Handler)
    NMI_Handler                              0x08002ac5   Thumb Code     2  stm32l4xx_it.o(.text.NMI_Handler)
    PendSV_Handler                           0x08002ac9   Thumb Code     2  stm32l4xx_it.o(.text.PendSV_Handler)
    SVC_Handler                              0x08002c39   Thumb Code     2  stm32l4xx_it.o(.text.SVC_Handler)
    SysTick_Handler                          0x08002c3d   Thumb Code     4  stm32l4xx_it.o(.text.SysTick_Handler)
    SystemInit                               0x08002c41   Thumb Code    18  system_stm32l4xx.o(.text.SystemInit)
    UART_AdvFeatureConfig                    0x08002c55   Thumb Code   232  stm32l4xx_hal_uart.o(.text.UART_AdvFeatureConfig)
    UART_SetConfig                           0x08002d3d   Thumb Code   544  stm32l4xx_hal_uart.o(.text.UART_SetConfig)
    UART_WaitOnFlagUntilTimeout              0x08002f6d   Thumb Code   526  stm32l4xx_hal_uart.o(.text.UART_WaitOnFlagUntilTimeout)
    UsageFault_Handler                       0x0800317d   Thumb Code     2  stm32l4xx_it.o(.text.UsageFault_Handler)
    fputc                                    0x08003181   Thumb Code    36  usart.o(.text.fputc)
    main                                     0x080031a9   Thumb Code   248  main.o(.text.main)
    __0printf                                0x080032cd   Thumb Code    22  printfa.o(i.__0printf)
    __1printf                                0x080032cd   Thumb Code     0  printfa.o(i.__0printf)
    __2printf                                0x080032cd   Thumb Code     0  printfa.o(i.__0printf)
    __c89printf                              0x080032cd   Thumb Code     0  printfa.o(i.__0printf)
    printf                                   0x080032cd   Thumb Code     0  printfa.o(i.__0printf)
    __scatterload_copy                       0x080032ed   Thumb Code    14  handlers.o(i.__scatterload_copy)
    __scatterload_null                       0x080032fb   Thumb Code     2  handlers.o(i.__scatterload_null)
    __scatterload_zeroinit                   0x080032fd   Thumb Code    14  handlers.o(i.__scatterload_zeroinit)
    AHBPrescTable                            0x08003bcc   Data          16  system_stm32l4xx.o(.rodata.AHBPrescTable)
    APBPrescTable                            0x08003bdc   Data           8  system_stm32l4xx.o(.rodata.APBPrescTable)
    MSIRangeTable                            0x08003be4   Data          48  system_stm32l4xx.o(.rodata.MSIRangeTable)
    Region$$Table$$Base                      0x08003c24   Number         0  anon$$obj.o(Region$$Table)
    Region$$Table$$Limit                     0x08003c44   Number         0  anon$$obj.o(Region$$Table)
    __stdout                                 0x20000000   Data           4  stdout.o(.data)
    uwTickFreq                               0x20000004   Data           1  stm32l4xx_hal.o(.data..L_MergedGlobals)
    uwTickPrio                               0x20000008   Data           4  stm32l4xx_hal.o(.data..L_MergedGlobals)
    SystemCoreClock                          0x2000000c   Data           4  system_stm32l4xx.o(.data.SystemCoreClock)
    adcValue                                 0x20000010   Data           2  main.o(.bss..L_MergedGlobals)
    voltage                                  0x20000014   Data           4  main.o(.bss..L_MergedGlobals)
    hadc1                                    0x20000018   Data         100  adc.o(.bss.hadc1)
    hdma_adc1                                0x2000007c   Data          72  adc.o(.bss.hdma_adc1)
    huart2                                   0x200000c4   Data         132  usart.o(.bss.huart2)
    uwTick                                   0x20000148   Data           4  stm32l4xx_hal.o(.bss.uwTick)
    __initial_sp                             0x20000550   Data           0  startup_stm32l431xx.o(STACK)



==============================================================================

Memory Map of the image

  Image Entry point : 0x0800018d

  Load Region LR_IROM1 (Base: 0x08000000, Size: 0x00003c58, Max: 0x00040000, ABSOLUTE)

    Execution Region ER_IROM1 (Exec base: 0x08000000, Load base: 0x08000000, Size: 0x00003c44, Max: 0x00040000, ABSOLUTE)

    Exec Addr    Load Addr    Size         Type   Attr      Idx    E Section Name        Object

    0x08000000   0x08000000   0x0000018c   Data   RO            3    RESET               startup_stm32l431xx.o
    0x0800018c   0x0800018c   0x00000000   Code   RO          880  * .ARM.Collect$$$$00000000  mc_w.l(entry.o)
    0x0800018c   0x0800018c   0x00000004   Code   RO         1020    .ARM.Collect$$$$00000001  mc_w.l(entry2.o)
    0x08000190   0x08000190   0x00000004   Code   RO         1023    .ARM.Collect$$$$00000004  mc_w.l(entry5.o)
    0x08000194   0x08000194   0x00000000   Code   RO         1025    .ARM.Collect$$$$00000008  mc_w.l(entry7b.o)
    0x08000194   0x08000194   0x00000000   Code   RO         1027    .ARM.Collect$$$$0000000A  mc_w.l(entry8b.o)
    0x08000194   0x08000194   0x00000008   Code   RO         1028    .ARM.Collect$$$$0000000B  mc_w.l(entry9a.o)
    0x0800019c   0x0800019c   0x00000000   Code   RO         1030    .ARM.Collect$$$$0000000D  mc_w.l(entry10a.o)
    0x0800019c   0x0800019c   0x00000000   Code   RO         1032    .ARM.Collect$$$$0000000F  mc_w.l(entry11a.o)
    0x0800019c   0x0800019c   0x00000004   Code   RO         1021    .ARM.Collect$$$$00002712  mc_w.l(entry2.o)
    0x080001a0   0x080001a0   0x00000024   Code   RO            4    .text               startup_stm32l431xx.o
    0x080001c4   0x080001c4   0x00000068   Code   RO          883    .text               mc_w.l(uldiv.o)
    0x0800022c   0x0800022c   0x00000024   Code   RO          884    .text               mc_w.l(memseta.o)
    0x08000250   0x08000250   0x000000ea   Code   RO         1016    .text               mf_w.l(dmul.o)
    0x0800033a   0x0800033a   0x0000001a   Code   RO         1017    .text               mf_w.l(dfltui.o)
    0x08000354   0x08000354   0x00000026   Code   RO         1018    .text               mf_w.l(f2d.o)
    0x0800037a   0x0800037a   0x00000038   Code   RO         1019    .text               mf_w.l(d2f.o)
    0x080003b2   0x080003b2   0x0000002c   Code   RO         1040    .text               mc_w.l(uidiv.o)
    0x080003de   0x080003de   0x0000001e   Code   RO         1041    .text               mc_w.l(llshl.o)
    0x080003fc   0x080003fc   0x00000020   Code   RO         1042    .text               mc_w.l(llushr.o)
    0x0800041c   0x0800041c   0x00000000   Code   RO         1043    .text               mc_w.l(iusefp.o)
    0x0800041c   0x0800041c   0x0000006e   Code   RO         1044    .text               mf_w.l(fepilogue.o)
    0x0800048a   0x0800048a   0x000000ba   Code   RO         1045    .text               mf_w.l(depilogue.o)
    0x08000544   0x08000544   0x0000015e   Code   RO         1046    .text               mf_w.l(dadd.o)
    0x080006a2   0x080006a2   0x000000de   Code   RO         1047    .text               mf_w.l(ddiv.o)
    0x08000780   0x08000780   0x00000030   Code   RO         1048    .text               mf_w.l(dfixul.o)
    0x080007b0   0x080007b0   0x00000030   Code   RO         1049    .text               mf_w.l(cdrcmple.o)
    0x080007e0   0x080007e0   0x00000024   Code   RO         1050    .text               mc_w.l(init.o)
    0x08000804   0x08000804   0x00000024   Code   RO         1051    .text               mc_w.l(llsshr.o)
    0x08000828   0x08000828   0x0000000c   Code   RO           61    .text.ADC1_IRQHandler  stm32l4xx_it.o
    0x08000834   0x08000834   0x00000062   Code   RO           95    .text.ADC_DMAConvCplt  stm32l4xx_hal_adc.o
    0x08000896   0x08000896   0x00000002   PAD
    0x08000898   0x08000898   0x00000016   Code   RO           99    .text.ADC_DMAError  stm32l4xx_hal_adc.o
    0x080008ae   0x080008ae   0x00000002   PAD
    0x080008b0   0x080008b0   0x00000006   Code   RO           97    .text.ADC_DMAHalfConvCplt  stm32l4xx_hal_adc.o
    0x080008b6   0x080008b6   0x00000002   PAD
    0x080008b8   0x080008b8   0x000000f6   Code   RO           81    .text.ADC_Enable    stm32l4xx_hal_adc.o
    0x080009ae   0x080009ae   0x00000002   PAD
    0x080009b0   0x080009b0   0x00000002   Code   RO           47    .text.BusFault_Handler  stm32l4xx_it.o
    0x080009b2   0x080009b2   0x00000002   PAD
    0x080009b4   0x080009b4   0x0000000c   Code   RO           59    .text.DMA1_Channel1_IRQHandler  stm32l4xx_it.o
    0x080009c0   0x080009c0   0x00000002   Code   RO           53    .text.DebugMon_Handler  stm32l4xx_it.o
    0x080009c2   0x080009c2   0x00000002   PAD
    0x080009c4   0x080009c4   0x0000000a   Code   RO           10    .text.Error_Handler  main.o
    0x080009ce   0x080009ce   0x00000002   PAD
    0x080009d0   0x080009d0   0x00000002   Code   RO          150    .text.HAL_ADCEx_EndOfSamplingCallback  stm32l4xx_hal_adc_ex.o
    0x080009d2   0x080009d2   0x00000002   PAD
    0x080009d4   0x080009d4   0x00000002   Code   RO          142    .text.HAL_ADCEx_InjectedConvCpltCallback  stm32l4xx_hal_adc_ex.o
    0x080009d6   0x080009d6   0x00000002   PAD
    0x080009d8   0x080009d8   0x00000002   Code   RO          144    .text.HAL_ADCEx_InjectedQueueOverflowCallback  stm32l4xx_hal_adc_ex.o
    0x080009da   0x080009da   0x00000002   PAD
    0x080009dc   0x080009dc   0x00000002   Code   RO          146    .text.HAL_ADCEx_LevelOutOfWindow2Callback  stm32l4xx_hal_adc_ex.o
    0x080009de   0x080009de   0x00000002   PAD
    0x080009e0   0x080009e0   0x00000002   Code   RO          148    .text.HAL_ADCEx_LevelOutOfWindow3Callback  stm32l4xx_hal_adc_ex.o
    0x080009e2   0x080009e2   0x00000002   PAD
    0x080009e4   0x080009e4   0x0000036c   Code   RO          115    .text.HAL_ADC_ConfigChannel  stm32l4xx_hal_adc.o
    0x08000d50   0x08000d50   0x00000002   Code   RO          107    .text.HAL_ADC_ConvCpltCallback  stm32l4xx_hal_adc.o
    0x08000d52   0x08000d52   0x00000002   PAD
    0x08000d54   0x08000d54   0x00000002   Code   RO          113    .text.HAL_ADC_ConvHalfCpltCallback  stm32l4xx_hal_adc.o
    0x08000d56   0x08000d56   0x00000002   PAD
    0x08000d58   0x08000d58   0x00000002   Code   RO          111    .text.HAL_ADC_ErrorCallback  stm32l4xx_hal_adc.o
    0x08000d5a   0x08000d5a   0x00000002   PAD
    0x08000d5c   0x08000d5c   0x000001fa   Code   RO          105    .text.HAL_ADC_IRQHandler  stm32l4xx_hal_adc.o
    0x08000f56   0x08000f56   0x00000002   PAD
    0x08000f58   0x08000f58   0x00000200   Code   RO           67    .text.HAL_ADC_Init  stm32l4xx_hal_adc.o
    0x08001158   0x08001158   0x00000002   Code   RO          109    .text.HAL_ADC_LevelOutOfWindowCallback  stm32l4xx_hal_adc.o
    0x0800115a   0x0800115a   0x00000002   PAD
    0x0800115c   0x0800115c   0x000000fa   Code   RO           21    .text.HAL_ADC_MspInit  adc.o
    0x08001256   0x08001256   0x00000002   PAD
    0x08001258   0x08001258   0x000000b4   Code   RO           93    .text.HAL_ADC_Start_DMA  stm32l4xx_hal_adc.o
    0x0800130c   0x0800130c   0x000000aa   Code   RO          557    .text.HAL_DMA_IRQHandler  stm32l4xx_hal_dma.o
    0x080013b6   0x080013b6   0x00000002   PAD
    0x080013b8   0x080013b8   0x000000cc   Code   RO          543    .text.HAL_DMA_Init  stm32l4xx_hal_dma.o
    0x08001484   0x08001484   0x000000a4   Code   RO          549    .text.HAL_DMA_Start_IT  stm32l4xx_hal_dma.o
    0x08001528   0x08001528   0x00000028   Code   RO          189    .text.HAL_Delay     stm32l4xx_hal.o
    0x08001550   0x08001550   0x000001e0   Code   RO          526    .text.HAL_GPIO_Init  stm32l4xx_hal_gpio.o
    0x08001730   0x08001730   0x0000000c   Code   RO          181    .text.HAL_GetTick   stm32l4xx_hal.o
    0x0800173c   0x0800173c   0x0000001a   Code   RO          179    .text.HAL_IncTick   stm32l4xx_hal.o
    0x08001756   0x08001756   0x00000002   PAD
    0x08001758   0x08001758   0x0000001e   Code   RO          169    .text.HAL_Init      stm32l4xx_hal.o
    0x08001776   0x08001776   0x00000002   PAD
    0x08001778   0x08001778   0x0000004c   Code   RO          171    .text.HAL_InitTick  stm32l4xx_hal.o
    0x080017c4   0x080017c4   0x00000032   Code   RO           64    .text.HAL_MspInit   stm32l4xx_hal_msp.o
    0x080017f6   0x080017f6   0x00000002   PAD
    0x080017f8   0x080017f8   0x00000020   Code   RO          665    .text.HAL_NVIC_EnableIRQ  stm32l4xx_hal_cortex.o
    0x08001818   0x08001818   0x00000056   Code   RO          663    .text.HAL_NVIC_SetPriority  stm32l4xx_hal_cortex.o
    0x0800186e   0x0800186e   0x00000002   PAD
    0x08001870   0x08001870   0x00000020   Code   RO          661    .text.HAL_NVIC_SetPriorityGrouping  stm32l4xx_hal_cortex.o
    0x08001890   0x08001890   0x0000008c   Code   RO          604    .text.HAL_PWREx_ControlVoltageScaling  stm32l4xx_hal_pwr_ex.o
    0x0800191c   0x0800191c   0x00000010   Code   RO          602    .text.HAL_PWREx_GetVoltageRange  stm32l4xx_hal_pwr_ex.o
    0x0800192c   0x0800192c   0x000002b0   Code   RO          429    .text.HAL_RCCEx_PeriphCLKConfig  stm32l4xx_hal_rcc_ex.o
    0x08001bdc   0x08001bdc   0x0000027a   Code   RO          406    .text.HAL_RCC_ClockConfig  stm32l4xx_hal_rcc.o
    0x08001e56   0x08001e56   0x00000002   PAD
    0x08001e58   0x08001e58   0x0000002a   Code   RO          412    .text.HAL_RCC_GetPCLK1Freq  stm32l4xx_hal_rcc.o
    0x08001e82   0x08001e82   0x00000002   PAD
    0x08001e84   0x08001e84   0x0000002a   Code   RO          414    .text.HAL_RCC_GetPCLK2Freq  stm32l4xx_hal_rcc.o
    0x08001eae   0x08001eae   0x00000002   PAD
    0x08001eb0   0x08001eb0   0x000000c2   Code   RO          404    .text.HAL_RCC_GetSysClockFreq  stm32l4xx_hal_rcc.o
    0x08001f72   0x08001f72   0x00000002   PAD
    0x08001f74   0x08001f74   0x000007d0   Code   RO          402    .text.HAL_RCC_OscConfig  stm32l4xx_hal_rcc.o
    0x08002744   0x08002744   0x0000002c   Code   RO          673    .text.HAL_SYSTICK_Config  stm32l4xx_hal_cortex.o
    0x08002770   0x08002770   0x000000c2   Code   RO          721    .text.HAL_UART_Init  stm32l4xx_hal_uart.o
    0x08002832   0x08002832   0x00000002   PAD
    0x08002834   0x08002834   0x00000082   Code   RO           33    .text.HAL_UART_MspInit  usart.o
    0x080028b6   0x080028b6   0x00000002   PAD
    0x080028b8   0x080028b8   0x000000d8   Code   RO          741    .text.HAL_UART_Transmit  stm32l4xx_hal_uart.o
    0x08002990   0x08002990   0x00000002   Code   RO           43    .text.HardFault_Handler  stm32l4xx_it.o
    0x08002992   0x08002992   0x00000002   PAD
    0x08002994   0x08002994   0x00000084   Code   RO           19    .text.MX_ADC1_Init  adc.o
    0x08002a18   0x08002a18   0x00000034   Code   RO           28    .text.MX_DMA_Init   dma.o
    0x08002a4c   0x08002a4c   0x00000032   Code   RO           16    .text.MX_GPIO_Init  gpio.o
    0x08002a7e   0x08002a7e   0x00000002   PAD
    0x08002a80   0x08002a80   0x00000040   Code   RO           31    .text.MX_USART2_UART_Init  usart.o
    0x08002ac0   0x08002ac0   0x00000002   Code   RO           45    .text.MemManage_Handler  stm32l4xx_it.o
    0x08002ac2   0x08002ac2   0x00000002   PAD
    0x08002ac4   0x08002ac4   0x00000002   Code   RO           41    .text.NMI_Handler   stm32l4xx_it.o
    0x08002ac6   0x08002ac6   0x00000002   PAD
    0x08002ac8   0x08002ac8   0x00000002   Code   RO           55    .text.PendSV_Handler  stm32l4xx_it.o
    0x08002aca   0x08002aca   0x00000002   PAD
    0x08002acc   0x08002acc   0x0000016a   Code   RO          431    .text.RCCEx_PLLSAI1_Config  stm32l4xx_hal_rcc_ex.o
    0x08002c36   0x08002c36   0x00000002   PAD
    0x08002c38   0x08002c38   0x00000002   Code   RO           51    .text.SVC_Handler   stm32l4xx_it.o
    0x08002c3a   0x08002c3a   0x00000002   PAD
    0x08002c3c   0x08002c3c   0x00000004   Code   RO           57    .text.SysTick_Handler  stm32l4xx_it.o
    0x08002c40   0x08002c40   0x00000012   Code   RO          872    .text.SystemInit    system_stm32l4xx.o
    0x08002c52   0x08002c52   0x00000002   PAD
    0x08002c54   0x08002c54   0x000000e8   Code   RO          727    .text.UART_AdvFeatureConfig  stm32l4xx_hal_uart.o
    0x08002d3c   0x08002d3c   0x00000230   Code   RO          725    .text.UART_SetConfig  stm32l4xx_hal_uart.o
    0x08002f6c   0x08002f6c   0x0000020e   Code   RO          743    .text.UART_WaitOnFlagUntilTimeout  stm32l4xx_hal_uart.o
    0x0800317a   0x0800317a   0x00000002   PAD
    0x0800317c   0x0800317c   0x00000002   Code   RO           49    .text.UsageFault_Handler  stm32l4xx_it.o
    0x0800317e   0x0800317e   0x00000002   PAD
    0x08003180   0x08003180   0x00000024   Code   RO           37    .text.fputc         usart.o
    0x080031a4   0x080031a4   0x00000004   PAD
    0x080031a8   0x080031a8   0x00000124   Code   RO            6    .text.main          main.o
    0x080032cc   0x080032cc   0x00000020   Code   RO         1002    i.__0printf         mc_w.l(printfa.o)
    0x080032ec   0x080032ec   0x0000000e   Code   RO         1054    i.__scatterload_copy  mc_w.l(handlers.o)
    0x080032fa   0x080032fa   0x00000002   Code   RO         1055    i.__scatterload_null  mc_w.l(handlers.o)
    0x080032fc   0x080032fc   0x0000000e   Code   RO         1056    i.__scatterload_zeroinit  mc_w.l(handlers.o)
    0x0800330a   0x0800330a   0x00000002   PAD
    0x0800330c   0x0800330c   0x0000018a   Code   RO         1009    i._fp_digits        mc_w.l(printfa.o)
    0x08003496   0x08003496   0x00000002   PAD
    0x08003498   0x08003498   0x000006e2   Code   RO         1010    i._printf_core      mc_w.l(printfa.o)
    0x08003b7a   0x08003b7a   0x00000024   Code   RO         1011    i._printf_post_padding  mc_w.l(printfa.o)
    0x08003b9e   0x08003b9e   0x0000002e   Code   RO         1012    i._printf_pre_padding  mc_w.l(printfa.o)
    0x08003bcc   0x08003bcc   0x00000010   Data   RO          877    .rodata.AHBPrescTable  system_stm32l4xx.o
    0x08003bdc   0x08003bdc   0x00000008   Data   RO          878    .rodata.APBPrescTable  system_stm32l4xx.o
    0x08003be4   0x08003be4   0x00000030   Data   RO          879    .rodata.MSIRangeTable  system_stm32l4xx.o
    0x08003c14   0x08003c14   0x00000010   Data   RO          847    .rodata.cst16       stm32l4xx_hal_uart.o
    0x08003c24   0x08003c24   0x00000020   Data   RO         1053    Region$$Table       anon$$obj.o


    Execution Region RW_IRAM2 (Exec base: 0x10000000, Load base: 0x08003c58, Size: 0x00000000, Max: 0x00004000, ABSOLUTE)

    **** No section assigned to this execution region ****


    Execution Region RW_IRAM1 (Exec base: 0x20000000, Load base: 0x08003c48, Size: 0x00000550, Max: 0x0000c000, ABSOLUTE)

    Exec Addr    Load Addr    Size         Type   Attr      Idx    E Section Name        Object

    0x20000000   0x08003c48   0x00000004   Data   RW         1034    .data               mc_w.l(stdout.o)
    0x20000004   0x08003c4c   0x00000008   Data   RW          240    .data..L_MergedGlobals  stm32l4xx_hal.o
    0x2000000c   0x08003c54   0x00000004   Data   RW          876    .data.SystemCoreClock  system_stm32l4xx.o
    0x20000010        -       0x00000008   Zero   RW           14    .bss..L_MergedGlobals  main.o
    0x20000018        -       0x00000064   Zero   RW           25    .bss.hadc1          adc.o
    0x2000007c        -       0x00000048   Zero   RW           26    .bss.hdma_adc1      adc.o
    0x200000c4        -       0x00000084   Zero   RW           39    .bss.huart2         usart.o
    0x20000148        -       0x00000004   Zero   RW          239    .bss.uwTick         stm32l4xx_hal.o
    0x2000014c   0x08003c58   0x00000004   PAD
    0x20000150        -       0x00000400   Zero   RW            1    STACK               startup_stm32l431xx.o


==============================================================================

Image component sizes


      Code (inc. data)   RO Data    RW Data    ZI Data      Debug   Object Name

       382          0          0          0        172          0   adc.o
        52          0          0          0          0          0   dma.o
        50          0          0          0          0          0   gpio.o
       302         44          0          0          8          0   main.o
        36          8        396          0       1024          0   startup_stm32l431xx.o
       184          0          0          8          4          0   stm32l4xx_hal.o
      2454         16          0          0          0          0   stm32l4xx_hal_adc.o
        10          0          0          0          0          0   stm32l4xx_hal_adc_ex.o
       194          0          0          0          0          0   stm32l4xx_hal_cortex.o
       538          0          0          0          0          0   stm32l4xx_hal_dma.o
       480          0          0          0          0          0   stm32l4xx_hal_gpio.o
        50          0          0          0          0          0   stm32l4xx_hal_msp.o
       156          0          0          0          0          0   stm32l4xx_hal_pwr_ex.o
      2912          0          0          0          0          0   stm32l4xx_hal_rcc.o
      1050          0          0          0          0          0   stm32l4xx_hal_rcc_ex.o
      1728         48         16          0          0          0   stm32l4xx_hal_uart.o
        44          0          0          0          0          0   stm32l4xx_it.o
        18          0         72          4          0          0   system_stm32l4xx.o
       230          0          0          0        132          0   usart.o

    ----------------------------------------------------------------------
     10952        116        516         12       1344          0   Object Totals
         0          0         32          0          0          0   (incl. Generated)
        82          0          0          0          4          0   (incl. Padding)

    ----------------------------------------------------------------------

      Code (inc. data)   RO Data    RW Data    ZI Data      Debug   Library Member Name

         0          0          0          0          0          0   entry.o
         0          0          0          0          0          0   entry10a.o
         0          0          0          0          0          0   entry11a.o
         8          4          0          0          0          0   entry2.o
         4          0          0          0          0          0   entry5.o
         0          0          0          0          0          0   entry7b.o
         0          0          0          0          0          0   entry8b.o
         8          4          0          0          0          0   entry9a.o
        30          0          0          0          0          0   handlers.o
        36          8          0          0          0          0   init.o
         0          0          0          0          0          0   iusefp.o
        30          0          0          0          0          0   llshl.o
        36          0          0          0          0          0   llsshr.o
        32          0          0          0          0          0   llushr.o
        36          0          0          0          0          0   memseta.o
      2270         90          0          0          0          0   printfa.o
         0          0          0          4          0          0   stdout.o
        44          0          0          0          0          0   uidiv.o
       104          0          0          0          0          0   uldiv.o
        48          0          0          0          0          0   cdrcmple.o
        56          0          0          0          0          0   d2f.o
       350          0          0          0          0          0   dadd.o
       222          0          0          0          0          0   ddiv.o
       186          0          0          0          0          0   depilogue.o
        48          0          0          0          0          0   dfixul.o
        26          0          0          0          0          0   dfltui.o
       234          0          0          0          0          0   dmul.o
        38          0          0          0          0          0   f2d.o
       110          0          0          0          0          0   fepilogue.o

    ----------------------------------------------------------------------
      3960        106          0          4          0          0   Library Totals
         4          0          0          0          0          0   (incl. Padding)

    ----------------------------------------------------------------------

      Code (inc. data)   RO Data    RW Data    ZI Data      Debug   Library Name

      2638        106          0          4          0          0   mc_w.l
      1318          0          0          0          0          0   mf_w.l

    ----------------------------------------------------------------------
      3960        106          0          4          0          0   Library Totals

    ----------------------------------------------------------------------

==============================================================================


      Code (inc. data)   RO Data    RW Data    ZI Data      Debug   

     14912        222        516         16       1344          0   Grand Totals
     14912        222        516         16       1344          0   ELF Image Totals
     14912        222        516         16          0          0   ROM Totals

==============================================================================

    Total RO  Size (Code + RO Data)                15428 (  15.07kB)
    Total RW  Size (RW Data + ZI Data)              1360 (   1.33kB)
    Total ROM Size (Code + RO Data + RW Data)      15444 (  15.08kB)

==============================================================================

